<html>
<body>
<pre>
<h1>µVision Build Log</h1>
<h2>Tool Versions:</h2>
IDE-Version: ¦ÌVision V5.39.0.0
Copyright (C) 2023 ARM Ltd and ARM Germany GmbH. All rights reserved.
License Information: 1111 4806094, HP Inc., LIC=MGXG8-3YG74-8YTVV-PVQHZ-7CGLL-BFJCC
 
Tool Versions:
Toolchain:       MDK-ARM Professional  Version: 5.39.0.0
Toolchain Path:  D:\keil5\ARM\ARMCC\Bin
C Compiler:      Armcc.exe V5.06 update 7 (build 960)
Assembler:       Armasm.exe V5.06 update 7 (build 960)
Linker/Locator:  ArmLink.exe V5.06 update 7 (build 960)
Library Manager: ArmAr.exe V5.06 update 7 (build 960)
Hex Converter:   FromElf.exe V5.06 update 7 (build 960)
CPU DLL:         SARMCM3.DLL V5.39.0.0
Dialog DLL:      DCM.DLL V1.17.5.0
Target DLL:      STLink\ST-LINKIII-KEIL_SWO.dll V3.2.0.0
Dialog DLL:      TCM.DLL V1.56.4.0
 
<h2>Project:</h2>
D:\warehouse\CmdDebug\CmdDebug\MDK-ARM\CmdDebug.uvprojx
Project File Date:  10/15/2024

<h2>Output:</h2>
*** Using Compiler 'V5.06 update 7 (build 960)', folder: 'D:\keil5\ARM\ARMCC\Bin'
Rebuild target 'CmdDebug'
assembling startup_stm32h723xx.s...
compiling rtc.c...
compiling freertos.c...
compiling usb_device.c...
compiling stm32h7xx_hal_pcd_ex.c...
compiling stm32h7xx_hal_timebase_tim.c...
compiling usbd_conf.c...
compiling usart.c...
compiling usbd_cdc_if.c...
compiling stm32h7xx_it.c...
compiling stm32h7xx_hal_pcd.c...
compiling gpio.c...
compiling stm32h7xx_hal_msp.c...
compiling usbd_desc.c...
compiling stm32h7xx_ll_usb.c...
compiling dma.c...
compiling main.c...
compiling stm32h7xx_hal_pwr.c...
compiling stm32h7xx_hal_hsem.c...
compiling stm32h7xx_hal_cortex.c...
compiling stm32h7xx_hal_rcc.c...
compiling stm32h7xx_hal_i2c_ex.c...
compiling stm32h7xx_hal_flash.c...
compiling stm32h7xx_hal_mdma.c...
compiling stm32h7xx_hal_exti.c...
compiling stm32h7xx_hal_gpio.c...
compiling stm32h7xx_hal_flash_ex.c...
compiling stm32h7xx_hal.c...
compiling stm32h7xx_hal_dma_ex.c...
compiling stm32h7xx_hal_pwr_ex.c...
compiling stm32h7xx_hal_i2c.c...
compiling stm32h7xx_hal_dma.c...
compiling stm32h7xx_hal_rcc_ex.c...
compiling stm32h7xx_hal_rtc.c...
compiling croutine.c...
compiling stm32h7xx_hal_rtc_ex.c...
compiling event_groups.c...
compiling list.c...
compiling queue.c...
compiling usbd_ioreq.c...
compiling stream_buffer.c...
compiling timers.c...
compiling tasks.c...
compiling heap_4.c...
compiling cmsis_os.c...
compiling port.c...
compiling stm32h7xx_hal_uart_ex.c...
compiling system_stm32h7xx.c...
compiling myusart.c...
compiling usbd_ctlreq.c...
compiling usbd_core.c...
compiling usbd_cdc.c...
compiling cmd.c...
compiling global.c...
compiling usart_task.c...
compiling cmd_task.c...
compiling stm32h7xx_hal_uart.c...
compiling stm32h7xx_hal_tim_ex.c...
compiling stm32h7xx_hal_tim.c...
compiling system.c...
linking...
Program Size: Code=41408 RO-data=852 RW-data=448 ZI-data=42992  
FromELF: creating hex file...
"CmdDebug\CmdDebug.axf" - 0 Error(s), 0 Warning(s).

<h2>Software Packages used:</h2>

Package Vendor: ARM
                http://www.keil.com/pack/ARM.CMSIS.5.9.0.pack
                ARM::CMSIS@5.9.0
                CMSIS (Common Microcontroller Software Interface Standard)
   * Component: CORE Version: 5.6.0

Package Vendor: Keil
                https://www.keil.com/pack/Keil.STM32H7xx_DFP.3.1.1.pack
                Keil::STM32H7xx_DFP@3.1.1
                STMicroelectronics STM32H7 Series Device Support and Examples

<h2>Collection of Component include folders:</h2>
  ./RTE/_CmdDebug
  D:/keil5/MDK_Pack/ARM/CMSIS/5.9.0/CMSIS/Core/Include
  D:/keil5/MDK_Pack/Keil/STM32H7xx_DFP/3.1.1/Drivers/CMSIS/Device/ST/STM32H7xx/Include

<h2>Collection of Component Files used:</h2>

   * Component: ARM::CMSIS:CORE@5.6.0
      Include file:  CMSIS/Core/Include/tz_context.h
Build Time Elapsed:  00:00:57
</pre>
</body>
</html>
