Component: ARM Compiler 5.06 update 7 (build 960) Tool: armlink [4d3601]

==============================================================================

Section Cross References

    startup_stm32h723xx.o(RESET) refers to startup_stm32h723xx.o(STACK) for __initial_sp
    startup_stm32h723xx.o(RESET) refers to startup_stm32h723xx.o(.text) for Reset_Handler
    startup_stm32h723xx.o(RESET) refers to stm32h7xx_it.o(i.NMI_Handler) for NMI_Handler
    startup_stm32h723xx.o(RESET) refers to stm32h7xx_it.o(i.HardFault_Handler) for HardFault_Handler
    startup_stm32h723xx.o(RESET) refers to stm32h7xx_it.o(i.MemManage_Handler) for MemManage_Handler
    startup_stm32h723xx.o(RESET) refers to stm32h7xx_it.o(i.BusFault_Handler) for BusFault_Handler
    startup_stm32h723xx.o(RESET) refers to stm32h7xx_it.o(i.UsageFault_Handler) for UsageFault_Handler
    startup_stm32h723xx.o(RESET) refers to port.o(.emb_text) for SVC_Handler
    startup_stm32h723xx.o(RESET) refers to stm32h7xx_it.o(i.DebugMon_Handler) for DebugMon_Handler
    startup_stm32h723xx.o(RESET) refers to port.o(i.SysTick_Handler) for SysTick_Handler
    startup_stm32h723xx.o(RESET) refers to stm32h7xx_it.o(i.DMA1_Stream0_IRQHandler) for DMA1_Stream0_IRQHandler
    startup_stm32h723xx.o(RESET) refers to stm32h7xx_it.o(i.USART1_IRQHandler) for USART1_IRQHandler
    startup_stm32h723xx.o(RESET) refers to stm32h7xx_it.o(i.OTG_HS_IRQHandler) for OTG_HS_IRQHandler
    startup_stm32h723xx.o(RESET) refers to stm32h7xx_it.o(i.TIM17_IRQHandler) for TIM17_IRQHandler
    startup_stm32h723xx.o(.text) refers to system_stm32h7xx.o(i.SystemInit) for SystemInit
    startup_stm32h723xx.o(.text) refers to entry.o(.ARM.Collect$$$$00000000) for __main
    main.o(i.HAL_TIM_PeriodElapsedCallback) refers to stm32h7xx_hal.o(i.HAL_IncTick) for HAL_IncTick
    main.o(i.HAL_TIM_PeriodElapsedCallback) refers to global.o(.data) for rtc_ms
    main.o(i.SystemClock_Config) refers to memseta.o(.text) for __aeabi_memclr4
    main.o(i.SystemClock_Config) refers to stm32h7xx_hal_pwr_ex.o(i.HAL_PWREx_ConfigSupply) for HAL_PWREx_ConfigSupply
    main.o(i.SystemClock_Config) refers to stm32h7xx_hal_rcc.o(i.HAL_RCC_OscConfig) for HAL_RCC_OscConfig
    main.o(i.SystemClock_Config) refers to stm32h7xx_hal_rcc.o(i.HAL_RCC_ClockConfig) for HAL_RCC_ClockConfig
    main.o(i.main) refers to stm32h7xx_hal.o(i.HAL_Init) for HAL_Init
    main.o(i.main) refers to main.o(i.SystemClock_Config) for SystemClock_Config
    main.o(i.main) refers to gpio.o(i.MX_GPIO_Init) for MX_GPIO_Init
    main.o(i.main) refers to dma.o(i.MX_DMA_Init) for MX_DMA_Init
    main.o(i.main) refers to rtc.o(i.MX_RTC_Init) for MX_RTC_Init
    main.o(i.main) refers to usart.o(i.MX_USART1_UART_Init) for MX_USART1_UART_Init
    main.o(i.main) refers to global.o(i.start_task_init) for start_task_init
    main.o(i.main) refers to freertos.o(i.MX_FREERTOS_Init) for MX_FREERTOS_Init
    main.o(i.main) refers to cmsis_os.o(i.osKernelStart) for osKernelStart
    freertos.o(i.MX_FREERTOS_Init) refers to memcpya.o(.text) for __aeabi_memcpy4
    freertos.o(i.MX_FREERTOS_Init) refers to cmsis_os.o(i.osThreadCreate) for osThreadCreate
    freertos.o(i.MX_FREERTOS_Init) refers to freertos.o(.constdata) for .constdata
    freertos.o(i.MX_FREERTOS_Init) refers to freertos.o(.data) for .data
    freertos.o(i.StartDefaultTask) refers to usb_device.o(i.MX_USB_DEVICE_Init) for MX_USB_DEVICE_Init
    freertos.o(i.StartDefaultTask) refers to cmsis_os.o(i.osDelay) for osDelay
    freertos.o(.constdata) refers to freertos.o(.conststring) for .conststring
    freertos.o(.constdata) refers to freertos.o(i.StartDefaultTask) for StartDefaultTask
    dma.o(i.MX_DMA_Init) refers to stm32h7xx_hal_cortex.o(i.HAL_NVIC_SetPriority) for HAL_NVIC_SetPriority
    dma.o(i.MX_DMA_Init) refers to stm32h7xx_hal_cortex.o(i.HAL_NVIC_EnableIRQ) for HAL_NVIC_EnableIRQ
    rtc.o(i.HAL_RTC_MspInit) refers to memseta.o(.text) for __aeabi_memclr4
    rtc.o(i.HAL_RTC_MspInit) refers to stm32h7xx_hal_rcc_ex.o(i.HAL_RCCEx_PeriphCLKConfig) for HAL_RCCEx_PeriphCLKConfig
    rtc.o(i.HAL_RTC_MspInit) refers to main.o(i.Error_Handler) for Error_Handler
    rtc.o(i.MX_RTC_Init) refers to memseta.o(.text) for __aeabi_memclr4
    rtc.o(i.MX_RTC_Init) refers to stm32h7xx_hal_rtc.o(i.HAL_RTC_Init) for HAL_RTC_Init
    rtc.o(i.MX_RTC_Init) refers to main.o(i.Error_Handler) for Error_Handler
    rtc.o(i.MX_RTC_Init) refers to stm32h7xx_hal_rtc.o(i.HAL_RTC_SetTime) for HAL_RTC_SetTime
    rtc.o(i.MX_RTC_Init) refers to stm32h7xx_hal_rtc.o(i.HAL_RTC_SetDate) for HAL_RTC_SetDate
    rtc.o(i.MX_RTC_Init) refers to rtc.o(.bss) for .bss
    usart.o(i.HAL_UART_MspDeInit) refers to stm32h7xx_hal_gpio.o(i.HAL_GPIO_DeInit) for HAL_GPIO_DeInit
    usart.o(i.HAL_UART_MspDeInit) refers to stm32h7xx_hal_dma.o(i.HAL_DMA_DeInit) for HAL_DMA_DeInit
    usart.o(i.HAL_UART_MspDeInit) refers to stm32h7xx_hal_cortex.o(i.HAL_NVIC_DisableIRQ) for HAL_NVIC_DisableIRQ
[...]
    SPI6_IRQHandler                          0x080003bf   Thumb Code     0  startup_stm32h723xx.o(.text)
    SWPMI1_IRQHandler                        0x080003bf   Thumb Code     0  startup_stm32h723xx.o(.text)
    TAMP_STAMP_IRQHandler                    0x080003bf   Thumb Code     0  startup_stm32h723xx.o(.text)
    TIM15_IRQHandler                         0x080003bf   Thumb Code     0  startup_stm32h723xx.o(.text)
    TIM16_IRQHandler                         0x080003bf   Thumb Code     0  startup_stm32h723xx.o(.text)
    TIM1_BRK_IRQHandler                      0x080003bf   Thumb Code     0  startup_stm32h723xx.o(.text)
    TIM1_CC_IRQHandler                       0x080003bf   Thumb Code     0  startup_stm32h723xx.o(.text)
    TIM1_TRG_COM_IRQHandler                  0x080003bf   Thumb Code     0  startup_stm32h723xx.o(.text)
    TIM1_UP_IRQHandler                       0x080003bf   Thumb Code     0  startup_stm32h723xx.o(.text)
    TIM23_IRQHandler                         0x080003bf   Thumb Code     0  startup_stm32h723xx.o(.text)
    TIM24_IRQHandler                         0x080003bf   Thumb Code     0  startup_stm32h723xx.o(.text)
    TIM2_IRQHandler                          0x080003bf   Thumb Code     0  startup_stm32h723xx.o(.text)
    TIM3_IRQHandler                          0x080003bf   Thumb Code     0  startup_stm32h723xx.o(.text)
    TIM4_IRQHandler                          0x080003bf   Thumb Code     0  startup_stm32h723xx.o(.text)
    TIM5_IRQHandler                          0x080003bf   Thumb Code     0  startup_stm32h723xx.o(.text)
    TIM6_DAC_IRQHandler                      0x080003bf   Thumb Code     0  startup_stm32h723xx.o(.text)
    TIM7_IRQHandler                          0x080003bf   Thumb Code     0  startup_stm32h723xx.o(.text)
    TIM8_BRK_TIM12_IRQHandler                0x080003bf   Thumb Code     0  startup_stm32h723xx.o(.text)
    TIM8_CC_IRQHandler                       0x080003bf   Thumb Code     0  startup_stm32h723xx.o(.text)
    TIM8_TRG_COM_TIM14_IRQHandler            0x080003bf   Thumb Code     0  startup_stm32h723xx.o(.text)
    TIM8_UP_TIM13_IRQHandler                 0x080003bf   Thumb Code     0  startup_stm32h723xx.o(.text)
    UART4_IRQHandler                         0x080003bf   Thumb Code     0  startup_stm32h723xx.o(.text)
    UART5_IRQHandler                         0x080003bf   Thumb Code     0  startup_stm32h723xx.o(.text)
    UART7_IRQHandler                         0x080003bf   Thumb Code     0  startup_stm32h723xx.o(.text)
    UART8_IRQHandler                         0x080003bf   Thumb Code     0  startup_stm32h723xx.o(.text)
    UART9_IRQHandler                         0x080003bf   Thumb Code     0  startup_stm32h723xx.o(.text)
    USART10_IRQHandler                       0x080003bf   Thumb Code     0  startup_stm32h723xx.o(.text)
    USART2_IRQHandler                        0x080003bf   Thumb Code     0  startup_stm32h723xx.o(.text)
    USART3_IRQHandler                        0x080003bf   Thumb Code     0  startup_stm32h723xx.o(.text)
    USART6_IRQHandler                        0x080003bf   Thumb Code     0  startup_stm32h723xx.o(.text)
    WAKEUP_PIN_IRQHandler                    0x080003bf   Thumb Code     0  startup_stm32h723xx.o(.text)
    WWDG_IRQHandler                          0x080003bf   Thumb Code     0  startup_stm32h723xx.o(.text)
    __aeabi_uldivmod                         0x080003c9   Thumb Code    98  uldiv.o(.text)
    __aeabi_memcpy                           0x0800042b   Thumb Code    36  memcpya.o(.text)
    __aeabi_memcpy4                          0x0800042b   Thumb Code     0  memcpya.o(.text)
    __aeabi_memcpy8                          0x0800042b   Thumb Code     0  memcpya.o(.text)
    __aeabi_memset                           0x0800044f   Thumb Code    14  memseta.o(.text)
    __aeabi_memset4                          0x0800044f   Thumb Code     0  memseta.o(.text)
    __aeabi_memset8                          0x0800044f   Thumb Code     0  memseta.o(.text)
    __aeabi_memclr                           0x0800045d   Thumb Code     4  memseta.o(.text)
    __aeabi_memclr4                          0x0800045d   Thumb Code     0  memseta.o(.text)
    __aeabi_memclr8                          0x0800045d   Thumb Code     0  memseta.o(.text)
    memset                                   0x08000461   Thumb Code    18  memseta.o(.text)
    strlen                                   0x08000473   Thumb Code    14  strlen.o(.text)
    strcpy                                   0x08000481   Thumb Code    18  strcpy.o(.text)
    strncmp                                  0x08000493   Thumb Code    30  strncmp.o(.text)
    __aeabi_uidiv                            0x080004b1   Thumb Code     0  uidiv.o(.text)
    __aeabi_uidivmod                         0x080004b1   Thumb Code    44  uidiv.o(.text)
    __aeabi_llsl                             0x080004dd   Thumb Code    30  llshl.o(.text)
    _ll_shift_l                              0x080004dd   Thumb Code     0  llshl.o(.text)
    __aeabi_llsr                             0x080004fb   Thumb Code    32  llushr.o(.text)
    _ll_ushift_r                             0x080004fb   Thumb Code     0  llushr.o(.text)
    __I$use$fp                               0x0800051b   Thumb Code     0  iusefp.o(.text)
    __aeabi_dadd                             0x0800051b   Thumb Code   322  dadd.o(.text)
    __aeabi_dsub                             0x0800065d   Thumb Code     6  dadd.o(.text)
    __aeabi_drsub                            0x08000663   Thumb Code     6  dadd.o(.text)
    __aeabi_dmul                             0x08000669   Thumb Code   228  dmul.o(.text)
    __aeabi_ddiv                             0x0800074d   Thumb Code   222  ddiv.o(.text)
    __aeabi_d2ulz                            0x0800082b   Thumb Code    48  dfixul.o(.text)
    __aeabi_cdrcmple                         0x0800085d   Thumb Code    48  cdrcmple.o(.text)
    __scatterload                            0x0800088d   Thumb Code    28  init.o(.text)
    __scatterload_rt2                        0x0800088d   Thumb Code     0  init.o(.text)
    __aeabi_lasr                             0x080008b1   Thumb Code    36  llsshr.o(.text)
    _ll_sshift_r                             0x080008b1   Thumb Code     0  llsshr.o(.text)
    _double_round                            0x080008d5   Thumb Code    30  depilogue.o(.text)
    _double_epilogue                         0x080008f3   Thumb Code   156  depilogue.o(.text)
    __decompress                             0x0800098f   Thumb Code     0  __dczerorl2.o(.text)
    __decompress1                            0x0800098f   Thumb Code    86  __dczerorl2.o(.text)
    BusFault_Handler                         0x080009e5   Thumb Code     2  stm32h7xx_it.o(i.BusFault_Handler)
    DMA1_Stream0_IRQHandler                  0x08000a31   Thumb Code     6  stm32h7xx_it.o(i.DMA1_Stream0_IRQHandler)
    DebugMon_Handler                         0x08000e75   Thumb Code     2  stm32h7xx_it.o(i.DebugMon_Handler)
    Error_Handler                            0x08000e77   Thumb Code     4  main.o(i.Error_Handler)
    HAL_DMA_Abort                            0x08000e7d   Thumb Code   836  stm32h7xx_hal_dma.o(i.HAL_DMA_Abort)
    HAL_DMA_Abort_IT                         0x080011dd   Thumb Code   602  stm32h7xx_hal_dma.o(i.HAL_DMA_Abort_IT)
    HAL_DMA_GetError                         0x08001461   Thumb Code     4  stm32h7xx_hal_dma.o(i.HAL_DMA_GetError)
    HAL_DMA_IRQHandler                       0x08001465   Thumb Code  1756  stm32h7xx_hal_dma.o(i.HAL_DMA_IRQHandler)
    HAL_DMA_Init                             0x08001b4d   Thumb Code   922  stm32h7xx_hal_dma.o(i.HAL_DMA_Init)
    HAL_DMA_Start_IT                         0x08001f09   Thumb Code   628  stm32h7xx_hal_dma.o(i.HAL_DMA_Start_IT)
    HAL_Delay                                0x080021a5   Thumb Code    32  stm32h7xx_hal.o(i.HAL_Delay)
    HAL_GPIO_Init                            0x080021c9   Thumb Code   496  stm32h7xx_hal_gpio.o(i.HAL_GPIO_Init)
    HAL_GetTick                              0x080023e5   Thumb Code     6  stm32h7xx_hal.o(i.HAL_GetTick)
    HAL_IncTick                              0x080023f1   Thumb Code    12  stm32h7xx_hal.o(i.HAL_IncTick)
    HAL_Init                                 0x08002401   Thumb Code    74  stm32h7xx_hal.o(i.HAL_Init)
    HAL_InitTick                             0x0800245d   Thumb Code   110  stm32h7xx_hal_timebase_tim.o(i.HAL_InitTick)
    HAL_MspInit                              0x080024e1   Thumb Code    32  stm32h7xx_hal_msp.o(i.HAL_MspInit)
    HAL_NVIC_EnableIRQ                       0x08002505   Thumb Code    26  stm32h7xx_hal_cortex.o(i.HAL_NVIC_EnableIRQ)
    HAL_NVIC_SetPriority                     0x08002521   Thumb Code    60  stm32h7xx_hal_cortex.o(i.HAL_NVIC_SetPriority)
    HAL_NVIC_SetPriorityGrouping             0x08002561   Thumb Code    28  stm32h7xx_hal_cortex.o(i.HAL_NVIC_SetPriorityGrouping)
    HAL_NVIC_SystemReset                     0x08002585   Thumb Code    26  stm32h7xx_hal_cortex.o(i.HAL_NVIC_SystemReset)
    HAL_PCDEx_ActivateLPM                    0x080025a9   Thumb Code    34  stm32h7xx_hal_pcd_ex.o(i.HAL_PCDEx_ActivateLPM)
    HAL_PCDEx_LPM_Callback                   0x080025d1   Thumb Code     2  stm32h7xx_hal_pcd_ex.o(i.HAL_PCDEx_LPM_Callback)
    HAL_PCDEx_SetRxFiFo                      0x080025d3   Thumb Code     8  stm32h7xx_hal_pcd_ex.o(i.HAL_PCDEx_SetRxFiFo)
    HAL_PCDEx_SetTxFiFo                      0x080025db   Thumb Code    70  stm32h7xx_hal_pcd_ex.o(i.HAL_PCDEx_SetTxFiFo)
    HAL_PCD_ConnectCallback                  0x08002621   Thumb Code     8  usbd_conf.o(i.HAL_PCD_ConnectCallback)
    HAL_PCD_DataInStageCallback              0x08002629   Thumb Code    18  usbd_conf.o(i.HAL_PCD_DataInStageCallback)
    HAL_PCD_DataOutStageCallback             0x0800263b   Thumb Code    20  usbd_conf.o(i.HAL_PCD_DataOutStageCallback)
    HAL_PCD_DisconnectCallback               0x0800264f   Thumb Code     8  usbd_conf.o(i.HAL_PCD_DisconnectCallback)
    HAL_PCD_EP_Abort                         0x08002657   Thumb Code    30  stm32h7xx_hal_pcd.o(i.HAL_PCD_EP_Abort)
    HAL_PCD_EP_Close                         0x08002675   Thumb Code    74  stm32h7xx_hal_pcd.o(i.HAL_PCD_EP_Close)
    HAL_PCD_EP_ClrStall                      0x080026bf   Thumb Code    90  stm32h7xx_hal_pcd.o(i.HAL_PCD_EP_ClrStall)
    HAL_PCD_EP_GetRxCount                    0x08002719   Thumb Code    18  stm32h7xx_hal_pcd.o(i.HAL_PCD_EP_GetRxCount)
    HAL_PCD_EP_Open                          0x0800272b   Thumb Code    94  stm32h7xx_hal_pcd.o(i.HAL_PCD_EP_Open)
    HAL_PCD_EP_Receive                       0x08002789   Thumb Code    52  stm32h7xx_hal_pcd.o(i.HAL_PCD_EP_Receive)
    HAL_PCD_EP_SetStall                      0x080027bd   Thumb Code   114  stm32h7xx_hal_pcd.o(i.HAL_PCD_EP_SetStall)
    HAL_PCD_EP_Transmit                      0x0800282f   Thumb Code    52  stm32h7xx_hal_pcd.o(i.HAL_PCD_EP_Transmit)
    HAL_PCD_IRQHandler                       0x08002865   Thumb Code  1428  stm32h7xx_hal_pcd.o(i.HAL_PCD_IRQHandler)
    HAL_PCD_ISOINIncompleteCallback          0x08002df9   Thumb Code     8  usbd_conf.o(i.HAL_PCD_ISOINIncompleteCallback)
    HAL_PCD_ISOOUTIncompleteCallback         0x08002e01   Thumb Code     8  usbd_conf.o(i.HAL_PCD_ISOOUTIncompleteCallback)
    HAL_PCD_Init                             0x08002e09   Thumb Code   204  stm32h7xx_hal_pcd.o(i.HAL_PCD_Init)
    HAL_PCD_MspInit                          0x08002ed5   Thumb Code    92  usbd_conf.o(i.HAL_PCD_MspInit)
    HAL_PCD_ResetCallback                    0x08002f39   Thumb Code    44  usbd_conf.o(i.HAL_PCD_ResetCallback)
    HAL_PCD_ResumeCallback                   0x08002f65   Thumb Code     8  usbd_conf.o(i.HAL_PCD_ResumeCallback)
    HAL_PCD_SOFCallback                      0x08002f6d   Thumb Code     8  usbd_conf.o(i.HAL_PCD_SOFCallback)
    HAL_PCD_SetAddress                       0x08002f75   Thumb Code    38  stm32h7xx_hal_pcd.o(i.HAL_PCD_SetAddress)
    HAL_PCD_SetupStageCallback               0x08002f9b   Thumb Code    14  usbd_conf.o(i.HAL_PCD_SetupStageCallback)
    HAL_PCD_Start                            0x08002fa9   Thumb Code    66  stm32h7xx_hal_pcd.o(i.HAL_PCD_Start)
    HAL_PCD_SuspendCallback                  0x08002fed   Thumb Code    44  usbd_conf.o(i.HAL_PCD_SuspendCallback)
    HAL_PWREx_ConfigSupply                   0x0800301d   Thumb Code    78  stm32h7xx_hal_pwr_ex.o(i.HAL_PWREx_ConfigSupply)
    HAL_PWREx_EnableUSBVoltageDetector       0x08003071   Thumb Code    12  stm32h7xx_hal_pwr_ex.o(i.HAL_PWREx_EnableUSBVoltageDetector)
    HAL_RCCEx_GetD3PCLK1Freq                 0x08003081   Thumb Code    26  stm32h7xx_hal_rcc_ex.o(i.HAL_RCCEx_GetD3PCLK1Freq)
    HAL_RCCEx_GetPLL2ClockFreq               0x080030a5   Thumb Code   296  stm32h7xx_hal_rcc_ex.o(i.HAL_RCCEx_GetPLL2ClockFreq)
    HAL_RCCEx_GetPLL3ClockFreq               0x080031e9   Thumb Code   296  stm32h7xx_hal_rcc_ex.o(i.HAL_RCCEx_GetPLL3ClockFreq)
    HAL_RCCEx_PeriphCLKConfig                0x0800332d   Thumb Code  2362  stm32h7xx_hal_rcc_ex.o(i.HAL_RCCEx_PeriphCLKConfig)
    HAL_RCC_ClockConfig                      0x08003c69   Thumb Code   580  stm32h7xx_hal_rcc.o(i.HAL_RCC_ClockConfig)
    HAL_RCC_GetClockConfig                   0x08003ec5   Thumb Code    84  stm32h7xx_hal_rcc.o(i.HAL_RCC_GetClockConfig)
    HAL_RCC_GetHCLKFreq                      0x08003f21   Thumb Code    52  stm32h7xx_hal_rcc.o(i.HAL_RCC_GetHCLKFreq)
    HAL_RCC_GetPCLK1Freq                     0x08003f65   Thumb Code    26  stm32h7xx_hal_rcc.o(i.HAL_RCC_GetPCLK1Freq)
    HAL_RCC_GetPCLK2Freq                     0x08003f89   Thumb Code    26  stm32h7xx_hal_rcc.o(i.HAL_RCC_GetPCLK2Freq)
    HAL_RCC_GetSysClockFreq                  0x08003fad   Thumb Code   278  stm32h7xx_hal_rcc.o(i.HAL_RCC_GetSysClockFreq)
    HAL_RCC_OscConfig                        0x080040e5   Thumb Code  1318  stm32h7xx_hal_rcc.o(i.HAL_RCC_OscConfig)
    HAL_RTC_GetDate                          0x0800460d   Thumb Code    68  stm32h7xx_hal_rtc.o(i.HAL_RTC_GetDate)
    HAL_RTC_GetTime                          0x08004655   Thumb Code    84  stm32h7xx_hal_rtc.o(i.HAL_RTC_GetTime)
    HAL_RTC_Init                             0x080046ad   Thumb Code   154  stm32h7xx_hal_rtc.o(i.HAL_RTC_Init)
    HAL_RTC_MspInit                          0x0800474d   Thumb Code    60  rtc.o(i.HAL_RTC_MspInit)
    HAL_RTC_SetDate                          0x08004791   Thumb Code   154  stm32h7xx_hal_rtc.o(i.HAL_RTC_SetDate)
    HAL_RTC_SetTime                          0x08004831   Thumb Code   202  stm32h7xx_hal_rtc.o(i.HAL_RTC_SetTime)
    HAL_RTC_WaitForSynchro                   0x08004901   Thumb Code    50  stm32h7xx_hal_rtc.o(i.HAL_RTC_WaitForSynchro)
    HAL_TIMEx_Break2Callback                 0x08004939   Thumb Code     2  stm32h7xx_hal_tim_ex.o(i.HAL_TIMEx_Break2Callback)
    HAL_TIMEx_BreakCallback                  0x0800493b   Thumb Code     2  stm32h7xx_hal_tim_ex.o(i.HAL_TIMEx_BreakCallback)
    HAL_TIMEx_CommutCallback                 0x0800493d   Thumb Code     2  stm32h7xx_hal_tim_ex.o(i.HAL_TIMEx_CommutCallback)
    HAL_TIM_Base_Init                        0x0800493f   Thumb Code    98  stm32h7xx_hal_tim.o(i.HAL_TIM_Base_Init)
    HAL_TIM_Base_MspInit                     0x080049a1   Thumb Code     2  stm32h7xx_hal_tim.o(i.HAL_TIM_Base_MspInit)
    HAL_TIM_Base_Start_IT                    0x080049a5   Thumb Code   118  stm32h7xx_hal_tim.o(i.HAL_TIM_Base_Start_IT)
    HAL_TIM_IC_CaptureCallback               0x08004a45   Thumb Code     2  stm32h7xx_hal_tim.o(i.HAL_TIM_IC_CaptureCallback)
    HAL_TIM_IRQHandler                       0x08004a47   Thumb Code   328  stm32h7xx_hal_tim.o(i.HAL_TIM_IRQHandler)
    HAL_TIM_OC_DelayElapsedCallback          0x08004b8f   Thumb Code     2  stm32h7xx_hal_tim.o(i.HAL_TIM_OC_DelayElapsedCallback)
    HAL_TIM_PWM_PulseFinishedCallback        0x08004b91   Thumb Code     2  stm32h7xx_hal_tim.o(i.HAL_TIM_PWM_PulseFinishedCallback)
    HAL_TIM_PeriodElapsedCallback            0x08004b95   Thumb Code    24  main.o(i.HAL_TIM_PeriodElapsedCallback)
    HAL_TIM_TriggerCallback                  0x08004bb5   Thumb Code     2  stm32h7xx_hal_tim.o(i.HAL_TIM_TriggerCallback)
    HAL_UARTEx_DisableFifoMode               0x08004bb7   Thumb Code    64  stm32h7xx_hal_uart_ex.o(i.HAL_UARTEx_DisableFifoMode)
    HAL_UARTEx_RxEventCallback               0x08004bf7   Thumb Code     2  stm32h7xx_hal_uart.o(i.HAL_UARTEx_RxEventCallback)
    HAL_UARTEx_RxFifoFullCallback            0x08004bf9   Thumb Code     2  stm32h7xx_hal_uart_ex.o(i.HAL_UARTEx_RxFifoFullCallback)
    HAL_UARTEx_SetRxFifoThreshold            0x08004bfb   Thumb Code    76  stm32h7xx_hal_uart_ex.o(i.HAL_UARTEx_SetRxFifoThreshold)
    HAL_UARTEx_SetTxFifoThreshold            0x08004c47   Thumb Code    76  stm32h7xx_hal_uart_ex.o(i.HAL_UARTEx_SetTxFifoThreshold)
    HAL_UARTEx_TxFifoEmptyCallback           0x08004c93   Thumb Code     2  stm32h7xx_hal_uart_ex.o(i.HAL_UARTEx_TxFifoEmptyCallback)
    HAL_UARTEx_WakeupCallback                0x08004c95   Thumb Code     2  stm32h7xx_hal_uart_ex.o(i.HAL_UARTEx_WakeupCallback)
    HAL_UART_DMAStop                         0x08004c97   Thumb Code   146  stm32h7xx_hal_uart.o(i.HAL_UART_DMAStop)
    HAL_UART_ErrorCallback                   0x08004d29   Thumb Code     2  stm32h7xx_hal_uart.o(i.HAL_UART_ErrorCallback)
    HAL_UART_IRQHandler                      0x08004d2d   Thumb Code   878  stm32h7xx_hal_uart.o(i.HAL_UART_IRQHandler)
    HAL_UART_Init                            0x080050b5   Thumb Code   106  stm32h7xx_hal_uart.o(i.HAL_UART_Init)
    HAL_UART_MspInit                         0x08005121   Thumb Code   182  usart.o(i.HAL_UART_MspInit)
    HAL_UART_Receive_DMA                     0x080051ed   Thumb Code    66  stm32h7xx_hal_uart.o(i.HAL_UART_Receive_DMA)
    HAL_UART_RxCpltCallback                  0x08005235   Thumb Code     2  stm32h7xx_hal_uart.o(i.HAL_UART_RxCpltCallback)
    HAL_UART_RxHalfCpltCallback              0x08005237   Thumb Code     2  stm32h7xx_hal_uart.o(i.HAL_UART_RxHalfCpltCallback)
    HAL_UART_Transmit                        0x08005239   Thumb Code   176  stm32h7xx_hal_uart.o(i.HAL_UART_Transmit)
    HAL_UART_TxCpltCallback                  0x080052e9   Thumb Code     2  stm32h7xx_hal_uart.o(i.HAL_UART_TxCpltCallback)
    HardFault_Handler                        0x080052eb   Thumb Code     2  stm32h7xx_it.o(i.HardFault_Handler)
    MX_DMA_Init                              0x08005325   Thumb Code    40  dma.o(i.MX_DMA_Init)
    MX_FREERTOS_Init                         0x08005351   Thumb Code    30  freertos.o(i.MX_FREERTOS_Init)
    MX_GPIO_Init                             0x08005379   Thumb Code    38  gpio.o(i.MX_GPIO_Init)
    MX_RTC_Init                              0x080053a5   Thumb Code   122  rtc.o(i.MX_RTC_Init)
    MX_USART1_UART_Init                      0x08005429   Thumb Code    94  usart.o(i.MX_USART1_UART_Init)
    MX_USB_DEVICE_Init                       0x08005491   Thumb Code    66  usb_device.o(i.MX_USB_DEVICE_Init)
    MemManage_Handler                        0x080054e5   Thumb Code     2  stm32h7xx_it.o(i.MemManage_Handler)
    NMI_Handler                              0x080054e7   Thumb Code     2  stm32h7xx_it.o(i.NMI_Handler)
    OTG_HS_IRQHandler                        0x080054e9   Thumb Code     6  stm32h7xx_it.o(i.OTG_HS_IRQHandler)
    RTC_Bcd2ToByte                           0x080058a5   Thumb Code    18  stm32h7xx_hal_rtc.o(i.RTC_Bcd2ToByte)
    RTC_ByteToBcd2                           0x080058b7   Thumb Code    24  stm32h7xx_hal_rtc.o(i.RTC_ByteToBcd2)
    RTC_EnterInitMode                        0x080058d1   Thumb Code    70  stm32h7xx_hal_rtc.o(i.RTC_EnterInitMode)
    RTC_ExitInitMode                         0x08005919   Thumb Code    78  stm32h7xx_hal_rtc.o(i.RTC_ExitInitMode)
    StartDefaultTask                         0x08005977   Thumb Code    12  freertos.o(i.StartDefaultTask)
    SysTick_Handler                          0x08005985   Thumb Code    38  port.o(i.SysTick_Handler)
    SystemClock_Config                       0x080059b1   Thumb Code   150  main.o(i.SystemClock_Config)
    SystemInit                               0x08005a4d   Thumb Code   158  system_stm32h7xx.o(i.SystemInit)
    TIM17_IRQHandler                         0x08005b0d   Thumb Code     6  stm32h7xx_it.o(i.TIM17_IRQHandler)
    TIM_Base_SetConfig                       0x08005b19   Thumb Code   188  stm32h7xx_hal_tim.o(i.TIM_Base_SetConfig)
    UART_AdvFeatureConfig                    0x08005c41   Thumb Code   200  stm32h7xx_hal_uart.o(i.UART_AdvFeatureConfig)
    UART_CheckIdleState                      0x08005d09   Thumb Code   170  stm32h7xx_hal_uart.o(i.UART_CheckIdleState)
    UART_SetConfig                           0x08005f3d   Thumb Code   914  stm32h7xx_hal_uart.o(i.UART_SetConfig)
    UART_Start_Receive_DMA                   0x08006319   Thumb Code   156  stm32h7xx_hal_uart.o(i.UART_Start_Receive_DMA)
    UART_WaitOnFlagUntilTimeout              0x080063c1   Thumb Code   148  stm32h7xx_hal_uart.o(i.UART_WaitOnFlagUntilTimeout)
    USART1_IRQHandler                        0x08006455   Thumb Code    18  stm32h7xx_it.o(i.USART1_IRQHandler)
    USBD_CDC_GetDeviceQualifierDescriptor    0x080065ed   Thumb Code     8  usbd_cdc.o(i.USBD_CDC_GetDeviceQualifierDescriptor)
    USBD_CDC_ReceivePacket                   0x080067d5   Thumb Code    50  usbd_cdc.o(i.USBD_CDC_ReceivePacket)
    USBD_CDC_RegisterInterface               0x0800680d   Thumb Code    22  usbd_cdc.o(i.USBD_CDC_RegisterInterface)
    USBD_CDC_SetRxBuffer                     0x08006823   Thumb Code    26  usbd_cdc.o(i.USBD_CDC_SetRxBuffer)
    USBD_CDC_SetTxBuffer                     0x0800683d   Thumb Code    30  usbd_cdc.o(i.USBD_CDC_SetTxBuffer)
    USBD_ClrClassConfig                      0x08006929   Thumb Code    20  usbd_core.o(i.USBD_ClrClassConfig)
    USBD_CoreFindEP                          0x0800693d   Thumb Code     4  usbd_core.o(i.USBD_CoreFindEP)
    USBD_CoreFindIF                          0x08006941   Thumb Code     4  usbd_core.o(i.USBD_CoreFindIF)
    USBD_CtlContinueRx                       0x08006945   Thumb Code    16  usbd_ioreq.o(i.USBD_CtlContinueRx)
    USBD_CtlContinueSendData                 0x08006955   Thumb Code    16  usbd_ioreq.o(i.USBD_CtlContinueSendData)
    USBD_CtlError                            0x08006965   Thumb Code    22  usbd_ctlreq.o(i.USBD_CtlError)
    USBD_CtlPrepareRx                        0x0800697b   Thumb Code    30  usbd_ioreq.o(i.USBD_CtlPrepareRx)
    USBD_CtlReceiveStatus                    0x08006999   Thumb Code    22  usbd_ioreq.o(i.USBD_CtlReceiveStatus)
    USBD_CtlSendData                         0x080069af   Thumb Code    26  usbd_ioreq.o(i.USBD_CtlSendData)
    USBD_CtlSendStatus                       0x080069c9   Thumb Code    22  usbd_ioreq.o(i.USBD_CtlSendStatus)
    USBD_GetEpDesc                           0x08006ad9   Thumb Code    58  usbd_core.o(i.USBD_GetEpDesc)
    USBD_GetNextDesc                         0x08006b27   Thumb Code    14  usbd_core.o(i.USBD_GetNextDesc)
    USBD_GetString                           0x08006b35   Thumb Code    78  usbd_ctlreq.o(i.USBD_GetString)
    USBD_Get_USB_Status                      0x08006b83   Thumb Code    24  usbd_conf.o(i.USBD_Get_USB_Status)
    USBD_HS_ConfigStrDescriptor              0x08006b9d   Thumb Code    16  usbd_desc.o(i.USBD_HS_ConfigStrDescriptor)
    USBD_HS_DeviceDescriptor                 0x08006bbd   Thumb Code     8  usbd_desc.o(i.USBD_HS_DeviceDescriptor)
    USBD_HS_InterfaceStrDescriptor           0x08006bc9   Thumb Code    16  usbd_desc.o(i.USBD_HS_InterfaceStrDescriptor)
    USBD_HS_LangIDStrDescriptor              0x08006bed   Thumb Code     8  usbd_desc.o(i.USBD_HS_LangIDStrDescriptor)
    USBD_HS_ManufacturerStrDescriptor        0x08006bf9   Thumb Code    16  usbd_desc.o(i.USBD_HS_ManufacturerStrDescriptor)
    USBD_HS_ProductStrDescriptor             0x08006c21   Thumb Code    16  usbd_desc.o(i.USBD_HS_ProductStrDescriptor)
    USBD_HS_SerialStrDescriptor              0x08006c4d   Thumb Code    36  usbd_desc.o(i.USBD_HS_SerialStrDescriptor)
    USBD_Init                                0x08006c75   Thumb Code    38  usbd_core.o(i.USBD_Init)
    USBD_LL_ClearStallEP                     0x08006c9b   Thumb Code    18  usbd_conf.o(i.USBD_LL_ClearStallEP)
    USBD_LL_CloseEP                          0x08006cad   Thumb Code    18  usbd_conf.o(i.USBD_LL_CloseEP)
    USBD_LL_DataInStage                      0x08006cbf   Thumb Code   184  usbd_core.o(i.USBD_LL_DataInStage)
    USBD_LL_DataOutStage                     0x08006d77   Thumb Code   144  usbd_core.o(i.USBD_LL_DataOutStage)
    USBD_LL_DevConnected                     0x08006e07   Thumb Code     4  usbd_core.o(i.USBD_LL_DevConnected)
    USBD_LL_DevDisconnected                  0x08006e0b   Thumb Code    32  usbd_core.o(i.USBD_LL_DevDisconnected)
    USBD_LL_GetRxDataSize                    0x08006e2b   Thumb Code     8  usbd_conf.o(i.USBD_LL_GetRxDataSize)
    USBD_LL_Init                             0x08006e35   Thumb Code    96  usbd_conf.o(i.USBD_LL_Init)
    USBD_LL_IsStallEP                        0x08006e9d   Thumb Code    30  usbd_conf.o(i.USBD_LL_IsStallEP)
    USBD_LL_IsoINIncomplete                  0x08006ebb   Thumb Code    40  usbd_core.o(i.USBD_LL_IsoINIncomplete)
    USBD_LL_IsoOUTIncomplete                 0x08006ee3   Thumb Code    40  usbd_core.o(i.USBD_LL_IsoOUTIncomplete)
    USBD_LL_OpenEP                           0x08006f0b   Thumb Code    24  usbd_conf.o(i.USBD_LL_OpenEP)
    USBD_LL_PrepareReceive                   0x08006f23   Thumb Code    18  usbd_conf.o(i.USBD_LL_PrepareReceive)
    USBD_LL_Reset                            0x08006f35   Thumb Code    94  usbd_core.o(i.USBD_LL_Reset)
    USBD_LL_Resume                           0x08006f93   Thumb Code    20  usbd_core.o(i.USBD_LL_Resume)
    USBD_LL_SOF                              0x08006fa7   Thumb Code    26  usbd_core.o(i.USBD_LL_SOF)
    USBD_LL_SetSpeed                         0x08006fc1   Thumb Code     6  usbd_core.o(i.USBD_LL_SetSpeed)
    USBD_LL_SetUSBAddress                    0x08006fc7   Thumb Code    18  usbd_conf.o(i.USBD_LL_SetUSBAddress)
    USBD_LL_SetupStage                       0x08006fd9   Thumb Code    96  usbd_core.o(i.USBD_LL_SetupStage)
    USBD_LL_StallEP                          0x08007039   Thumb Code    18  usbd_conf.o(i.USBD_LL_StallEP)
    USBD_LL_Start                            0x0800704b   Thumb Code    18  usbd_conf.o(i.USBD_LL_Start)
    USBD_LL_Suspend                          0x0800705d   Thumb Code    26  usbd_core.o(i.USBD_LL_Suspend)
    USBD_LL_Transmit                         0x08007077   Thumb Code    18  usbd_conf.o(i.USBD_LL_Transmit)
    USBD_ParseSetupRequest                   0x08007089   Thumb Code    42  usbd_ctlreq.o(i.USBD_ParseSetupRequest)
    USBD_RegisterClass                       0x080070b3   Thumb Code    58  usbd_core.o(i.USBD_RegisterClass)
    USBD_SetClassConfig                      0x080070ed   Thumb Code    20  usbd_core.o(i.USBD_SetClassConfig)
    USBD_Start                               0x080071bd   Thumb Code     4  usbd_core.o(i.USBD_Start)
    USBD_StdDevReq                           0x080071c1   Thumb Code   302  usbd_ctlreq.o(i.USBD_StdDevReq)
    USBD_StdEPReq                            0x080072ef   Thumb Code   356  usbd_ctlreq.o(i.USBD_StdEPReq)
    USBD_StdItfReq                           0x08007453   Thumb Code   116  usbd_ctlreq.o(i.USBD_StdItfReq)
    USBD_static_free                         0x080074c7   Thumb Code     2  usbd_conf.o(i.USBD_static_free)
    USBD_static_malloc                       0x080074c9   Thumb Code     4  usbd_conf.o(i.USBD_static_malloc)
    USB_ActivateEndpoint                     0x080074d1   Thumb Code   124  stm32h7xx_ll_usb.o(i.USB_ActivateEndpoint)
    USB_ActivateSetup                        0x08007551   Thumb Code    28  stm32h7xx_ll_usb.o(i.USB_ActivateSetup)
    USB_CoreInit                             0x0800756d   Thumb Code   142  stm32h7xx_ll_usb.o(i.USB_CoreInit)
    USB_DeactivateEndpoint                   0x08007641   Thumb Code   194  stm32h7xx_ll_usb.o(i.USB_DeactivateEndpoint)
    USB_DevConnect                           0x0800770d   Thumb Code    28  stm32h7xx_ll_usb.o(i.USB_DevConnect)
    USB_DevDisconnect                        0x08007729   Thumb Code    28  stm32h7xx_ll_usb.o(i.USB_DevDisconnect)
    USB_DevInit                              0x08007745   Thumb Code   354  stm32h7xx_ll_usb.o(i.USB_DevInit)
    USB_DisableGlobalInt                     0x080078b1   Thumb Code    12  stm32h7xx_ll_usb.o(i.USB_DisableGlobalInt)
    USB_EP0_OutStart                         0x080078bd   Thumb Code    84  stm32h7xx_ll_usb.o(i.USB_EP0_OutStart)
    USB_EPClearStall                         0x08007915   Thumb Code    88  stm32h7xx_ll_usb.o(i.USB_EPClearStall)
    USB_EPSetStall                           0x0800796d   Thumb Code    88  stm32h7xx_ll_usb.o(i.USB_EPSetStall)
    USB_EPStartXfer                          0x080079c5   Thumb Code   562  stm32h7xx_ll_usb.o(i.USB_EPStartXfer)
    USB_EPStopXfer                           0x08007bfd   Thumb Code   158  stm32h7xx_ll_usb.o(i.USB_EPStopXfer)
    USB_EnableGlobalInt                      0x08007c9b   Thumb Code    12  stm32h7xx_ll_usb.o(i.USB_EnableGlobalInt)
    USB_FlushRxFifo                          0x08007ca7   Thumb Code    56  stm32h7xx_ll_usb.o(i.USB_FlushRxFifo)
    USB_FlushTxFifo                          0x08007cdf   Thumb Code    60  stm32h7xx_ll_usb.o(i.USB_FlushTxFifo)
    USB_GetDevSpeed                          0x08007d1b   Thumb Code    26  stm32h7xx_ll_usb.o(i.USB_GetDevSpeed)
    USB_GetMode                              0x08007d35   Thumb Code     8  stm32h7xx_ll_usb.o(i.USB_GetMode)
    USB_ReadDevAllInEpInterrupt              0x08007d3d   Thumb Code    14  stm32h7xx_ll_usb.o(i.USB_ReadDevAllInEpInterrupt)
    USB_ReadDevAllOutEpInterrupt             0x08007d4b   Thumb Code    14  stm32h7xx_ll_usb.o(i.USB_ReadDevAllOutEpInterrupt)
    USB_ReadDevInEPInterrupt                 0x08007d59   Thumb Code    36  stm32h7xx_ll_usb.o(i.USB_ReadDevInEPInterrupt)
    USB_ReadDevOutEPInterrupt                0x08007d7d   Thumb Code    16  stm32h7xx_ll_usb.o(i.USB_ReadDevOutEPInterrupt)
    USB_ReadInterrupts                       0x08007d8d   Thumb Code     8  stm32h7xx_ll_usb.o(i.USB_ReadInterrupts)
    USB_ReadPacket                           0x08007d95   Thumb Code    64  stm32h7xx_ll_usb.o(i.USB_ReadPacket)
    USB_SetCurrentMode                       0x08007dd5   Thumb Code    94  stm32h7xx_ll_usb.o(i.USB_SetCurrentMode)
    USB_SetDevAddress                        0x08007e33   Thumb Code    34  stm32h7xx_ll_usb.o(i.USB_SetDevAddress)
    USB_SetTurnaroundTime                    0x08007e55   Thumb Code   158  stm32h7xx_ll_usb.o(i.USB_SetTurnaroundTime)
    USB_WritePacket                          0x08007f3d   Thumb Code    40  stm32h7xx_ll_usb.o(i.USB_WritePacket)
    UsageFault_Handler                       0x08007f65   Thumb Code     2  stm32h7xx_it.o(i.UsageFault_Handler)
    __0sprintf                               0x08007f69   Thumb Code    34  printfa.o(i.__0sprintf)
    __1sprintf                               0x08007f69   Thumb Code     0  printfa.o(i.__0sprintf)
    __2sprintf                               0x08007f69   Thumb Code     0  printfa.o(i.__0sprintf)
    __c89sprintf                             0x08007f69   Thumb Code     0  printfa.o(i.__0sprintf)
    sprintf                                  0x08007f69   Thumb Code     0  printfa.o(i.__0sprintf)
    __0vsprintf                              0x08007f91   Thumb Code    30  printfa.o(i.__0vsprintf)
    __1vsprintf                              0x08007f91   Thumb Code     0  printfa.o(i.__0vsprintf)
    __2vsprintf                              0x08007f91   Thumb Code     0  printfa.o(i.__0vsprintf)
    __c89vsprintf                            0x08007f91   Thumb Code     0  printfa.o(i.__0vsprintf)
    vsprintf                                 0x08007f91   Thumb Code     0  printfa.o(i.__0vsprintf)
    __scatterload_copy                       0x08007fd7   Thumb Code    14  handlers.o(i.__scatterload_copy)
    __scatterload_null                       0x08007fe5   Thumb Code     2  handlers.o(i.__scatterload_null)
    __scatterload_zeroinit                   0x08007fe7   Thumb Code    14  handlers.o(i.__scatterload_zeroinit)
    cmd_init                                 0x08008889   Thumb Code    44  cmd.o(i.cmd_init)
    cmd_install                              0x080088d9   Thumb Code    38  cmd.o(i.cmd_install)
    cmd_task_init                            0x08008959   Thumb Code    48  cmd_task.o(i.cmd_task_init)
    find_cmd                                 0x080089c9   Thumb Code    86  cmd.o(i.find_cmd)
    main                                     0x08008a49   Thumb Code    38  main.o(i.main)
    myTaskCreate                             0x08008a7d   Thumb Code    60  system.o(i.myTaskCreate)
    mylog                                    0x08008ab9   Thumb Code    92  cmd.o(i.mylog)
    myprintf                                 0x08008b3d   Thumb Code    68  cmd.o(i.myprintf)
    osDelay                                  0x08008b89   Thumb Code    14  cmsis_os.o(i.osDelay)
    osKernelStart                            0x08008b97   Thumb Code    10  cmsis_os.o(i.osKernelStart)
    osThreadCreate                           0x08008ba1   Thumb Code    46  cmsis_os.o(i.osThreadCreate)
    pvPortMalloc                             0x0800905d   Thumb Code   216  heap_4.o(i.pvPortMalloc)
    pvTaskIncrementMutexHeldCount            0x08009139   Thumb Code    18  tasks.o(i.pvTaskIncrementMutexHeldCount)
    pxPortInitialiseStack                    0x08009151   Thumb Code    42  port.o(i.pxPortInitialiseStack)
    start_task_init                          0x08009265   Thumb Code    28  global.o(i.start_task_init)
    uart_dma_init                            0x080093f9   Thumb Code    40  myusart.o(i.uart_dma_init)
    uart_idle_callback                       0x08009421   Thumb Code   184  myusart.o(i.uart_idle_callback)
    usart_task_init                          0x080094e1   Thumb Code     2  usart_task.o(i.usart_task_init)
    uxListRemove                             0x080094e3   Thumb Code    38  list.o(i.uxListRemove)
    uxTaskGetStackHighWaterMark              0x08009509   Thumb Code    28  tasks.o(i.uxTaskGetStackHighWaterMark)
    vListInitialise                          0x08009529   Thumb Code    22  list.o(i.vListInitialise)
    vListInitialiseItem                      0x0800953f   Thumb Code     6  list.o(i.vListInitialiseItem)
    vListInsert                              0x08009545   Thumb Code    48  list.o(i.vListInsert)
    vListInsertEnd                           0x08009575   Thumb Code    24  list.o(i.vListInsertEnd)
    vPortEnterCritical                       0x0800958d   Thumb Code    54  port.o(i.vPortEnterCritical)
    vPortExitCritical                        0x080095cd   Thumb Code    34  port.o(i.vPortExitCritical)
    vPortFree                                0x080095f5   Thumb Code    94  heap_4.o(i.vPortFree)
    vPortSetupTimerInterrupt                 0x08009659   Thumb Code    32  port.o(i.vPortSetupTimerInterrupt)
    vTaskDelay                               0x0800967d   Thumb Code    66  tasks.o(i.vTaskDelay)
    vTaskInternalSetTimeOutState             0x080096c9   Thumb Code    12  tasks.o(i.vTaskInternalSetTimeOutState)
    vTaskMissedYield                         0x080096d9   Thumb Code     8  tasks.o(i.vTaskMissedYield)
    vTaskPlaceOnEventList                    0x080096e5   Thumb Code    44  tasks.o(i.vTaskPlaceOnEventList)
    vTaskPriorityDisinheritAfterTimeout      0x08009715   Thumb Code   158  tasks.o(i.vTaskPriorityDisinheritAfterTimeout)
    vTaskStartScheduler                      0x080097bd   Thumb Code    86  tasks.o(i.vTaskStartScheduler)
    vTaskSuspendAll                          0x08009825   Thumb Code    10  tasks.o(i.vTaskSuspendAll)
    vTaskSwitchContext                       0x08009835   Thumb Code    82  tasks.o(i.vTaskSwitchContext)
    xPortStartScheduler                      0x08009891   Thumb Code   222  port.o(i.xPortStartScheduler)
    xQueueCreateMutex                        0x08009985   Thumb Code    36  queue.o(i.xQueueCreateMutex)
    xQueueGenericCreate                      0x080099a9   Thumb Code    66  queue.o(i.xQueueGenericCreate)
    xQueueGenericReset                       0x080099ed   Thumb Code   144  queue.o(i.xQueueGenericReset)
    xQueueGenericSend                        0x08009a81   Thumb Code   346  queue.o(i.xQueueGenericSend)
    xQueueSemaphoreTake                      0x08009be1   Thumb Code   376  queue.o(i.xQueueSemaphoreTake)
    xTaskCheckForTimeOut                     0x08009d5d   Thumb Code   116  tasks.o(i.xTaskCheckForTimeOut)
    xTaskCreate                              0x08009dd5   Thumb Code    86  tasks.o(i.xTaskCreate)
    xTaskGetSchedulerState                   0x08009e2d   Thumb Code    22  tasks.o(i.xTaskGetSchedulerState)
    xTaskIncrementTick                       0x08009e49   Thumb Code   194  tasks.o(i.xTaskIncrementTick)
    xTaskPriorityDisinherit                  0x08009f15   Thumb Code   150  tasks.o(i.xTaskPriorityDisinherit)
    xTaskPriorityInherit                     0x08009fb5   Thumb Code   136  tasks.o(i.xTaskPriorityInherit)
    xTaskRemoveFromEventList                 0x0800a045   Thumb Code   108  tasks.o(i.xTaskRemoveFromEventList)
    xTaskResumeAll                           0x0800a0b9   Thumb Code   184  tasks.o(i.xTaskResumeAll)
    UARTPrescTable                           0x0800a198   Data          24  stm32h7xx_hal_uart.o(.constdata)
    D1CorePrescTable                         0x0800a1c0   Data          16  system_stm32h7xx.o(.constdata)
    Region$$Table$$Base                      0x0800a1dc   Number         0  anon$$obj.o(Region$$Table)
    Region$$Table$$Limit                     0x0800a1fc   Number         0  anon$$obj.o(Region$$Table)
    defaultTaskHandle                        0x24000000   Data           4  freertos.o(.data)
    HS_Desc                                  0x24000004   Data          32  usbd_desc.o(.data)
    USBD_LangIDDesc                          0x24000024   Data           4  usbd_desc.o(.data)
    USBD_HS_DeviceDesc                       0x24000028   Data          18  usbd_desc.o(.data)
    USBD_HS_BOSDesc                          0x2400003c   Data          12  usbd_desc.o(.data)
    USBD_StringSerial                        0x24000048   Data          26  usbd_desc.o(.data)
    USBD_Interface_fops_HS                   0x24000064   Data          20  usbd_cdc_if.o(.data)
    uwTickFreq                               0x24000078   Data           1  stm32h7xx_hal.o(.data)
    uwTickPrio                               0x2400007c   Data           4  stm32h7xx_hal.o(.data)
    uwTick                                   0x24000080   Data           4  stm32h7xx_hal.o(.data)
    SystemCoreClock                          0x24000084   Data           4  system_stm32h7xx.o(.data)
    SystemD2Clock                            0x24000088   Data           4  system_stm32h7xx.o(.data)
    USBD_CDC                                 0x240000e4   Data          56  usbd_cdc.o(.data)
    cmd_count                                0x2400011c   Data           2  cmd.o(.data)
    debug_print_mutex                        0x24000120   Data           4  cmd.o(.data)
    CMD_TASK_Handler                         0x24000124   Data           4  cmd_task.o(.data)
    rtc_ms                                   0x24000128   Data           2  global.o(.data)
    rtc_date                                 0x2400012a   Data           4  global.o(.data)
    START_TASK_Handler                       0x24000130   Data           4  global.o(.data)
    pxCurrentTCB                             0x24000134   Data           4  tasks.o(.data)
    task_count                               0x2400019c   Data           1  system.o(.data)
    hrtc                                     0x240001a0   Data          36  rtc.o(.bss)
    huart1                                   0x240001c4   Data         148  usart.o(.bss)
    hdma_usart1_rx                           0x24000258   Data         120  usart.o(.bss)
    htim17                                   0x240002d0   Data          76  stm32h7xx_hal_timebase_tim.o(.bss)
    hUsbDeviceHS                             0x2400031c   Data         732  usb_device.o(.bss)
    USBD_StrDesc                             0x240005f8   Data         512  usbd_desc.o(.bss)
    UserRxBufferHS                           0x240007f8   Data        2048  usbd_cdc_if.o(.bss)
    UserTxBufferHS                           0x24000ff8   Data        2048  usbd_cdc_if.o(.bss)
    hpcd_USB_OTG_HS                          0x24001a18   Data        1252  usbd_conf.o(.bss)
    debug_uart                               0x24002064   Data          92  cmd_task.o(.bss)
    rtc_time                                 0x240020c0   Data          20  global.o(.bss)
    system_task_list                         0x2400a1c4   Data         240  system.o(.bss)
    __initial_sp                             0x2400a6b8   Data           0  startup_stm32h723xx.o(STACK)



==============================================================================

Memory Map of the image

  Image Entry point : 0x080002cd

  Load Region LR_IROM1 (Base: 0x08000000, Size: 0x0000a39c, Max: 0x00100000, ABSOLUTE, COMPRESSED[0x0000a2c4])

    Execution Region ER_IROM1 (Exec base: 0x08000000, Load base: 0x08000000, Size: 0x0000a1fc, Max: 0x00100000, ABSOLUTE)

    Exec Addr    Load Addr    Size         Type   Attr      Idx    E Section Name        Object

    0x08000000   0x08000000   0x000002cc   Data   RO            3    RESET               startup_stm32h723xx.o
    0x080002cc   0x080002cc   0x00000000   Code   RO         7961  * .ARM.Collect$$$$00000000  mc_w.l(entry.o)
    0x080002cc   0x080002cc   0x00000004   Code   RO         8241    .ARM.Collect$$$$00000001  mc_w.l(entry2.o)
    0x080002d0   0x080002d0   0x00000004   Code   RO         8244    .ARM.Collect$$$$00000004  mc_w.l(entry5.o)
    0x080002d4   0x080002d4   0x00000000   Code   RO         8246    .ARM.Collect$$$$00000008  mc_w.l(entry7b.o)
    0x080002d4   0x080002d4   0x00000000   Code   RO         8248    .ARM.Collect$$$$0000000A  mc_w.l(entry8b.o)
    0x080002d4   0x080002d4   0x00000008   Code   RO         8249    .ARM.Collect$$$$0000000B  mc_w.l(entry9a.o)
    0x080002dc   0x080002dc   0x00000004   Code   RO         8256    .ARM.Collect$$$$0000000E  mc_w.l(entry12b.o)
    0x080002e0   0x080002e0   0x00000000   Code   RO         8251    .ARM.Collect$$$$0000000F  mc_w.l(entry10a.o)
    0x080002e0   0x080002e0   0x00000000   Code   RO         8253    .ARM.Collect$$$$00000011  mc_w.l(entry11a.o)
    0x080002e0   0x080002e0   0x00000004   Code   RO         8242    .ARM.Collect$$$$00002712  mc_w.l(entry2.o)
    0x080002e4   0x080002e4   0x000000be   Code   RO         7848    .emb_text           port.o
    0x080003a2   0x080003a2   0x00000002   PAD
    0x080003a4   0x080003a4   0x00000024   Code   RO            4    .text               startup_stm32h723xx.o
    0x080003c8   0x080003c8   0x00000062   Code   RO         7964    .text               mc_w.l(uldiv.o)
    0x0800042a   0x0800042a   0x00000024   Code   RO         7966    .text               mc_w.l(memcpya.o)
    0x0800044e   0x0800044e   0x00000024   Code   RO         7970    .text               mc_w.l(memseta.o)
    0x08000472   0x08000472   0x0000000e   Code   RO         7972    .text               mc_w.l(strlen.o)
    0x08000480   0x08000480   0x00000012   Code   RO         7974    .text               mc_w.l(strcpy.o)
    0x08000492   0x08000492   0x0000001e   Code   RO         7976    .text               mc_w.l(strncmp.o)
    0x080004b0   0x080004b0   0x0000002c   Code   RO         8260    .text               mc_w.l(uidiv.o)
    0x080004dc   0x080004dc   0x0000001e   Code   RO         8262    .text               mc_w.l(llshl.o)
    0x080004fa   0x080004fa   0x00000020   Code   RO         8264    .text               mc_w.l(llushr.o)
    0x0800051a   0x0800051a   0x00000000   Code   RO         8266    .text               mc_w.l(iusefp.o)
    0x0800051a   0x0800051a   0x0000014e   Code   RO         8267    .text               mf_w.l(dadd.o)
    0x08000668   0x08000668   0x000000e4   Code   RO         8269    .text               mf_w.l(dmul.o)
    0x0800074c   0x0800074c   0x000000de   Code   RO         8271    .text               mf_w.l(ddiv.o)
    0x0800082a   0x0800082a   0x00000030   Code   RO         8273    .text               mf_w.l(dfixul.o)
    0x0800085a   0x0800085a   0x00000002   PAD
    0x0800085c   0x0800085c   0x00000030   Code   RO         8275    .text               mf_w.l(cdrcmple.o)
    0x0800088c   0x0800088c   0x00000024   Code   RO         8277    .text               mc_w.l(init.o)
    0x080008b0   0x080008b0   0x00000024   Code   RO         8280    .text               mc_w.l(llsshr.o)
    0x080008d4   0x080008d4   0x000000ba   Code   RO         8283    .text               mf_w.l(depilogue.o)
    0x0800098e   0x0800098e   0x00000056   Code   RO         8293    .text               mc_w.l(__dczerorl2.o)
    0x080009e4   0x080009e4   0x00000002   Code   RO          463    i.BusFault_Handler  stm32h7xx_it.o
    0x080009e6   0x080009e6   0x00000004   Code   RO          738    i.CDC_Control_HS    usbd_cdc_if.o
    0x080009ea   0x080009ea   0x00000004   Code   RO          739    i.CDC_DeInit_HS     usbd_cdc_if.o
    0x080009ee   0x080009ee   0x00000002   PAD
    0x080009f0   0x080009f0   0x00000024   Code   RO          740    i.CDC_Init_HS       usbd_cdc_if.o
    0x08000a14   0x08000a14   0x00000018   Code   RO          741    i.CDC_Receive_HS    usbd_cdc_if.o
    0x08000a2c   0x08000a2c   0x00000004   Code   RO          742    i.CDC_TransmitCplt_HS  usbd_cdc_if.o
    0x08000a30   0x08000a30   0x0000000c   Code   RO          464    i.DMA1_Stream0_IRQHandler  stm32h7xx_it.o
    0x08000a3c   0x08000a3c   0x000000b4   Code   RO         2243    i.DMA_CalcBaseAndBitshift  stm32h7xx_hal_dma.o
    0x08000af0   0x08000af0   0x0000009c   Code   RO         2244    i.DMA_CalcDMAMUXChannelBaseAndMask  stm32h7xx_hal_dma.o
    0x08000b8c   0x08000b8c   0x00000074   Code   RO         2245    i.DMA_CalcDMAMUXRequestGenBaseAndMask  stm32h7xx_hal_dma.o
    0x08000c00   0x08000c00   0x00000054   Code   RO         2246    i.DMA_CheckFifoParam  stm32h7xx_hal_dma.o
    0x08000c54   0x08000c54   0x00000220   Code   RO         2247    i.DMA_SetConfig     stm32h7xx_hal_dma.o
    0x08000e74   0x08000e74   0x00000002   Code   RO          465    i.DebugMon_Handler  stm32h7xx_it.o
    0x08000e76   0x08000e76   0x00000004   Code   RO           13    i.Error_Handler     main.o
    0x08000e7a   0x08000e7a   0x00000002   PAD
    0x08000e7c   0x08000e7c   0x00000360   Code   RO         2248    i.HAL_DMA_Abort     stm32h7xx_hal_dma.o
    0x080011dc   0x080011dc   0x00000284   Code   RO         2249    i.HAL_DMA_Abort_IT  stm32h7xx_hal_dma.o
    0x08001460   0x08001460   0x00000004   Code   RO         2251    i.HAL_DMA_GetError  stm32h7xx_hal_dma.o
    0x08001464   0x08001464   0x000006e8   Code   RO         2253    i.HAL_DMA_IRQHandler  stm32h7xx_hal_dma.o
    0x08001b4c   0x08001b4c   0x000003bc   Code   RO         2254    i.HAL_DMA_Init      stm32h7xx_hal_dma.o
    0x08001f08   0x08001f08   0x0000029c   Code   RO         2258    i.HAL_DMA_Start_IT  stm32h7xx_hal_dma.o
    0x080021a4   0x080021a4   0x00000024   Code   RO         3098    i.HAL_Delay         stm32h7xx_hal.o
    0x080021c8   0x080021c8   0x0000021c   Code   RO         2096    i.HAL_GPIO_Init     stm32h7xx_hal_gpio.o
    0x080023e4   0x080023e4   0x0000000c   Code   RO         3114    i.HAL_GetTick       stm32h7xx_hal.o
    0x080023f0   0x080023f0   0x00000010   Code   RO         3120    i.HAL_IncTick       stm32h7xx_hal.o
    0x08002400   0x08002400   0x0000005c   Code   RO         3121    i.HAL_Init          stm32h7xx_hal.o
    0x0800245c   0x0800245c   0x00000084   Code   RO          572    i.HAL_InitTick      stm32h7xx_hal_timebase_tim.o
    0x080024e0   0x080024e0   0x00000024   Code   RO          548    i.HAL_MspInit       stm32h7xx_hal_msp.o
    0x08002504   0x08002504   0x0000001a   Code   RO         2946    i.HAL_NVIC_EnableIRQ  stm32h7xx_hal_cortex.o
    0x0800251e   0x0800251e   0x00000002   PAD
    0x08002520   0x08002520   0x00000040   Code   RO         2952    i.HAL_NVIC_SetPriority  stm32h7xx_hal_cortex.o
    0x08002560   0x08002560   0x00000024   Code   RO         2953    i.HAL_NVIC_SetPriorityGrouping  stm32h7xx_hal_cortex.o
    0x08002584   0x08002584   0x00000024   Code   RO         2954    i.HAL_NVIC_SystemReset  stm32h7xx_hal_cortex.o
    0x080025a8   0x080025a8   0x00000028   Code   RO         1247    i.HAL_PCDEx_ActivateLPM  stm32h7xx_hal_pcd_ex.o
    0x080025d0   0x080025d0   0x00000002   Code   RO         1252    i.HAL_PCDEx_LPM_Callback  stm32h7xx_hal_pcd_ex.o
    0x080025d2   0x080025d2   0x00000008   Code   RO         1253    i.HAL_PCDEx_SetRxFiFo  stm32h7xx_hal_pcd_ex.o
    0x080025da   0x080025da   0x00000046   Code   RO         1254    i.HAL_PCDEx_SetTxFiFo  stm32h7xx_hal_pcd_ex.o
    0x08002620   0x08002620   0x00000008   Code   RO          803    i.HAL_PCD_ConnectCallback  usbd_conf.o
    0x08002628   0x08002628   0x00000012   Code   RO          804    i.HAL_PCD_DataInStageCallback  usbd_conf.o
    0x0800263a   0x0800263a   0x00000014   Code   RO          805    i.HAL_PCD_DataOutStageCallback  usbd_conf.o
    0x0800264e   0x0800264e   0x00000008   Code   RO          806    i.HAL_PCD_DisconnectCallback  usbd_conf.o
    0x08002656   0x08002656   0x0000001e   Code   RO         1023    i.HAL_PCD_EP_Abort  stm32h7xx_hal_pcd.o
    0x08002674   0x08002674   0x0000004a   Code   RO         1024    i.HAL_PCD_EP_Close  stm32h7xx_hal_pcd.o
    0x080026be   0x080026be   0x0000005a   Code   RO         1025    i.HAL_PCD_EP_ClrStall  stm32h7xx_hal_pcd.o
    0x08002718   0x08002718   0x00000012   Code   RO         1027    i.HAL_PCD_EP_GetRxCount  stm32h7xx_hal_pcd.o
    0x0800272a   0x0800272a   0x0000005e   Code   RO         1028    i.HAL_PCD_EP_Open   stm32h7xx_hal_pcd.o
    0x08002788   0x08002788   0x00000034   Code   RO         1029    i.HAL_PCD_EP_Receive  stm32h7xx_hal_pcd.o
    0x080027bc   0x080027bc   0x00000072   Code   RO         1030    i.HAL_PCD_EP_SetStall  stm32h7xx_hal_pcd.o
    0x0800282e   0x0800282e   0x00000034   Code   RO         1031    i.HAL_PCD_EP_Transmit  stm32h7xx_hal_pcd.o
    0x08002862   0x08002862   0x00000002   PAD
    0x08002864   0x08002864   0x00000594   Code   RO         1033    i.HAL_PCD_IRQHandler  stm32h7xx_hal_pcd.o
    0x08002df8   0x08002df8   0x00000008   Code   RO          807    i.HAL_PCD_ISOINIncompleteCallback  usbd_conf.o
    0x08002e00   0x08002e00   0x00000008   Code   RO          808    i.HAL_PCD_ISOOUTIncompleteCallback  usbd_conf.o
    0x08002e08   0x08002e08   0x000000cc   Code   RO         1036    i.HAL_PCD_Init      stm32h7xx_hal_pcd.o
    0x08002ed4   0x08002ed4   0x00000064   Code   RO          810    i.HAL_PCD_MspInit   usbd_conf.o
    0x08002f38   0x08002f38   0x0000002c   Code   RO          811    i.HAL_PCD_ResetCallback  usbd_conf.o
    0x08002f64   0x08002f64   0x00000008   Code   RO          812    i.HAL_PCD_ResumeCallback  usbd_conf.o
    0x08002f6c   0x08002f6c   0x00000008   Code   RO          813    i.HAL_PCD_SOFCallback  usbd_conf.o
    0x08002f74   0x08002f74   0x00000026   Code   RO         1042    i.HAL_PCD_SetAddress  stm32h7xx_hal_pcd.o
    0x08002f9a   0x08002f9a   0x0000000e   Code   RO          814    i.HAL_PCD_SetupStageCallback  usbd_conf.o
    0x08002fa8   0x08002fa8   0x00000042   Code   RO         1045    i.HAL_PCD_Start     stm32h7xx_hal_pcd.o
    0x08002fea   0x08002fea   0x00000002   PAD
    0x08002fec   0x08002fec   0x00000030   Code   RO          815    i.HAL_PCD_SuspendCallback  usbd_conf.o
    0x0800301c   0x0800301c   0x00000054   Code   RO         2697    i.HAL_PWREx_ConfigSupply  stm32h7xx_hal_pwr_ex.o
    0x08003070   0x08003070   0x00000010   Code   RO         2714    i.HAL_PWREx_EnableUSBVoltageDetector  stm32h7xx_hal_pwr_ex.o
    0x08003080   0x08003080   0x00000024   Code   RO         1739    i.HAL_RCCEx_GetD3PCLK1Freq  stm32h7xx_hal_rcc_ex.o
    0x080030a4   0x080030a4   0x00000144   Code   RO         1741    i.HAL_RCCEx_GetPLL2ClockFreq  stm32h7xx_hal_rcc_ex.o
    0x080031e8   0x080031e8   0x00000144   Code   RO         1742    i.HAL_RCCEx_GetPLL3ClockFreq  stm32h7xx_hal_rcc_ex.o
    0x0800332c   0x0800332c   0x0000093a   Code   RO         1748    i.HAL_RCCEx_PeriphCLKConfig  stm32h7xx_hal_rcc_ex.o
    0x08003c66   0x08003c66   0x00000002   PAD
    0x08003c68   0x08003c68   0x0000025c   Code   RO         1624    i.HAL_RCC_ClockConfig  stm32h7xx_hal_rcc.o
    0x08003ec4   0x08003ec4   0x0000005c   Code   RO         1628    i.HAL_RCC_GetClockConfig  stm32h7xx_hal_rcc.o
    0x08003f20   0x08003f20   0x00000044   Code   RO         1629    i.HAL_RCC_GetHCLKFreq  stm32h7xx_hal_rcc.o
    0x08003f64   0x08003f64   0x00000024   Code   RO         1631    i.HAL_RCC_GetPCLK1Freq  stm32h7xx_hal_rcc.o
    0x08003f88   0x08003f88   0x00000024   Code   RO         1632    i.HAL_RCC_GetPCLK2Freq  stm32h7xx_hal_rcc.o
    0x08003fac   0x08003fac   0x00000138   Code   RO         1633    i.HAL_RCC_GetSysClockFreq  stm32h7xx_hal_rcc.o
    0x080040e4   0x080040e4   0x00000526   Code   RO         1636    i.HAL_RCC_OscConfig  stm32h7xx_hal_rcc.o
    0x0800460a   0x0800460a   0x00000002   PAD
    0x0800460c   0x0800460c   0x00000048   Code   RO         4042    i.HAL_RTC_GetDate   stm32h7xx_hal_rtc.o
    0x08004654   0x08004654   0x00000058   Code   RO         4044    i.HAL_RTC_GetTime   stm32h7xx_hal_rtc.o
    0x080046ac   0x080046ac   0x000000a0   Code   RO         4045    i.HAL_RTC_Init      stm32h7xx_hal_rtc.o
    0x0800474c   0x0800474c   0x00000044   Code   RO          380    i.HAL_RTC_MspInit   rtc.o
    0x08004790   0x08004790   0x000000a0   Code   RO         4051    i.HAL_RTC_SetDate   stm32h7xx_hal_rtc.o
    0x08004830   0x08004830   0x000000d0   Code   RO         4052    i.HAL_RTC_SetTime   stm32h7xx_hal_rtc.o
    0x08004900   0x08004900   0x00000038   Code   RO         4053    i.HAL_RTC_WaitForSynchro  stm32h7xx_hal_rtc.o
    0x08004938   0x08004938   0x00000002   Code   RO         5135    i.HAL_TIMEx_Break2Callback  stm32h7xx_hal_tim_ex.o
    0x0800493a   0x0800493a   0x00000002   Code   RO         5136    i.HAL_TIMEx_BreakCallback  stm32h7xx_hal_tim_ex.o
    0x0800493c   0x0800493c   0x00000002   Code   RO         5137    i.HAL_TIMEx_CommutCallback  stm32h7xx_hal_tim_ex.o
    0x0800493e   0x0800493e   0x00000062   Code   RO         4421    i.HAL_TIM_Base_Init  stm32h7xx_hal_tim.o
    0x080049a0   0x080049a0   0x00000002   Code   RO         4423    i.HAL_TIM_Base_MspInit  stm32h7xx_hal_tim.o
    0x080049a2   0x080049a2   0x00000002   PAD
    0x080049a4   0x080049a4   0x000000a0   Code   RO         4426    i.HAL_TIM_Base_Start_IT  stm32h7xx_hal_tim.o
    0x08004a44   0x08004a44   0x00000002   Code   RO         4455    i.HAL_TIM_IC_CaptureCallback  stm32h7xx_hal_tim.o
    0x08004a46   0x08004a46   0x00000148   Code   RO         4469    i.HAL_TIM_IRQHandler  stm32h7xx_hal_tim.o
    0x08004b8e   0x08004b8e   0x00000002   Code   RO         4472    i.HAL_TIM_OC_DelayElapsedCallback  stm32h7xx_hal_tim.o
    0x08004b90   0x08004b90   0x00000002   Code   RO         4499    i.HAL_TIM_PWM_PulseFinishedCallback  stm32h7xx_hal_tim.o
    0x08004b92   0x08004b92   0x00000002   PAD
    0x08004b94   0x08004b94   0x00000020   Code   RO           14    i.HAL_TIM_PeriodElapsedCallback  main.o
    0x08004bb4   0x08004bb4   0x00000002   Code   RO         4512    i.HAL_TIM_TriggerCallback  stm32h7xx_hal_tim.o
    0x08004bb6   0x08004bb6   0x00000040   Code   RO         5858    i.HAL_UARTEx_DisableFifoMode  stm32h7xx_hal_uart_ex.o
    0x08004bf6   0x08004bf6   0x00000002   Code   RO         5447    i.HAL_UARTEx_RxEventCallback  stm32h7xx_hal_uart.o
    0x08004bf8   0x08004bf8   0x00000002   Code   RO         5866    i.HAL_UARTEx_RxFifoFullCallback  stm32h7xx_hal_uart_ex.o
    0x08004bfa   0x08004bfa   0x0000004c   Code   RO         5867    i.HAL_UARTEx_SetRxFifoThreshold  stm32h7xx_hal_uart_ex.o
    0x08004c46   0x08004c46   0x0000004c   Code   RO         5868    i.HAL_UARTEx_SetTxFifoThreshold  stm32h7xx_hal_uart_ex.o
    0x08004c92   0x08004c92   0x00000002   Code   RO         5870    i.HAL_UARTEx_TxFifoEmptyCallback  stm32h7xx_hal_uart_ex.o
    0x08004c94   0x08004c94   0x00000002   Code   RO         5871    i.HAL_UARTEx_WakeupCallback  stm32h7xx_hal_uart_ex.o
    0x08004c96   0x08004c96   0x00000092   Code   RO         5459    i.HAL_UART_DMAStop  stm32h7xx_hal_uart.o
    0x08004d28   0x08004d28   0x00000002   Code   RO         5463    i.HAL_UART_ErrorCallback  stm32h7xx_hal_uart.o
    0x08004d2a   0x08004d2a   0x00000002   PAD
    0x08004d2c   0x08004d2c   0x00000388   Code   RO         5466    i.HAL_UART_IRQHandler  stm32h7xx_hal_uart.o
    0x080050b4   0x080050b4   0x0000006a   Code   RO         5467    i.HAL_UART_Init     stm32h7xx_hal_uart.o
    0x0800511e   0x0800511e   0x00000002   PAD
    0x08005120   0x08005120   0x000000cc   Code   RO          422    i.HAL_UART_MspInit  usart.o
    0x080051ec   0x080051ec   0x00000048   Code   RO         5471    i.HAL_UART_Receive_DMA  stm32h7xx_hal_uart.o
    0x08005234   0x08005234   0x00000002   Code   RO         5474    i.HAL_UART_RxCpltCallback  stm32h7xx_hal_uart.o
    0x08005236   0x08005236   0x00000002   Code   RO         5475    i.HAL_UART_RxHalfCpltCallback  stm32h7xx_hal_uart.o
    0x08005238   0x08005238   0x000000b0   Code   RO         5476    i.HAL_UART_Transmit  stm32h7xx_hal_uart.o
    0x080052e8   0x080052e8   0x00000002   Code   RO         5479    i.HAL_UART_TxCpltCallback  stm32h7xx_hal_uart.o
    0x080052ea   0x080052ea   0x00000002   Code   RO          466    i.HardFault_Handler  stm32h7xx_it.o
    0x080052ec   0x080052ec   0x00000038   Code   RO          646    i.IntToUnicode      usbd_desc.o
    0x08005324   0x08005324   0x0000002c   Code   RO          355    i.MX_DMA_Init       dma.o
    0x08005350   0x08005350   0x00000028   Code   RO          312    i.MX_FREERTOS_Init  freertos.o
    0x08005378   0x08005378   0x0000002c   Code   RO          288    i.MX_GPIO_Init      gpio.o
    0x080053a4   0x080053a4   0x00000084   Code   RO          381    i.MX_RTC_Init       rtc.o
    0x08005428   0x08005428   0x00000068   Code   RO          423    i.MX_USART1_UART_Init  usart.o
    0x08005490   0x08005490   0x00000054   Code   RO          611    i.MX_USB_DEVICE_Init  usb_device.o
    0x080054e4   0x080054e4   0x00000002   Code   RO          467    i.MemManage_Handler  stm32h7xx_it.o
    0x080054e6   0x080054e6   0x00000002   Code   RO          468    i.NMI_Handler       stm32h7xx_it.o
    0x080054e8   0x080054e8   0x0000000c   Code   RO          469    i.OTG_HS_IRQHandler  stm32h7xx_it.o
    0x080054f4   0x080054f4   0x000000cc   Code   RO         1048    i.PCD_EP_OutXfrComplete_int  stm32h7xx_hal_pcd.o
    0x080055c0   0x080055c0   0x000000a2   Code   RO         1049    i.PCD_WriteEmptyTxFifo  stm32h7xx_hal_pcd.o
    0x08005662   0x08005662   0x00000002   PAD
    0x08005664   0x08005664   0x00000120   Code   RO         1751    i.RCCEx_PLL2_Config  stm32h7xx_hal_rcc_ex.o
    0x08005784   0x08005784   0x00000120   Code   RO         1752    i.RCCEx_PLL3_Config  stm32h7xx_hal_rcc_ex.o
    0x080058a4   0x080058a4   0x00000012   Code   RO         4054    i.RTC_Bcd2ToByte    stm32h7xx_hal_rtc.o
    0x080058b6   0x080058b6   0x00000018   Code   RO         4055    i.RTC_ByteToBcd2    stm32h7xx_hal_rtc.o
    0x080058ce   0x080058ce   0x00000002   PAD
    0x080058d0   0x080058d0   0x00000046   Code   RO         4056    i.RTC_EnterInitMode  stm32h7xx_hal_rtc.o
    0x08005916   0x08005916   0x00000002   PAD
    0x08005918   0x08005918   0x00000054   Code   RO         4057    i.RTC_ExitInitMode  stm32h7xx_hal_rtc.o
    0x0800596c   0x0800596c   0x0000000a   Code   RO         6176    i.SWAPBYTE          usbd_ctlreq.o
    0x08005976   0x08005976   0x0000000c   Code   RO          313    i.StartDefaultTask  freertos.o
    0x08005982   0x08005982   0x00000002   PAD
    0x08005984   0x08005984   0x0000002c   Code   RO         7849    i.SysTick_Handler   port.o
    0x080059b0   0x080059b0   0x0000009c   Code   RO           15    i.SystemClock_Config  main.o
    0x08005a4c   0x08005a4c   0x000000c0   Code   RO         5977    i.SystemInit        system_stm32h7xx.o
    0x08005b0c   0x08005b0c   0x0000000c   Code   RO          470    i.TIM17_IRQHandler  stm32h7xx_it.o
    0x08005b18   0x08005b18   0x000000e4   Code   RO         4514    i.TIM_Base_SetConfig  stm32h7xx_hal_tim.o
    0x08005bfc   0x08005bfc   0x00000044   Code   RO         5872    i.UARTEx_SetNbDataToProcess  stm32h7xx_hal_uart_ex.o
    0x08005c40   0x08005c40   0x000000c8   Code   RO         5481    i.UART_AdvFeatureConfig  stm32h7xx_hal_uart.o
    0x08005d08   0x08005d08   0x000000aa   Code   RO         5482    i.UART_CheckIdleState  stm32h7xx_hal_uart.o
    0x08005db2   0x08005db2   0x00000014   Code   RO         5483    i.UART_DMAAbortOnError  stm32h7xx_hal_uart.o
    0x08005dc6   0x08005dc6   0x0000004e   Code   RO         5484    i.UART_DMAError     stm32h7xx_hal_uart.o
    0x08005e14   0x08005e14   0x00000082   Code   RO         5485    i.UART_DMAReceiveCplt  stm32h7xx_hal_uart.o
    0x08005e96   0x08005e96   0x00000020   Code   RO         5487    i.UART_DMARxHalfCplt  stm32h7xx_hal_uart.o
    0x08005eb6   0x08005eb6   0x00000002   PAD
    0x08005eb8   0x08005eb8   0x00000054   Code   RO         5493    i.UART_EndRxTransfer  stm32h7xx_hal_uart.o
    0x08005f0c   0x08005f0c   0x0000002e   Code   RO         5494    i.UART_EndTxTransfer  stm32h7xx_hal_uart.o
    0x08005f3a   0x08005f3a   0x00000002   PAD
    0x08005f3c   0x08005f3c   0x000003dc   Code   RO         5499    i.UART_SetConfig    stm32h7xx_hal_uart.o
    0x08006318   0x08006318   0x000000a8   Code   RO         5500    i.UART_Start_Receive_DMA  stm32h7xx_hal_uart.o
    0x080063c0   0x080063c0   0x00000094   Code   RO         5506    i.UART_WaitOnFlagUntilTimeout  stm32h7xx_hal_uart.o
    0x08006454   0x08006454   0x0000001c   Code   RO          471    i.USART1_IRQHandler  stm32h7xx_it.o
    0x08006470   0x08006470   0x00000076   Code   RO         6322    i.USBD_CDC_DataIn   usbd_cdc.o
    0x080064e6   0x080064e6   0x0000003c   Code   RO         6323    i.USBD_CDC_DataOut  usbd_cdc.o
    0x08006522   0x08006522   0x00000002   PAD
    0x08006524   0x08006524   0x00000090   Code   RO         6324    i.USBD_CDC_DeInit   usbd_cdc.o
    0x080065b4   0x080065b4   0x00000036   Code   RO         6325    i.USBD_CDC_EP0_RxReady  usbd_cdc.o
    0x080065ea   0x080065ea   0x00000002   PAD
    0x080065ec   0x080065ec   0x0000000c   Code   RO         6326    i.USBD_CDC_GetDeviceQualifierDescriptor  usbd_cdc.o
    0x080065f8   0x080065f8   0x00000040   Code   RO         6327    i.USBD_CDC_GetFSCfgDesc  usbd_cdc.o
    0x08006638   0x08006638   0x00000040   Code   RO         6328    i.USBD_CDC_GetHSCfgDesc  usbd_cdc.o
    0x08006678   0x08006678   0x00000040   Code   RO         6329    i.USBD_CDC_GetOtherSpeedCfgDesc  usbd_cdc.o
    0x080066b8   0x080066b8   0x0000011c   Code   RO         6330    i.USBD_CDC_Init     usbd_cdc.o
    0x080067d4   0x080067d4   0x00000038   Code   RO         6331    i.USBD_CDC_ReceivePacket  usbd_cdc.o
    0x0800680c   0x0800680c   0x00000016   Code   RO         6332    i.USBD_CDC_RegisterInterface  usbd_cdc.o
    0x08006822   0x08006822   0x0000001a   Code   RO         6333    i.USBD_CDC_SetRxBuffer  usbd_cdc.o
    0x0800683c   0x0800683c   0x0000001e   Code   RO         6334    i.USBD_CDC_SetTxBuffer  usbd_cdc.o
    0x0800685a   0x0800685a   0x000000ce   Code   RO         6335    i.USBD_CDC_Setup    usbd_cdc.o
    0x08006928   0x08006928   0x00000014   Code   RO         6013    i.USBD_ClrClassConfig  usbd_core.o
    0x0800693c   0x0800693c   0x00000004   Code   RO         6014    i.USBD_CoreFindEP   usbd_core.o
    0x08006940   0x08006940   0x00000004   Code   RO         6015    i.USBD_CoreFindIF   usbd_core.o
    0x08006944   0x08006944   0x00000010   Code   RO         6258    i.USBD_CtlContinueRx  usbd_ioreq.o
    0x08006954   0x08006954   0x00000010   Code   RO         6259    i.USBD_CtlContinueSendData  usbd_ioreq.o
    0x08006964   0x08006964   0x00000016   Code   RO         6177    i.USBD_CtlError     usbd_ctlreq.o
    0x0800697a   0x0800697a   0x0000001e   Code   RO         6260    i.USBD_CtlPrepareRx  usbd_ioreq.o
    0x08006998   0x08006998   0x00000016   Code   RO         6261    i.USBD_CtlReceiveStatus  usbd_ioreq.o
    0x080069ae   0x080069ae   0x0000001a   Code   RO         6262    i.USBD_CtlSendData  usbd_ioreq.o
    0x080069c8   0x080069c8   0x00000016   Code   RO         6263    i.USBD_CtlSendStatus  usbd_ioreq.o
    0x080069de   0x080069de   0x000000fa   Code   RO         6178    i.USBD_GetDescriptor  usbd_ctlreq.o
    0x08006ad8   0x08006ad8   0x0000003a   Code   RO         6017    i.USBD_GetEpDesc    usbd_core.o
    0x08006b12   0x08006b12   0x00000014   Code   RO         6179    i.USBD_GetLen       usbd_ctlreq.o
    0x08006b26   0x08006b26   0x0000000e   Code   RO         6018    i.USBD_GetNextDesc  usbd_core.o
    0x08006b34   0x08006b34   0x0000004e   Code   RO         6180    i.USBD_GetString    usbd_ctlreq.o
    0x08006b82   0x08006b82   0x00000018   Code   RO          816    i.USBD_Get_USB_Status  usbd_conf.o
    0x08006b9a   0x08006b9a   0x00000002   PAD
    0x08006b9c   0x08006b9c   0x00000020   Code   RO          647    i.USBD_HS_ConfigStrDescriptor  usbd_desc.o
    0x08006bbc   0x08006bbc   0x0000000c   Code   RO          648    i.USBD_HS_DeviceDescriptor  usbd_desc.o
    0x08006bc8   0x08006bc8   0x00000024   Code   RO          649    i.USBD_HS_InterfaceStrDescriptor  usbd_desc.o
    0x08006bec   0x08006bec   0x0000000c   Code   RO          650    i.USBD_HS_LangIDStrDescriptor  usbd_desc.o
    0x08006bf8   0x08006bf8   0x00000028   Code   RO          651    i.USBD_HS_ManufacturerStrDescriptor  usbd_desc.o
    0x08006c20   0x08006c20   0x0000002c   Code   RO          652    i.USBD_HS_ProductStrDescriptor  usbd_desc.o
    0x08006c4c   0x08006c4c   0x00000028   Code   RO          653    i.USBD_HS_SerialStrDescriptor  usbd_desc.o
    0x08006c74   0x08006c74   0x00000026   Code   RO         6019    i.USBD_Init         usbd_core.o
    0x08006c9a   0x08006c9a   0x00000012   Code   RO          817    i.USBD_LL_ClearStallEP  usbd_conf.o
    0x08006cac   0x08006cac   0x00000012   Code   RO          818    i.USBD_LL_CloseEP   usbd_conf.o
    0x08006cbe   0x08006cbe   0x000000b8   Code   RO         6020    i.USBD_LL_DataInStage  usbd_core.o
    0x08006d76   0x08006d76   0x00000090   Code   RO         6021    i.USBD_LL_DataOutStage  usbd_core.o
    0x08006e06   0x08006e06   0x00000004   Code   RO         6022    i.USBD_LL_DevConnected  usbd_core.o
    0x08006e0a   0x08006e0a   0x00000020   Code   RO         6023    i.USBD_LL_DevDisconnected  usbd_core.o
    0x08006e2a   0x08006e2a   0x00000008   Code   RO          822    i.USBD_LL_GetRxDataSize  usbd_conf.o
    0x08006e32   0x08006e32   0x00000002   PAD
    0x08006e34   0x08006e34   0x00000068   Code   RO          823    i.USBD_LL_Init      usbd_conf.o
    0x08006e9c   0x08006e9c   0x0000001e   Code   RO          824    i.USBD_LL_IsStallEP  usbd_conf.o
    0x08006eba   0x08006eba   0x00000028   Code   RO         6024    i.USBD_LL_IsoINIncomplete  usbd_core.o
    0x08006ee2   0x08006ee2   0x00000028   Code   RO         6025    i.USBD_LL_IsoOUTIncomplete  usbd_core.o
    0x08006f0a   0x08006f0a   0x00000018   Code   RO          825    i.USBD_LL_OpenEP    usbd_conf.o
    0x08006f22   0x08006f22   0x00000012   Code   RO          826    i.USBD_LL_PrepareReceive  usbd_conf.o
    0x08006f34   0x08006f34   0x0000005e   Code   RO         6026    i.USBD_LL_Reset     usbd_core.o
    0x08006f92   0x08006f92   0x00000014   Code   RO         6027    i.USBD_LL_Resume    usbd_core.o
    0x08006fa6   0x08006fa6   0x0000001a   Code   RO         6028    i.USBD_LL_SOF       usbd_core.o
    0x08006fc0   0x08006fc0   0x00000006   Code   RO         6029    i.USBD_LL_SetSpeed  usbd_core.o
    0x08006fc6   0x08006fc6   0x00000012   Code   RO          827    i.USBD_LL_SetUSBAddress  usbd_conf.o
    0x08006fd8   0x08006fd8   0x00000060   Code   RO         6030    i.USBD_LL_SetupStage  usbd_core.o
    0x08007038   0x08007038   0x00000012   Code   RO          828    i.USBD_LL_StallEP   usbd_conf.o
    0x0800704a   0x0800704a   0x00000012   Code   RO          829    i.USBD_LL_Start     usbd_conf.o
    0x0800705c   0x0800705c   0x0000001a   Code   RO         6031    i.USBD_LL_Suspend   usbd_core.o
    0x08007076   0x08007076   0x00000012   Code   RO          831    i.USBD_LL_Transmit  usbd_conf.o
    0x08007088   0x08007088   0x0000002a   Code   RO         6181    i.USBD_ParseSetupRequest  usbd_ctlreq.o
    0x080070b2   0x080070b2   0x0000003a   Code   RO         6032    i.USBD_RegisterClass  usbd_core.o
    0x080070ec   0x080070ec   0x00000014   Code   RO         6034    i.USBD_SetClassConfig  usbd_core.o
    0x08007100   0x08007100   0x000000bc   Code   RO         6182    i.USBD_SetConfig    usbd_ctlreq.o
    0x080071bc   0x080071bc   0x00000004   Code   RO         6035    i.USBD_Start        usbd_core.o
    0x080071c0   0x080071c0   0x0000012e   Code   RO         6183    i.USBD_StdDevReq    usbd_ctlreq.o
    0x080072ee   0x080072ee   0x00000164   Code   RO         6184    i.USBD_StdEPReq     usbd_ctlreq.o
    0x08007452   0x08007452   0x00000074   Code   RO         6185    i.USBD_StdItfReq    usbd_ctlreq.o
    0x080074c6   0x080074c6   0x00000002   Code   RO          832    i.USBD_static_free  usbd_conf.o
    0x080074c8   0x080074c8   0x00000008   Code   RO          833    i.USBD_static_malloc  usbd_conf.o
    0x080074d0   0x080074d0   0x00000080   Code   RO         1319    i.USB_ActivateEndpoint  stm32h7xx_ll_usb.o
    0x08007550   0x08007550   0x0000001c   Code   RO         1321    i.USB_ActivateSetup  stm32h7xx_ll_usb.o
    0x0800756c   0x0800756c   0x00000098   Code   RO         1323    i.USB_CoreInit      stm32h7xx_ll_usb.o
    0x08007604   0x08007604   0x0000003c   Code   RO         1324    i.USB_CoreReset     stm32h7xx_ll_usb.o
    0x08007640   0x08007640   0x000000cc   Code   RO         1327    i.USB_DeactivateEndpoint  stm32h7xx_ll_usb.o
    0x0800770c   0x0800770c   0x0000001c   Code   RO         1328    i.USB_DevConnect    stm32h7xx_ll_usb.o
    0x08007728   0x08007728   0x0000001c   Code   RO         1329    i.USB_DevDisconnect  stm32h7xx_ll_usb.o
    0x08007744   0x08007744   0x0000016c   Code   RO         1330    i.USB_DevInit       stm32h7xx_ll_usb.o
    0x080078b0   0x080078b0   0x0000000c   Code   RO         1331    i.USB_DisableGlobalInt  stm32h7xx_ll_usb.o
    0x080078bc   0x080078bc   0x00000058   Code   RO         1334    i.USB_EP0_OutStart  stm32h7xx_ll_usb.o
    0x08007914   0x08007914   0x00000058   Code   RO         1335    i.USB_EPClearStall  stm32h7xx_ll_usb.o
    0x0800796c   0x0800796c   0x00000058   Code   RO         1336    i.USB_EPSetStall    stm32h7xx_ll_usb.o
    0x080079c4   0x080079c4   0x00000238   Code   RO         1337    i.USB_EPStartXfer   stm32h7xx_ll_usb.o
    0x08007bfc   0x08007bfc   0x0000009e   Code   RO         1338    i.USB_EPStopXfer    stm32h7xx_ll_usb.o
    0x08007c9a   0x08007c9a   0x0000000c   Code   RO         1339    i.USB_EnableGlobalInt  stm32h7xx_ll_usb.o
    0x08007ca6   0x08007ca6   0x00000038   Code   RO         1340    i.USB_FlushRxFifo   stm32h7xx_ll_usb.o
    0x08007cde   0x08007cde   0x0000003c   Code   RO         1341    i.USB_FlushTxFifo   stm32h7xx_ll_usb.o
    0x08007d1a   0x08007d1a   0x0000001a   Code   RO         1343    i.USB_GetDevSpeed   stm32h7xx_ll_usb.o
    0x08007d34   0x08007d34   0x00000008   Code   RO         1345    i.USB_GetMode       stm32h7xx_ll_usb.o
    0x08007d3c   0x08007d3c   0x0000000e   Code   RO         1353    i.USB_ReadDevAllInEpInterrupt  stm32h7xx_ll_usb.o
    0x08007d4a   0x08007d4a   0x0000000e   Code   RO         1354    i.USB_ReadDevAllOutEpInterrupt  stm32h7xx_ll_usb.o
    0x08007d58   0x08007d58   0x00000024   Code   RO         1355    i.USB_ReadDevInEPInterrupt  stm32h7xx_ll_usb.o
    0x08007d7c   0x08007d7c   0x00000010   Code   RO         1356    i.USB_ReadDevOutEPInterrupt  stm32h7xx_ll_usb.o
    0x08007d8c   0x08007d8c   0x00000008   Code   RO         1357    i.USB_ReadInterrupts  stm32h7xx_ll_usb.o
    0x08007d94   0x08007d94   0x00000040   Code   RO         1358    i.USB_ReadPacket    stm32h7xx_ll_usb.o
    0x08007dd4   0x08007dd4   0x0000005e   Code   RO         1360    i.USB_SetCurrentMode  stm32h7xx_ll_usb.o
    0x08007e32   0x08007e32   0x00000022   Code   RO         1361    i.USB_SetDevAddress  stm32h7xx_ll_usb.o
    0x08007e54   0x08007e54   0x000000e8   Code   RO         1363    i.USB_SetTurnaroundTime  stm32h7xx_ll_usb.o
    0x08007f3c   0x08007f3c   0x00000028   Code   RO         1366    i.USB_WritePacket   stm32h7xx_ll_usb.o
    0x08007f64   0x08007f64   0x00000002   Code   RO          472    i.UsageFault_Handler  stm32h7xx_it.o
    0x08007f66   0x08007f66   0x00000002   PAD
    0x08007f68   0x08007f68   0x00000028   Code   RO         8215    i.__0sprintf        mc_w.l(printfa.o)
    0x08007f90   0x08007f90   0x00000024   Code   RO         8219    i.__0vsprintf       mc_w.l(printfa.o)
    0x08007fb4   0x08007fb4   0x00000022   Code   RO         2959    i.__NVIC_SetPriority  stm32h7xx_hal_cortex.o
    0x08007fd6   0x08007fd6   0x0000000e   Code   RO         8287    i.__scatterload_copy  mc_w.l(handlers.o)
    0x08007fe4   0x08007fe4   0x00000002   Code   RO         8288    i.__scatterload_null  mc_w.l(handlers.o)
    0x08007fe6   0x08007fe6   0x0000000e   Code   RO         8289    i.__scatterload_zeroinit  mc_w.l(handlers.o)
    0x08007ff4   0x08007ff4   0x00000184   Code   RO         8220    i._fp_digits        mc_w.l(printfa.o)
    0x08008178   0x08008178   0x000006b4   Code   RO         8221    i._printf_core      mc_w.l(printfa.o)
    0x0800882c   0x0800882c   0x00000024   Code   RO         8222    i._printf_post_padding  mc_w.l(printfa.o)
    0x08008850   0x08008850   0x0000002e   Code   RO         8223    i._printf_pre_padding  mc_w.l(printfa.o)
    0x0800887e   0x0800887e   0x0000000a   Code   RO         8225    i._sputc            mc_w.l(printfa.o)
    0x08008888   0x08008888   0x00000050   Code   RO         6432    i.cmd_init          cmd.o
    0x080088d8   0x080088d8   0x00000030   Code   RO         6433    i.cmd_install       cmd.o
    0x08008908   0x08008908   0x00000050   Code   RO         6505    i.cmd_task          cmd_task.o
    0x08008958   0x08008958   0x00000070   Code   RO         6506    i.cmd_task_init     cmd_task.o
    0x080089c8   0x080089c8   0x00000080   Code   RO         6434    i.find_cmd          cmd.o
    0x08008a48   0x08008a48   0x00000026   Code   RO           16    i.main              main.o
    0x08008a6e   0x08008a6e   0x0000000e   Code   RO         7414    i.makeFreeRtosPriority  cmsis_os.o
    0x08008a7c   0x08008a7c   0x0000003c   Code   RO         7928    i.myTaskCreate      system.o
    0x08008ab8   0x08008ab8   0x00000084   Code   RO         6435    i.mylog             cmd.o
    0x08008b3c   0x08008b3c   0x0000004c   Code   RO         6436    i.myprintf          cmd.o
    0x08008b88   0x08008b88   0x0000000e   Code   RO         7416    i.osDelay           cmsis_os.o
    0x08008b96   0x08008b96   0x0000000a   Code   RO         7419    i.osKernelStart     cmsis_os.o
    0x08008ba0   0x08008ba0   0x0000002e   Code   RO         7453    i.osThreadCreate    cmsis_os.o
    0x08008bce   0x08008bce   0x00000002   PAD
    0x08008bd0   0x08008bd0   0x00000050   Code   RO         6437    i.print_cmd_list    cmd.o
    0x08008c20   0x08008c20   0x00000070   Code   RO         7096    i.prvAddCurrentTaskToDelayedList  tasks.o
    0x08008c90   0x08008c90   0x000000d0   Code   RO         7097    i.prvAddNewTaskToReadyList  tasks.o
    0x08008d60   0x08008d60   0x0000006c   Code   RO         6801    i.prvCopyDataToQueue  queue.o
    0x08008dcc   0x08008dcc   0x00000014   Code   RO         7098    i.prvDeleteTCB      tasks.o
    0x08008de0   0x08008de0   0x00000050   Code   RO         7781    i.prvHeapInit       heap_4.o
    0x08008e30   0x08008e30   0x00000060   Code   RO         7099    i.prvIdleTask       tasks.o
    0x08008e90   0x08008e90   0x000000b0   Code   RO         7100    i.prvInitialiseNewTask  tasks.o
    0x08008f40   0x08008f40   0x0000004c   Code   RO         7782    i.prvInsertBlockIntoFreeList  heap_4.o
    0x08008f8c   0x08008f8c   0x0000001c   Code   RO         6802    i.prvIsQueueEmpty   queue.o
    0x08008fa8   0x08008fa8   0x00000020   Code   RO         7101    i.prvResetNextTaskUnblockTime  tasks.o
    0x08008fc8   0x08008fc8   0x00000028   Code   RO         7850    i.prvTaskExitError  port.o
    0x08008ff0   0x08008ff0   0x0000006a   Code   RO         6803    i.prvUnlockQueue    queue.o
    0x0800905a   0x0800905a   0x00000002   PAD
    0x0800905c   0x0800905c   0x000000dc   Code   RO         7783    i.pvPortMalloc      heap_4.o
    0x08009138   0x08009138   0x00000018   Code   RO         7103    i.pvTaskIncrementMutexHeldCount  tasks.o
    0x08009150   0x08009150   0x00000030   Code   RO         7851    i.pxPortInitialiseStack  port.o
    0x08009180   0x08009180   0x00000068   Code   RO         6507    i.show_time         cmd_task.o
    0x080091e8   0x080091e8   0x0000007c   Code   RO         6557    i.start_task        global.o
    0x08009264   0x08009264   0x00000030   Code   RO         6558    i.start_task_init   global.o
    0x08009294   0x08009294   0x0000009c   Code   RO         6508    i.system_print_task  cmd_task.o
    0x08009330   0x08009330   0x00000040   Code   RO         6509    i.system_print_version  cmd_task.o
    0x08009370   0x08009370   0x00000028   Code   RO         6438    i.system_rest       cmd.o
    0x08009398   0x08009398   0x00000060   Code   RO         7929    i.task_install      system.o
    0x080093f8   0x080093f8   0x00000028   Code   RO         6600    i.uart_dma_init     myusart.o
    0x08009420   0x08009420   0x000000c0   Code   RO         6601    i.uart_idle_callback  myusart.o
    0x080094e0   0x080094e0   0x00000002   Code   RO         6634    i.usart_task_init   usart_task.o
    0x080094e2   0x080094e2   0x00000026   Code   RO         6760    i.uxListRemove      list.o
    0x08009508   0x08009508   0x00000020   Code   RO         7107    i.uxTaskGetStackHighWaterMark  tasks.o
    0x08009528   0x08009528   0x00000016   Code   RO         6761    i.vListInitialise   list.o
    0x0800953e   0x0800953e   0x00000006   Code   RO         6762    i.vListInitialiseItem  list.o
    0x08009544   0x08009544   0x00000030   Code   RO         6763    i.vListInsert       list.o
    0x08009574   0x08009574   0x00000018   Code   RO         6764    i.vListInsertEnd    list.o
    0x0800958c   0x0800958c   0x00000040   Code   RO         7853    i.vPortEnterCritical  port.o
    0x080095cc   0x080095cc   0x00000028   Code   RO         7854    i.vPortExitCritical  port.o
    0x080095f4   0x080095f4   0x00000064   Code   RO         7784    i.vPortFree         heap_4.o
    0x08009658   0x08009658   0x00000024   Code   RO         7855    i.vPortSetupTimerInterrupt  port.o
    0x0800967c   0x0800967c   0x0000004c   Code   RO         7111    i.vTaskDelay        tasks.o
    0x080096c8   0x080096c8   0x00000010   Code   RO         7114    i.vTaskInternalSetTimeOutState  tasks.o
    0x080096d8   0x080096d8   0x0000000c   Code   RO         7115    i.vTaskMissedYield  tasks.o
    0x080096e4   0x080096e4   0x00000030   Code   RO         7117    i.vTaskPlaceOnEventList  tasks.o
    0x08009714   0x08009714   0x000000a8   Code   RO         7119    i.vTaskPriorityDisinheritAfterTimeout  tasks.o
    0x080097bc   0x080097bc   0x00000068   Code   RO         7124    i.vTaskStartScheduler  tasks.o
    0x08009824   0x08009824   0x00000010   Code   RO         7126    i.vTaskSuspendAll   tasks.o
    0x08009834   0x08009834   0x0000005c   Code   RO         7127    i.vTaskSwitchContext  tasks.o
    0x08009890   0x08009890   0x000000f4   Code   RO         7857    i.xPortStartScheduler  port.o
    0x08009984   0x08009984   0x00000024   Code   RO         6810    i.xQueueCreateMutex  queue.o
    0x080099a8   0x080099a8   0x00000042   Code   RO         6811    i.xQueueGenericCreate  queue.o
    0x080099ea   0x080099ea   0x00000002   PAD
    0x080099ec   0x080099ec   0x00000094   Code   RO         6812    i.xQueueGenericReset  queue.o
    0x08009a80   0x08009a80   0x00000160   Code   RO         6813    i.xQueueGenericSend  queue.o
    0x08009be0   0x08009be0   0x0000017c   Code   RO         6822    i.xQueueSemaphoreTake  queue.o
    0x08009d5c   0x08009d5c   0x00000078   Code   RO         7129    i.xTaskCheckForTimeOut  tasks.o
    0x08009dd4   0x08009dd4   0x00000056   Code   RO         7130    i.xTaskCreate       tasks.o
    0x08009e2a   0x08009e2a   0x00000002   PAD
    0x08009e2c   0x08009e2c   0x0000001c   Code   RO         7134    i.xTaskGetSchedulerState  tasks.o
    0x08009e48   0x08009e48   0x000000cc   Code   RO         7137    i.xTaskIncrementTick  tasks.o
    0x08009f14   0x08009f14   0x000000a0   Code   RO         7140    i.xTaskPriorityDisinherit  tasks.o
    0x08009fb4   0x08009fb4   0x00000090   Code   RO         7141    i.xTaskPriorityInherit  tasks.o
    0x0800a044   0x0800a044   0x00000074   Code   RO         7142    i.xTaskRemoveFromEventList  tasks.o
    0x0800a0b8   0x0800a0b8   0x000000c4   Code   RO         7143    i.xTaskResumeAll    tasks.o
    0x0800a17c   0x0800a17c   0x00000014   Data   RO          314    .constdata          freertos.o
    0x0800a190   0x0800a190   0x00000008   Data   RO         2260    .constdata          stm32h7xx_hal_dma.o
    0x0800a198   0x0800a198   0x00000018   Data   RO         5507    .constdata          stm32h7xx_hal_uart.o
    0x0800a1b0   0x0800a1b0   0x00000010   Data   RO         5873    .constdata          stm32h7xx_hal_uart_ex.o
    0x0800a1c0   0x0800a1c0   0x00000010   Data   RO         5978    .constdata          system_stm32h7xx.o
    0x0800a1d0   0x0800a1d0   0x0000000c   Data   RO          315    .conststring        freertos.o
    0x0800a1dc   0x0800a1dc   0x00000020   Data   RO         8285    Region$$Table       anon$$obj.o


    Execution Region RW_IRAM1 (Exec base: 0x20000000, Load base: 0x0800a1fc, Size: 0x00000000, Max: 0x00020000, ABSOLUTE)

    **** No section assigned to this execution region ****


    Execution Region RW_IRAM2 (Exec base: 0x24000000, Load base: 0x0800a1fc, Size: 0x0000a6b8, Max: 0x00050000, ABSOLUTE, COMPRESSED[0x000000c8])

    Exec Addr    Load Addr    Size         Type   Attr      Idx    E Section Name        Object

    0x24000000   COMPRESSED   0x00000004   Data   RW          316    .data               freertos.o
    0x24000004   COMPRESSED   0x00000020   Data   RW          656    .data               usbd_desc.o
    0x24000024   COMPRESSED   0x0000003e   Data   RW          657    .data               usbd_desc.o
    0x24000062   COMPRESSED   0x00000002   PAD
    0x24000064   COMPRESSED   0x00000014   Data   RW          746    .data               usbd_cdc_if.o
    0x24000078   COMPRESSED   0x0000000c   Data   RW         3145    .data               stm32h7xx_hal.o
    0x24000084   COMPRESSED   0x00000008   Data   RW         5979    .data               system_stm32h7xx.o
    0x2400008c   COMPRESSED   0x00000001   Data   RW         6186    .data               usbd_ctlreq.o
    0x2400008d   COMPRESSED   0x00000003   PAD
    0x24000090   COMPRESSED   0x00000053   Data   RW         6337    .data               usbd_cdc.o
    0x240000e3   COMPRESSED   0x00000001   PAD
    0x240000e4   COMPRESSED   0x00000038   Data   RW         6338    .data               usbd_cdc.o
    0x2400011c   COMPRESSED   0x00000008   Data   RW         6440    .data               cmd.o
    0x24000124   COMPRESSED   0x00000004   Data   RW         6511    .data               cmd_task.o
    0x24000128   COMPRESSED   0x0000000c   Data   RW         6561    .data               global.o
    0x24000134   COMPRESSED   0x0000003c   Data   RW         7146    .data               tasks.o
    0x24000170   COMPRESSED   0x00000020   Data   RW         7790    .data               heap_4.o
    0x24000190   COMPRESSED   0x0000000c   Data   RW         7858    .data               port.o
    0x2400019c   COMPRESSED   0x00000001   Data   RW         7931    .data               system.o
    0x2400019d   COMPRESSED   0x00000003   PAD
    0x240001a0        -       0x00000024   Zero   RW          382    .bss                rtc.o
    0x240001c4        -       0x0000010c   Zero   RW          424    .bss                usart.o
    0x240002d0        -       0x0000004c   Zero   RW          575    .bss                stm32h7xx_hal_timebase_tim.o
    0x2400031c        -       0x000002dc   Zero   RW          612    .bss                usb_device.o
    0x240005f8        -       0x00000200   Zero   RW          655    .bss                usbd_desc.o
    0x240007f8        -       0x00001000   Zero   RW          745    .bss                usbd_cdc_if.o
    0x240017f8        -       0x00000704   Zero   RW          834    .bss                usbd_conf.o
    0x24001efc        -       0x00000168   Zero   RW         6439    .bss                cmd.o
    0x24002064        -       0x0000005c   Zero   RW         6510    .bss                cmd_task.o
    0x240020c0        -       0x00000014   Zero   RW         6559    .bss                global.o
    0x240020d4        -       0x000000f0   Zero   RW         7145    .bss                tasks.o
    0x240021c4        -       0x00008000   Zero   RW         7789    .bss                heap_4.o
    0x2400a1c4        -       0x000000f0   Zero   RW         7930    .bss                system.o
    0x2400a2b4   COMPRESSED   0x00000004   PAD
    0x2400a2b8        -       0x00000400   Zero   RW            1    STACK               startup_stm32h723xx.o


==============================================================================

Image component sizes


      Code (inc. data)   RO Data    RW Data    ZI Data      Debug   Object Name

       584        190          0          8        360       5990   cmd.o
       516        290          0          4         92       2762   cmd_task.o
        84          0          0          0          0      12977   cmsis_os.o
        44          4          0          0          0        886   dma.o
         0          0          0          0          0      10656   event_groups.o
        52         10         32          4          0       1814   freertos.o
       172         48          0         12         20       1401   global.o
        44          6          0          0          0        903   gpio.o
       476         24          0         32      32768       7491   heap_4.o
       138          0          0          0          0       3638   list.o
       230         14          0          0          0    1227231   main.o
       232          8          0          0          0       2485   myusart.o
       706         74          0         12          0      11052   port.o
      1224         14          0          0          0      13421   queue.o
       200         18          0          0         36       1827   rtc.o
        36          8        716          0       1024        828   startup_stm32h723xx.o
       156         32          0         12          0      22942   stm32h7xx_hal.o
       196         22          0          0          0      39401   stm32h7xx_hal_cortex.o
      5984        242          8          0          0      12557   stm32h7xx_hal_dma.o
       540         44          0          0          0       1640   stm32h7xx_hal_gpio.o
        36          4          0          0          0        938   stm32h7xx_hal_msp.o
      2626         16          0          0          0      13732   stm32h7xx_hal_pcd.o
       120          6          0          0          0       3271   stm32h7xx_hal_pcd_ex.o
       100         10          0          0          0       1350   stm32h7xx_hal_pwr_ex.o
      2466        110          0          0          0       7797   stm32h7xx_hal_rcc.o
      3622        112          0          0          0       7769   stm32h7xx_hal_rcc_ex.o
       940         38          0          0          0       8393   stm32h7xx_hal_rtc.o
       824         82          0          0          0       7644   stm32h7xx_hal_tim.o
         6          0          0          0          0       2332   stm32h7xx_hal_tim_ex.o
       132         22          0          0         76       1564   stm32h7xx_hal_timebase_tim.o
      3478        166         24          0          0      37547   stm32h7xx_hal_uart.o
       290          6         16          0          0       5482   stm32h7xx_hal_uart_ex.o
        76         28          0          0          0       5170   stm32h7xx_it.o
      2708        118          0          0          0      23220   stm32h7xx_ll_usb.o
       156         10          0          1        240       3001   system.o
       192         34         16          8          0       1474   system_stm32h7xx.o
      2286        178          0         60        240      26929   tasks.o
       308         32          0          0        268       2017   usart.o
         2          0          0          0          0        466   usart_task.o
        84         18          0          0        732        788   usb_device.o
      1204         36          0        139          0      13695   usbd_cdc.o
        72         16          0         20       4096       3458   usbd_cdc_if.o
       618         24          0          0       1796      16728   usbd_conf.o
       932          0          0          0          0      15451   usbd_core.o
      1384         22          0          1          0      15572   usbd_ctlreq.o
       272        100          0         94        512       6357   usbd_desc.o
       132          0          0          0          0       4624   usbd_ioreq.o

    ----------------------------------------------------------------------
     36734       2236        844        416      42264    1618671   Object Totals
         0          0         32          0          0          0   (incl. Generated)
        54          0          0          9          4          0   (incl. Padding)

    ----------------------------------------------------------------------

      Code (inc. data)   RO Data    RW Data    ZI Data      Debug   Library Member Name

        86          0          0          0          0          0   __dczerorl2.o
         0          0          0          0          0          0   entry.o
         0          0          0          0          0          0   entry10a.o
         0          0          0          0          0          0   entry11a.o
         4          0          0          0          0          0   entry12b.o
         8          4          0          0          0          0   entry2.o
         4          0          0          0          0          0   entry5.o
         0          0          0          0          0          0   entry7b.o
         0          0          0          0          0          0   entry8b.o
         8          4          0          0          0          0   entry9a.o
        30          0          0          0          0          0   handlers.o
        36          8          0          0          0         68   init.o
         0          0          0          0          0          0   iusefp.o
        30          0          0          0          0         68   llshl.o
        36          0          0          0          0         68   llsshr.o
        32          0          0          0          0         68   llushr.o
        36          0          0          0          0         68   memcpya.o
        36          0          0          0          0        108   memseta.o
      2272         92          0          0          0        612   printfa.o
        18          0          0          0          0         68   strcpy.o
        14          0          0          0          0         68   strlen.o
        30          0          0          0          0         80   strncmp.o
        44          0          0          0          0         80   uidiv.o
        98          0          0          0          0         92   uldiv.o
        48          0          0          0          0         68   cdrcmple.o
       334          0          0          0          0        148   dadd.o
       222          0          0          0          0        100   ddiv.o
       186          0          0          0          0        176   depilogue.o
        48          0          0          0          0         68   dfixul.o
       228          0          0          0          0         96   dmul.o

    ----------------------------------------------------------------------
      3890        108          0          0          0       2104   Library Totals
         2          0          0          0          0          0   (incl. Padding)

    ----------------------------------------------------------------------

      Code (inc. data)   RO Data    RW Data    ZI Data      Debug   Library Name

      2822        108          0          0          0       1448   mc_w.l
      1066          0          0          0          0        656   mf_w.l

    ----------------------------------------------------------------------
      3890        108          0          0          0       2104   Library Totals

    ----------------------------------------------------------------------

==============================================================================


      Code (inc. data)   RO Data    RW Data    ZI Data      Debug   

     40624       2344        844        416      42264    1588867   Grand Totals
     40624       2344        844        200      42264    1588867   ELF Image Totals (compressed)
     40624       2344        844        200          0          0   ROM Totals

==============================================================================

    Total RO  Size (Code + RO Data)                41468 (  40.50kB)
    Total RW  Size (RW Data + ZI Data)             42680 (  41.68kB)
    Total ROM Size (Code + RO Data + RW Data)      41668 (  40.69kB)

==============================================================================

