Component: ARM Compiler 5.06 update 7 (build 960) Tool: armlink [4d3601]

==============================================================================

Section Cross References

    startup_stm32h723xx.o(RESET) refers to startup_stm32h723xx.o(STACK) for __initial_sp
    startup_stm32h723xx.o(RESET) refers to startup_stm32h723xx.o(.text) for Reset_Handler
    startup_stm32h723xx.o(RESET) refers to stm32h7xx_it.o(i.NMI_Handler) for NMI_Handler
    startup_stm32h723xx.o(RESET) refers to stm32h7xx_it.o(i.HardFault_Handler) for HardFault_Handler
    startup_stm32h723xx.o(RESET) refers to stm32h7xx_it.o(i.MemManage_Handler) for MemManage_Handler
    startup_stm32h723xx.o(RESET) refers to stm32h7xx_it.o(i.BusFault_Handler) for BusFault_Handler
    startup_stm32h723xx.o(RESET) refers to stm32h7xx_it.o(i.UsageFault_Handler) for UsageFault_Handler
    startup_stm32h723xx.o(RESET) refers to port.o(.emb_text) for SVC_Handler
    startup_stm32h723xx.o(RESET) refers to stm32h7xx_it.o(i.DebugMon_Handler) for DebugMon_Handler
    startup_stm32h723xx.o(RESET) refers to port.o(i.SysTick_Handler) for SysTick_Handler
    startup_stm32h723xx.o(RESET) refers to stm32h7xx_it.o(i.DMA1_Stream0_IRQHandler) for DMA1_Stream0_IRQHandler
    startup_stm32h723xx.o(RESET) refers to stm32h7xx_it.o(i.USART1_IRQHandler) for USART1_IRQHandler
    startup_stm32h723xx.o(RESET) refers to stm32h7xx_it.o(i.OTG_HS_IRQHandler) for OTG_HS_IRQHandler
    startup_stm32h723xx.o(RESET) refers to stm32h7xx_it.o(i.TIM17_IRQHandler) for TIM17_IRQHandler
    startup_stm32h723xx.o(.text) refers to system_stm32h7xx.o(i.SystemInit) for SystemInit
    startup_stm32h723xx.o(.text) refers to entry.o(.ARM.Collect$$$$00000000) for __main
    main.o(i.HAL_TIM_PeriodElapsedCallback) refers to stm32h7xx_hal.o(i.HAL_IncTick) for HAL_IncTick
    main.o(i.HAL_TIM_PeriodElapsedCallback) refers to global.o(.data) for rtc_ms
    main.o(i.SystemClock_Config) refers to memseta.o(.text) for __aeabi_memclr4
    main.o(i.SystemClock_Config) refers to stm32h7xx_hal_pwr_ex.o(i.HAL_PWREx_ConfigSupply) for HAL_PWREx_ConfigSupply
    main.o(i.SystemClock_Config) refers to stm32h7xx_hal_rcc.o(i.HAL_RCC_OscConfig) for HAL_RCC_OscConfig
    main.o(i.SystemClock_Config) refers to stm32h7xx_hal_rcc.o(i.HAL_RCC_ClockConfig) for HAL_RCC_ClockConfig
    main.o(i.main) refers to stm32h7xx_hal.o(i.HAL_Init) for HAL_Init
    main.o(i.main) refers to main.o(i.SystemClock_Config) for SystemClock_Config
    main.o(i.main) refers to gpio.o(i.MX_GPIO_Init) for MX_GPIO_Init
    main.o(i.main) refers to dma.o(i.MX_DMA_Init) for MX_DMA_Init
    main.o(i.main) refers to rtc.o(i.MX_RTC_Init) for MX_RTC_Init
    main.o(i.main) refers to usart.o(i.MX_USART1_UART_Init) for MX_USART1_UART_Init
    main.o(i.main) refers to system.o(i.debug_init) for debug_init
    main.o(i.main) refers to global.o(i.start_task_init) for start_task_init
    main.o(i.main) refers to freertos.o(i.MX_FREERTOS_Init) for MX_FREERTOS_Init
    main.o(i.main) refers to cmsis_os.o(i.osKernelStart) for osKernelStart
    gpio.o(i.MX_GPIO_Init) refers to memseta.o(.text) for __aeabi_memclr4
    gpio.o(i.MX_GPIO_Init) refers to stm32h7xx_hal_gpio.o(i.HAL_GPIO_Init) for HAL_GPIO_Init
    freertos.o(i.MX_FREERTOS_Init) refers to memcpya.o(.text) for __aeabi_memcpy4
    freertos.o(i.MX_FREERTOS_Init) refers to cmsis_os.o(i.osThreadCreate) for osThreadCreate
    freertos.o(i.MX_FREERTOS_Init) refers to freertos.o(.constdata) for .constdata
    freertos.o(i.MX_FREERTOS_Init) refers to freertos.o(.data) for .data
    freertos.o(i.StartDefaultTask) refers to usb_device.o(i.MX_USB_DEVICE_Init) for MX_USB_DEVICE_Init
    freertos.o(i.StartDefaultTask) refers to cmsis_os.o(i.osDelay) for osDelay
    freertos.o(.constdata) refers to freertos.o(.conststring) for .conststring
    freertos.o(.constdata) refers to freertos.o(i.StartDefaultTask) for StartDefaultTask
    dma.o(i.MX_DMA_Init) refers to stm32h7xx_hal_cortex.o(i.HAL_NVIC_SetPriority) for HAL_NVIC_SetPriority
    dma.o(i.MX_DMA_Init) refers to stm32h7xx_hal_cortex.o(i.HAL_NVIC_EnableIRQ) for HAL_NVIC_EnableIRQ
    rtc.o(i.HAL_RTC_MspInit) refers to memseta.o(.text) for __aeabi_memclr4
    rtc.o(i.HAL_RTC_MspInit) refers to stm32h7xx_hal_rcc_ex.o(i.HAL_RCCEx_PeriphCLKConfig) for HAL_RCCEx_PeriphCLKConfig
    rtc.o(i.HAL_RTC_MspInit) refers to main.o(i.Error_Handler) for Error_Handler
    rtc.o(i.MX_RTC_Init) refers to memseta.o(.text) for __aeabi_memclr4
    rtc.o(i.MX_RTC_Init) refers to stm32h7xx_hal_rtc.o(i.HAL_RTC_Init) for HAL_RTC_Init
    rtc.o(i.MX_RTC_Init) refers to main.o(i.Error_Handler) for Error_Handler
    rtc.o(i.MX_RTC_Init) refers to stm32h7xx_hal_rtc.o(i.HAL_RTC_SetTime) for HAL_RTC_SetTime
    rtc.o(i.MX_RTC_Init) refers to stm32h7xx_hal_rtc.o(i.HAL_RTC_SetDate) for HAL_RTC_SetDate
    rtc.o(i.MX_RTC_Init) refers to rtc.o(.bss) for .bss
    usart.o(i.HAL_UART_MspDeInit) refers to stm32h7xx_hal_gpio.o(i.HAL_GPIO_DeInit) for HAL_GPIO_DeInit
[...]
    HAL_PCD_MspInit                          0x080030a9   Thumb Code    92  usbd_conf.o(i.HAL_PCD_MspInit)
    HAL_PCD_ResetCallback                    0x0800310d   Thumb Code    44  usbd_conf.o(i.HAL_PCD_ResetCallback)
    HAL_PCD_ResumeCallback                   0x08003139   Thumb Code     8  usbd_conf.o(i.HAL_PCD_ResumeCallback)
    HAL_PCD_SOFCallback                      0x08003141   Thumb Code     8  usbd_conf.o(i.HAL_PCD_SOFCallback)
    HAL_PCD_SetAddress                       0x08003149   Thumb Code    38  stm32h7xx_hal_pcd.o(i.HAL_PCD_SetAddress)
    HAL_PCD_SetupStageCallback               0x0800316f   Thumb Code    14  usbd_conf.o(i.HAL_PCD_SetupStageCallback)
    HAL_PCD_Start                            0x0800317d   Thumb Code    66  stm32h7xx_hal_pcd.o(i.HAL_PCD_Start)
    HAL_PCD_SuspendCallback                  0x080031c1   Thumb Code    44  usbd_conf.o(i.HAL_PCD_SuspendCallback)
    HAL_PWREx_ConfigSupply                   0x080031f1   Thumb Code    78  stm32h7xx_hal_pwr_ex.o(i.HAL_PWREx_ConfigSupply)
    HAL_PWREx_EnableUSBVoltageDetector       0x08003245   Thumb Code    12  stm32h7xx_hal_pwr_ex.o(i.HAL_PWREx_EnableUSBVoltageDetector)
    HAL_RCCEx_GetD3PCLK1Freq                 0x08003255   Thumb Code    26  stm32h7xx_hal_rcc_ex.o(i.HAL_RCCEx_GetD3PCLK1Freq)
    HAL_RCCEx_GetPLL2ClockFreq               0x08003279   Thumb Code   296  stm32h7xx_hal_rcc_ex.o(i.HAL_RCCEx_GetPLL2ClockFreq)
    HAL_RCCEx_GetPLL3ClockFreq               0x080033bd   Thumb Code   296  stm32h7xx_hal_rcc_ex.o(i.HAL_RCCEx_GetPLL3ClockFreq)
    HAL_RCCEx_PeriphCLKConfig                0x08003501   Thumb Code  2362  stm32h7xx_hal_rcc_ex.o(i.HAL_RCCEx_PeriphCLKConfig)
    HAL_RCC_ClockConfig                      0x08003e3d   Thumb Code   580  stm32h7xx_hal_rcc.o(i.HAL_RCC_ClockConfig)
    HAL_RCC_GetClockConfig                   0x08004099   Thumb Code    84  stm32h7xx_hal_rcc.o(i.HAL_RCC_GetClockConfig)
    HAL_RCC_GetHCLKFreq                      0x080040f5   Thumb Code    52  stm32h7xx_hal_rcc.o(i.HAL_RCC_GetHCLKFreq)
    HAL_RCC_GetPCLK1Freq                     0x08004139   Thumb Code    26  stm32h7xx_hal_rcc.o(i.HAL_RCC_GetPCLK1Freq)
    HAL_RCC_GetPCLK2Freq                     0x0800415d   Thumb Code    26  stm32h7xx_hal_rcc.o(i.HAL_RCC_GetPCLK2Freq)
    HAL_RCC_GetSysClockFreq                  0x08004181   Thumb Code   278  stm32h7xx_hal_rcc.o(i.HAL_RCC_GetSysClockFreq)
    HAL_RCC_OscConfig                        0x080042b9   Thumb Code  1318  stm32h7xx_hal_rcc.o(i.HAL_RCC_OscConfig)
    HAL_RTC_GetDate                          0x080047e1   Thumb Code    68  stm32h7xx_hal_rtc.o(i.HAL_RTC_GetDate)
    HAL_RTC_GetTime                          0x08004829   Thumb Code    84  stm32h7xx_hal_rtc.o(i.HAL_RTC_GetTime)
    HAL_RTC_Init                             0x08004881   Thumb Code   154  stm32h7xx_hal_rtc.o(i.HAL_RTC_Init)
    HAL_RTC_MspInit                          0x08004921   Thumb Code    60  rtc.o(i.HAL_RTC_MspInit)
    HAL_RTC_SetDate                          0x08004965   Thumb Code   154  stm32h7xx_hal_rtc.o(i.HAL_RTC_SetDate)
    HAL_RTC_SetTime                          0x08004a05   Thumb Code   202  stm32h7xx_hal_rtc.o(i.HAL_RTC_SetTime)
    HAL_RTC_WaitForSynchro                   0x08004ad5   Thumb Code    50  stm32h7xx_hal_rtc.o(i.HAL_RTC_WaitForSynchro)
    HAL_TIMEx_Break2Callback                 0x08004b0d   Thumb Code     2  stm32h7xx_hal_tim_ex.o(i.HAL_TIMEx_Break2Callback)
    HAL_TIMEx_BreakCallback                  0x08004b0f   Thumb Code     2  stm32h7xx_hal_tim_ex.o(i.HAL_TIMEx_BreakCallback)
    HAL_TIMEx_CommutCallback                 0x08004b11   Thumb Code     2  stm32h7xx_hal_tim_ex.o(i.HAL_TIMEx_CommutCallback)
    HAL_TIM_Base_Init                        0x08004b13   Thumb Code    98  stm32h7xx_hal_tim.o(i.HAL_TIM_Base_Init)
    HAL_TIM_Base_MspInit                     0x08004b75   Thumb Code     2  stm32h7xx_hal_tim.o(i.HAL_TIM_Base_MspInit)
    HAL_TIM_Base_Start_IT                    0x08004b79   Thumb Code   118  stm32h7xx_hal_tim.o(i.HAL_TIM_Base_Start_IT)
    HAL_TIM_IC_CaptureCallback               0x08004c19   Thumb Code     2  stm32h7xx_hal_tim.o(i.HAL_TIM_IC_CaptureCallback)
    HAL_TIM_IRQHandler                       0x08004c1b   Thumb Code   328  stm32h7xx_hal_tim.o(i.HAL_TIM_IRQHandler)
    HAL_TIM_OC_DelayElapsedCallback          0x08004d63   Thumb Code     2  stm32h7xx_hal_tim.o(i.HAL_TIM_OC_DelayElapsedCallback)
    HAL_TIM_PWM_PulseFinishedCallback        0x08004d65   Thumb Code     2  stm32h7xx_hal_tim.o(i.HAL_TIM_PWM_PulseFinishedCallback)
    HAL_TIM_PeriodElapsedCallback            0x08004d69   Thumb Code    22  main.o(i.HAL_TIM_PeriodElapsedCallback)
    HAL_TIM_TriggerCallback                  0x08004d89   Thumb Code     2  stm32h7xx_hal_tim.o(i.HAL_TIM_TriggerCallback)
    HAL_UARTEx_DisableFifoMode               0x08004d8b   Thumb Code    64  stm32h7xx_hal_uart_ex.o(i.HAL_UARTEx_DisableFifoMode)
    HAL_UARTEx_RxEventCallback               0x08004dcb   Thumb Code     2  stm32h7xx_hal_uart.o(i.HAL_UARTEx_RxEventCallback)
    HAL_UARTEx_RxFifoFullCallback            0x08004dcd   Thumb Code     2  stm32h7xx_hal_uart_ex.o(i.HAL_UARTEx_RxFifoFullCallback)
    HAL_UARTEx_SetRxFifoThreshold            0x08004dcf   Thumb Code    76  stm32h7xx_hal_uart_ex.o(i.HAL_UARTEx_SetRxFifoThreshold)
    HAL_UARTEx_SetTxFifoThreshold            0x08004e1b   Thumb Code    76  stm32h7xx_hal_uart_ex.o(i.HAL_UARTEx_SetTxFifoThreshold)
    HAL_UARTEx_TxFifoEmptyCallback           0x08004e67   Thumb Code     2  stm32h7xx_hal_uart_ex.o(i.HAL_UARTEx_TxFifoEmptyCallback)
    HAL_UARTEx_WakeupCallback                0x08004e69   Thumb Code     2  stm32h7xx_hal_uart_ex.o(i.HAL_UARTEx_WakeupCallback)
    HAL_UART_DMAStop                         0x08004e6b   Thumb Code   146  stm32h7xx_hal_uart.o(i.HAL_UART_DMAStop)
    HAL_UART_ErrorCallback                   0x08004efd   Thumb Code     2  stm32h7xx_hal_uart.o(i.HAL_UART_ErrorCallback)
    HAL_UART_IRQHandler                      0x08004f01   Thumb Code   878  stm32h7xx_hal_uart.o(i.HAL_UART_IRQHandler)
    HAL_UART_Init                            0x08005289   Thumb Code   106  stm32h7xx_hal_uart.o(i.HAL_UART_Init)
    HAL_UART_MspInit                         0x080052f5   Thumb Code   182  usart.o(i.HAL_UART_MspInit)
    HAL_UART_Receive_DMA                     0x080053c1   Thumb Code    66  stm32h7xx_hal_uart.o(i.HAL_UART_Receive_DMA)
    HAL_UART_RxCpltCallback                  0x08005409   Thumb Code     2  stm32h7xx_hal_uart.o(i.HAL_UART_RxCpltCallback)
    HAL_UART_RxHalfCpltCallback              0x0800540b   Thumb Code     2  stm32h7xx_hal_uart.o(i.HAL_UART_RxHalfCpltCallback)
    HAL_UART_Transmit                        0x0800540d   Thumb Code   176  stm32h7xx_hal_uart.o(i.HAL_UART_Transmit)
    HAL_UART_TxCpltCallback                  0x080054bd   Thumb Code     2  stm32h7xx_hal_uart.o(i.HAL_UART_TxCpltCallback)
    HardFault_Handler                        0x080054bf   Thumb Code     2  stm32h7xx_it.o(i.HardFault_Handler)
    MX_DMA_Init                              0x080054f9   Thumb Code    40  dma.o(i.MX_DMA_Init)
    MX_FREERTOS_Init                         0x08005525   Thumb Code    30  freertos.o(i.MX_FREERTOS_Init)
    MX_GPIO_Init                             0x0800554d   Thumb Code    94  gpio.o(i.MX_GPIO_Init)
    MX_RTC_Init                              0x080055b5   Thumb Code   122  rtc.o(i.MX_RTC_Init)
    MX_USART1_UART_Init                      0x08005639   Thumb Code    94  usart.o(i.MX_USART1_UART_Init)
    MX_USB_DEVICE_Init                       0x080056a1   Thumb Code    66  usb_device.o(i.MX_USB_DEVICE_Init)
    MemManage_Handler                        0x080056f5   Thumb Code     2  stm32h7xx_it.o(i.MemManage_Handler)
    NMI_Handler                              0x080056f7   Thumb Code     2  stm32h7xx_it.o(i.NMI_Handler)
    OTG_HS_IRQHandler                        0x080056f9   Thumb Code     6  stm32h7xx_it.o(i.OTG_HS_IRQHandler)
    RTC_Bcd2ToByte                           0x08005ab5   Thumb Code    18  stm32h7xx_hal_rtc.o(i.RTC_Bcd2ToByte)
    RTC_ByteToBcd2                           0x08005ac7   Thumb Code    24  stm32h7xx_hal_rtc.o(i.RTC_ByteToBcd2)
    RTC_EnterInitMode                        0x08005ae1   Thumb Code    70  stm32h7xx_hal_rtc.o(i.RTC_EnterInitMode)
    RTC_ExitInitMode                         0x08005b29   Thumb Code    78  stm32h7xx_hal_rtc.o(i.RTC_ExitInitMode)
    StartDefaultTask                         0x08005b87   Thumb Code    12  freertos.o(i.StartDefaultTask)
    SysTick_Handler                          0x08005b95   Thumb Code    38  port.o(i.SysTick_Handler)
    SystemClock_Config                       0x08005bc1   Thumb Code   150  main.o(i.SystemClock_Config)
    SystemInit                               0x08005c5d   Thumb Code   158  system_stm32h7xx.o(i.SystemInit)
    TIM17_IRQHandler                         0x08005d1d   Thumb Code     6  stm32h7xx_it.o(i.TIM17_IRQHandler)
    TIM_Base_SetConfig                       0x08005d29   Thumb Code   188  stm32h7xx_hal_tim.o(i.TIM_Base_SetConfig)
    UART_AdvFeatureConfig                    0x08005e51   Thumb Code   200  stm32h7xx_hal_uart.o(i.UART_AdvFeatureConfig)
    UART_CheckIdleState                      0x08005f19   Thumb Code   170  stm32h7xx_hal_uart.o(i.UART_CheckIdleState)
    UART_SetConfig                           0x0800614d   Thumb Code   914  stm32h7xx_hal_uart.o(i.UART_SetConfig)
    UART_Start_Receive_DMA                   0x08006529   Thumb Code   156  stm32h7xx_hal_uart.o(i.UART_Start_Receive_DMA)
    UART_WaitOnFlagUntilTimeout              0x080065d1   Thumb Code   148  stm32h7xx_hal_uart.o(i.UART_WaitOnFlagUntilTimeout)
    USART1_IRQHandler                        0x08006665   Thumb Code    16  stm32h7xx_it.o(i.USART1_IRQHandler)
    USBD_CDC_GetDeviceQualifierDescriptor    0x080067f5   Thumb Code     8  usbd_cdc.o(i.USBD_CDC_GetDeviceQualifierDescriptor)
    USBD_CDC_ReceivePacket                   0x080069dd   Thumb Code    50  usbd_cdc.o(i.USBD_CDC_ReceivePacket)
    USBD_CDC_RegisterInterface               0x08006a15   Thumb Code    22  usbd_cdc.o(i.USBD_CDC_RegisterInterface)
    USBD_CDC_SetRxBuffer                     0x08006a2b   Thumb Code    26  usbd_cdc.o(i.USBD_CDC_SetRxBuffer)
    USBD_CDC_SetTxBuffer                     0x08006a45   Thumb Code    30  usbd_cdc.o(i.USBD_CDC_SetTxBuffer)
    USBD_ClrClassConfig                      0x08006b31   Thumb Code    20  usbd_core.o(i.USBD_ClrClassConfig)
    USBD_CoreFindEP                          0x08006b45   Thumb Code     4  usbd_core.o(i.USBD_CoreFindEP)
    USBD_CoreFindIF                          0x08006b49   Thumb Code     4  usbd_core.o(i.USBD_CoreFindIF)
    USBD_CtlContinueRx                       0x08006b4d   Thumb Code    16  usbd_ioreq.o(i.USBD_CtlContinueRx)
    USBD_CtlContinueSendData                 0x08006b5d   Thumb Code    16  usbd_ioreq.o(i.USBD_CtlContinueSendData)
    USBD_CtlError                            0x08006b6d   Thumb Code    22  usbd_ctlreq.o(i.USBD_CtlError)
    USBD_CtlPrepareRx                        0x08006b83   Thumb Code    30  usbd_ioreq.o(i.USBD_CtlPrepareRx)
    USBD_CtlReceiveStatus                    0x08006ba1   Thumb Code    22  usbd_ioreq.o(i.USBD_CtlReceiveStatus)
    USBD_CtlSendData                         0x08006bb7   Thumb Code    26  usbd_ioreq.o(i.USBD_CtlSendData)
    USBD_CtlSendStatus                       0x08006bd1   Thumb Code    22  usbd_ioreq.o(i.USBD_CtlSendStatus)
    USBD_GetEpDesc                           0x08006ce1   Thumb Code    58  usbd_core.o(i.USBD_GetEpDesc)
    USBD_GetNextDesc                         0x08006d2f   Thumb Code    14  usbd_core.o(i.USBD_GetNextDesc)
    USBD_GetString                           0x08006d3d   Thumb Code    78  usbd_ctlreq.o(i.USBD_GetString)
    USBD_Get_USB_Status                      0x08006d8b   Thumb Code    24  usbd_conf.o(i.USBD_Get_USB_Status)
    USBD_HS_ConfigStrDescriptor              0x08006da5   Thumb Code    16  usbd_desc.o(i.USBD_HS_ConfigStrDescriptor)
    USBD_HS_DeviceDescriptor                 0x08006dc5   Thumb Code     8  usbd_desc.o(i.USBD_HS_DeviceDescriptor)
    USBD_HS_InterfaceStrDescriptor           0x08006dd1   Thumb Code    16  usbd_desc.o(i.USBD_HS_InterfaceStrDescriptor)
    USBD_HS_LangIDStrDescriptor              0x08006df5   Thumb Code     8  usbd_desc.o(i.USBD_HS_LangIDStrDescriptor)
    USBD_HS_ManufacturerStrDescriptor        0x08006e01   Thumb Code    16  usbd_desc.o(i.USBD_HS_ManufacturerStrDescriptor)
    USBD_HS_ProductStrDescriptor             0x08006e29   Thumb Code    16  usbd_desc.o(i.USBD_HS_ProductStrDescriptor)
    USBD_HS_SerialStrDescriptor              0x08006e55   Thumb Code    36  usbd_desc.o(i.USBD_HS_SerialStrDescriptor)
    USBD_Init                                0x08006e7d   Thumb Code    38  usbd_core.o(i.USBD_Init)
    USBD_LL_ClearStallEP                     0x08006ea3   Thumb Code    18  usbd_conf.o(i.USBD_LL_ClearStallEP)
    USBD_LL_CloseEP                          0x08006eb5   Thumb Code    18  usbd_conf.o(i.USBD_LL_CloseEP)
    USBD_LL_DataInStage                      0x08006ec7   Thumb Code   184  usbd_core.o(i.USBD_LL_DataInStage)
    USBD_LL_DataOutStage                     0x08006f7f   Thumb Code   144  usbd_core.o(i.USBD_LL_DataOutStage)
    USBD_LL_DevConnected                     0x0800700f   Thumb Code     4  usbd_core.o(i.USBD_LL_DevConnected)
    USBD_LL_DevDisconnected                  0x08007013   Thumb Code    32  usbd_core.o(i.USBD_LL_DevDisconnected)
    USBD_LL_GetRxDataSize                    0x08007033   Thumb Code     8  usbd_conf.o(i.USBD_LL_GetRxDataSize)
    USBD_LL_Init                             0x0800703d   Thumb Code    96  usbd_conf.o(i.USBD_LL_Init)
    USBD_LL_IsStallEP                        0x080070a5   Thumb Code    30  usbd_conf.o(i.USBD_LL_IsStallEP)
    USBD_LL_IsoINIncomplete                  0x080070c3   Thumb Code    40  usbd_core.o(i.USBD_LL_IsoINIncomplete)
    USBD_LL_IsoOUTIncomplete                 0x080070eb   Thumb Code    40  usbd_core.o(i.USBD_LL_IsoOUTIncomplete)
    USBD_LL_OpenEP                           0x08007113   Thumb Code    24  usbd_conf.o(i.USBD_LL_OpenEP)
    USBD_LL_PrepareReceive                   0x0800712b   Thumb Code    18  usbd_conf.o(i.USBD_LL_PrepareReceive)
    USBD_LL_Reset                            0x0800713d   Thumb Code    94  usbd_core.o(i.USBD_LL_Reset)
    USBD_LL_Resume                           0x0800719b   Thumb Code    20  usbd_core.o(i.USBD_LL_Resume)
    USBD_LL_SOF                              0x080071af   Thumb Code    26  usbd_core.o(i.USBD_LL_SOF)
    USBD_LL_SetSpeed                         0x080071c9   Thumb Code     6  usbd_core.o(i.USBD_LL_SetSpeed)
    USBD_LL_SetUSBAddress                    0x080071cf   Thumb Code    18  usbd_conf.o(i.USBD_LL_SetUSBAddress)
    USBD_LL_SetupStage                       0x080071e1   Thumb Code    96  usbd_core.o(i.USBD_LL_SetupStage)
    USBD_LL_StallEP                          0x08007241   Thumb Code    18  usbd_conf.o(i.USBD_LL_StallEP)
    USBD_LL_Start                            0x08007253   Thumb Code    18  usbd_conf.o(i.USBD_LL_Start)
    USBD_LL_Suspend                          0x08007265   Thumb Code    26  usbd_core.o(i.USBD_LL_Suspend)
    USBD_LL_Transmit                         0x0800727f   Thumb Code    18  usbd_conf.o(i.USBD_LL_Transmit)
    USBD_ParseSetupRequest                   0x08007291   Thumb Code    42  usbd_ctlreq.o(i.USBD_ParseSetupRequest)
    USBD_RegisterClass                       0x080072bb   Thumb Code    58  usbd_core.o(i.USBD_RegisterClass)
    USBD_SetClassConfig                      0x080072f5   Thumb Code    20  usbd_core.o(i.USBD_SetClassConfig)
    USBD_Start                               0x080073c5   Thumb Code     4  usbd_core.o(i.USBD_Start)
    USBD_StdDevReq                           0x080073c9   Thumb Code   302  usbd_ctlreq.o(i.USBD_StdDevReq)
    USBD_StdEPReq                            0x080074f7   Thumb Code   356  usbd_ctlreq.o(i.USBD_StdEPReq)
    USBD_StdItfReq                           0x0800765b   Thumb Code   116  usbd_ctlreq.o(i.USBD_StdItfReq)
    USBD_static_free                         0x080076cf   Thumb Code     2  usbd_conf.o(i.USBD_static_free)
    USBD_static_malloc                       0x080076d1   Thumb Code     4  usbd_conf.o(i.USBD_static_malloc)
    USB_ActivateEndpoint                     0x080076d9   Thumb Code   124  stm32h7xx_ll_usb.o(i.USB_ActivateEndpoint)
    USB_ActivateSetup                        0x08007759   Thumb Code    28  stm32h7xx_ll_usb.o(i.USB_ActivateSetup)
    USB_CoreInit                             0x08007775   Thumb Code   142  stm32h7xx_ll_usb.o(i.USB_CoreInit)
    USB_DeactivateEndpoint                   0x08007849   Thumb Code   194  stm32h7xx_ll_usb.o(i.USB_DeactivateEndpoint)
    USB_DevConnect                           0x08007915   Thumb Code    28  stm32h7xx_ll_usb.o(i.USB_DevConnect)
    USB_DevDisconnect                        0x08007931   Thumb Code    28  stm32h7xx_ll_usb.o(i.USB_DevDisconnect)
    USB_DevInit                              0x0800794d   Thumb Code   354  stm32h7xx_ll_usb.o(i.USB_DevInit)
    USB_DisableGlobalInt                     0x08007ab9   Thumb Code    12  stm32h7xx_ll_usb.o(i.USB_DisableGlobalInt)
    USB_EP0_OutStart                         0x08007ac5   Thumb Code    84  stm32h7xx_ll_usb.o(i.USB_EP0_OutStart)
    USB_EPClearStall                         0x08007b1d   Thumb Code    88  stm32h7xx_ll_usb.o(i.USB_EPClearStall)
    USB_EPSetStall                           0x08007b75   Thumb Code    88  stm32h7xx_ll_usb.o(i.USB_EPSetStall)
    USB_EPStartXfer                          0x08007bcd   Thumb Code   562  stm32h7xx_ll_usb.o(i.USB_EPStartXfer)
    USB_EPStopXfer                           0x08007e05   Thumb Code   158  stm32h7xx_ll_usb.o(i.USB_EPStopXfer)
    USB_EnableGlobalInt                      0x08007ea3   Thumb Code    12  stm32h7xx_ll_usb.o(i.USB_EnableGlobalInt)
    USB_FlushRxFifo                          0x08007eaf   Thumb Code    56  stm32h7xx_ll_usb.o(i.USB_FlushRxFifo)
    USB_FlushTxFifo                          0x08007ee7   Thumb Code    60  stm32h7xx_ll_usb.o(i.USB_FlushTxFifo)
    USB_GetDevSpeed                          0x08007f23   Thumb Code    26  stm32h7xx_ll_usb.o(i.USB_GetDevSpeed)
    USB_GetMode                              0x08007f3d   Thumb Code     8  stm32h7xx_ll_usb.o(i.USB_GetMode)
    USB_ReadDevAllInEpInterrupt              0x08007f45   Thumb Code    14  stm32h7xx_ll_usb.o(i.USB_ReadDevAllInEpInterrupt)
    USB_ReadDevAllOutEpInterrupt             0x08007f53   Thumb Code    14  stm32h7xx_ll_usb.o(i.USB_ReadDevAllOutEpInterrupt)
    USB_ReadDevInEPInterrupt                 0x08007f61   Thumb Code    36  stm32h7xx_ll_usb.o(i.USB_ReadDevInEPInterrupt)
    USB_ReadDevOutEPInterrupt                0x08007f85   Thumb Code    16  stm32h7xx_ll_usb.o(i.USB_ReadDevOutEPInterrupt)
    USB_ReadInterrupts                       0x08007f95   Thumb Code     8  stm32h7xx_ll_usb.o(i.USB_ReadInterrupts)
    USB_ReadPacket                           0x08007f9d   Thumb Code    64  stm32h7xx_ll_usb.o(i.USB_ReadPacket)
    USB_SetCurrentMode                       0x08007fdd   Thumb Code    94  stm32h7xx_ll_usb.o(i.USB_SetCurrentMode)
    USB_SetDevAddress                        0x0800803b   Thumb Code    34  stm32h7xx_ll_usb.o(i.USB_SetDevAddress)
    USB_SetTurnaroundTime                    0x0800805d   Thumb Code   158  stm32h7xx_ll_usb.o(i.USB_SetTurnaroundTime)
    USB_WritePacket                          0x08008145   Thumb Code    40  stm32h7xx_ll_usb.o(i.USB_WritePacket)
    UsageFault_Handler                       0x0800816d   Thumb Code     2  stm32h7xx_it.o(i.UsageFault_Handler)
    __0snprintf                              0x08008171   Thumb Code    48  printfa.o(i.__0snprintf)
    __1snprintf                              0x08008171   Thumb Code     0  printfa.o(i.__0snprintf)
    __2snprintf                              0x08008171   Thumb Code     0  printfa.o(i.__0snprintf)
    __c89snprintf                            0x08008171   Thumb Code     0  printfa.o(i.__0snprintf)
    snprintf                                 0x08008171   Thumb Code     0  printfa.o(i.__0snprintf)
    __0sprintf                               0x080081a5   Thumb Code    34  printfa.o(i.__0sprintf)
    __1sprintf                               0x080081a5   Thumb Code     0  printfa.o(i.__0sprintf)
    __2sprintf                               0x080081a5   Thumb Code     0  printfa.o(i.__0sprintf)
    __c89sprintf                             0x080081a5   Thumb Code     0  printfa.o(i.__0sprintf)
    sprintf                                  0x080081a5   Thumb Code     0  printfa.o(i.__0sprintf)
    __0vsnprintf                             0x080081cd   Thumb Code    46  printfa.o(i.__0vsnprintf)
    __1vsnprintf                             0x080081cd   Thumb Code     0  printfa.o(i.__0vsnprintf)
    __2vsnprintf                             0x080081cd   Thumb Code     0  printfa.o(i.__0vsnprintf)
    __c89vsnprintf                           0x080081cd   Thumb Code     0  printfa.o(i.__0vsnprintf)
    vsnprintf                                0x080081cd   Thumb Code     0  printfa.o(i.__0vsnprintf)
    __scatterload_copy                       0x08008223   Thumb Code    14  handlers.o(i.__scatterload_copy)
    __scatterload_null                       0x08008231   Thumb Code     2  handlers.o(i.__scatterload_null)
    __scatterload_zeroinit                   0x08008233   Thumb Code    14  handlers.o(i.__scatterload_zeroinit)
    cmd_init                                 0x08008aed   Thumb Code    34  cmd.o(i.cmd_init)
    debug_init                               0x08008b19   Thumb Code    26  system.o(i.debug_init)
    eTaskGetState                            0x08008b35   Thumb Code   106  tasks.o(i.eTaskGetState)
    elog_get_filter_tag_lvl                  0x08008ba9   Thumb Code   136  elog.o(i.elog_get_filter_tag_lvl)
    elog_init                                0x08008c9d   Thumb Code   102  elog.o(i.elog_init)
    elog_output                              0x08008d09   Thumb Code   764  elog.o(i.elog_output)
    elog_output_lock                         0x080090a9   Thumb Code    28  elog.o(i.elog_output_lock)
    elog_output_lock_enabled                 0x080090c9   Thumb Code    40  elog.o(i.elog_output_lock_enabled)
    elog_output_unlock                       0x080090f5   Thumb Code    28  elog.o(i.elog_output_unlock)
    elog_port_get_p_info                     0x08009115   Thumb Code     4  elog_port.o(i.elog_port_get_p_info)
    elog_port_get_t_info                     0x0800911d   Thumb Code    26  elog_port.o(i.elog_port_get_t_info)
    elog_port_get_time                       0x0800913d   Thumb Code    50  elog_port.o(i.elog_port_get_time)
    elog_port_init                           0x08009195   Thumb Code    18  elog_port.o(i.elog_port_init)
    elog_port_output                         0x080091ad   Thumb Code    10  elog_port.o(i.elog_port_output)
    elog_port_output_lock                    0x080091bd   Thumb Code    18  elog_port.o(i.elog_port_output_lock)
    elog_port_output_unlock                  0x080091d5   Thumb Code    20  elog_port.o(i.elog_port_output_unlock)
    elog_set_filter_lvl                      0x080091ed   Thumb Code    64  elog.o(i.elog_set_filter_lvl)
    elog_set_fmt                             0x080092a1   Thumb Code    70  elog.o(i.elog_set_fmt)
    elog_set_text_color_enabled              0x0800935d   Thumb Code     8  elog.o(i.elog_set_text_color_enabled)
    elog_start                               0x08009369   Thumb Code    42  elog.o(i.elog_start)
    elog_strcpy                              0x080093f5   Thumb Code   148  elog_utils.o(i.elog_strcpy)
    log_init                                 0x080095cd   Thumb Code    66  elog_port.o(i.log_init)
    main                                     0x0800960f   Thumb Code    42  main.o(i.main)
    osDelay                                  0x08009647   Thumb Code    14  cmsis_os.o(i.osDelay)
    osKernelStart                            0x08009655   Thumb Code    10  cmsis_os.o(i.osKernelStart)
    osThreadCreate                           0x0800965f   Thumb Code    46  cmsis_os.o(i.osThreadCreate)
    pcTaskGetName                            0x0800968d   Thumb Code    28  tasks.o(i.pcTaskGetName)
    pvPortMalloc                             0x08009e65   Thumb Code   216  heap_4.o(i.pvPortMalloc)
    pvTaskIncrementMutexHeldCount            0x08009f41   Thumb Code    18  tasks.o(i.pvTaskIncrementMutexHeldCount)
    pxPortInitialiseStack                    0x08009f59   Thumb Code    42  port.o(i.pxPortInitialiseStack)
    start_task_init                          0x0800a041   Thumb Code    24  global.o(i.start_task_init)
    uart_dma_init                            0x0800a119   Thumb Code    54  myusart.o(i.uart_dma_init)
    uart_idle_callback                       0x0800a151   Thumb Code   184  myusart.o(i.uart_idle_callback)
    uart_transmit                            0x0800a211   Thumb Code    56  myusart.o(i.uart_transmit)
    uxListRemove                             0x0800a249   Thumb Code    38  list.o(i.uxListRemove)
    uxTaskGetSystemState                     0x0800a271   Thumb Code   162  tasks.o(i.uxTaskGetSystemState)
    vListInitialise                          0x0800a31d   Thumb Code    22  list.o(i.vListInitialise)
    vListInitialiseItem                      0x0800a333   Thumb Code     6  list.o(i.vListInitialiseItem)
    vListInsert                              0x0800a339   Thumb Code    48  list.o(i.vListInsert)
    vListInsertEnd                           0x0800a369   Thumb Code    24  list.o(i.vListInsertEnd)
    vPortEnterCritical                       0x0800a381   Thumb Code    54  port.o(i.vPortEnterCritical)
    vPortExitCritical                        0x0800a3c1   Thumb Code    34  port.o(i.vPortExitCritical)
    vPortFree                                0x0800a3e9   Thumb Code    94  heap_4.o(i.vPortFree)
    vPortSetupTimerInterrupt                 0x0800a44d   Thumb Code    32  port.o(i.vPortSetupTimerInterrupt)
    vPortValidateInterruptPriority           0x0800a471   Thumb Code    74  port.o(i.vPortValidateInterruptPriority)
    vRegisterSampleCLICommands               0x0800a4c5   Thumb Code    28  sample-cli-commands.o(i.vRegisterSampleCLICommands)
    vSerialPutString                         0x0800a4e5   Thumb Code    28  serial.o(i.vSerialPutString)
    vTaskDelay                               0x0800a501   Thumb Code    66  tasks.o(i.vTaskDelay)
    vTaskGetInfo                             0x0800a54d   Thumb Code   112  tasks.o(i.vTaskGetInfo)
    vTaskInternalSetTimeOutState             0x0800a5c1   Thumb Code    12  tasks.o(i.vTaskInternalSetTimeOutState)
    vTaskList                                0x0800a5d1   Thumb Code   180  tasks.o(i.vTaskList)
    vTaskMissedYield                         0x0800a699   Thumb Code     8  tasks.o(i.vTaskMissedYield)
    vTaskPlaceOnEventList                    0x0800a6a5   Thumb Code    44  tasks.o(i.vTaskPlaceOnEventList)
    vTaskPriorityDisinheritAfterTimeout      0x0800a6d5   Thumb Code   158  tasks.o(i.vTaskPriorityDisinheritAfterTimeout)
    vTaskStartScheduler                      0x0800a77d   Thumb Code    86  tasks.o(i.vTaskStartScheduler)
    vTaskSuspendAll                          0x0800a7e5   Thumb Code    10  tasks.o(i.vTaskSuspendAll)
    vTaskSwitchContext                       0x0800a7f5   Thumb Code    82  tasks.o(i.vTaskSwitchContext)
    vUARTCommandConsoleStart                 0x0800a851   Thumb Code    54  uartcommandconsole.o(i.vUARTCommandConsoleStart)
    vUARTInterruptHandler                    0x0800a895   Thumb Code    68  serial.o(i.vUARTInterruptHandler)
    xPortStartScheduler                      0x0800a8e5   Thumb Code   222  port.o(i.xPortStartScheduler)
    xQueueCreateMutex                        0x0800a9d9   Thumb Code    36  queue.o(i.xQueueCreateMutex)
    xQueueGenericCreate                      0x0800a9fd   Thumb Code    76  queue.o(i.xQueueGenericCreate)
    xQueueGenericReset                       0x0800aa49   Thumb Code   144  queue.o(i.xQueueGenericReset)
    xQueueGenericSend                        0x0800aadd   Thumb Code   346  queue.o(i.xQueueGenericSend)
    xQueueGenericSendFromISR                 0x0800ac3d   Thumb Code   190  queue.o(i.xQueueGenericSendFromISR)
    xQueueReceive                            0x0800acfd   Thumb Code   310  queue.o(i.xQueueReceive)
    xQueueSemaphoreTake                      0x0800ae39   Thumb Code   376  queue.o(i.xQueueSemaphoreTake)
    xSerialGetChar                           0x0800afb5   Thumb Code    18  serial.o(i.xSerialGetChar)
    xSerialPortInitMinimal                   0x0800afcd   Thumb Code    54  serial.o(i.xSerialPortInitMinimal)
    xSerialPutChar                           0x0800b015   Thumb Code    62  serial.o(i.xSerialPutChar)
    xTaskCheckForTimeOut                     0x0800b05d   Thumb Code   116  tasks.o(i.xTaskCheckForTimeOut)
    xTaskCreate                              0x0800b0d5   Thumb Code    86  tasks.o(i.xTaskCreate)
    xTaskGetCurrentTaskHandle                0x0800b12d   Thumb Code     6  tasks.o(i.xTaskGetCurrentTaskHandle)
    xTaskGetSchedulerState                   0x0800b139   Thumb Code    22  tasks.o(i.xTaskGetSchedulerState)
    xTaskGetTickCount                        0x0800b155   Thumb Code     6  tasks.o(i.xTaskGetTickCount)
    xTaskIncrementTick                       0x0800b161   Thumb Code   194  tasks.o(i.xTaskIncrementTick)
    xTaskPriorityDisinherit                  0x0800b22d   Thumb Code   150  tasks.o(i.xTaskPriorityDisinherit)
    xTaskPriorityInherit                     0x0800b2cd   Thumb Code   136  tasks.o(i.xTaskPriorityInherit)
    xTaskRemoveFromEventList                 0x0800b35d   Thumb Code   108  tasks.o(i.xTaskRemoveFromEventList)
    xTaskResumeAll                           0x0800b3d1   Thumb Code   184  tasks.o(i.xTaskResumeAll)
    UARTPrescTable                           0x0800b4b0   Data          24  stm32h7xx_hal_uart.o(.constdata)
    D1CorePrescTable                         0x0800b4d8   Data          16  system_stm32h7xx.o(.constdata)
    Region$$Table$$Base                      0x0800b9d4   Number         0  anon$$obj.o(Region$$Table)
    Region$$Table$$Limit                     0x0800b9f4   Number         0  anon$$obj.o(Region$$Table)
    defaultTaskHandle                        0x24000000   Data           4  freertos.o(.data)
    HS_Desc                                  0x24000004   Data          32  usbd_desc.o(.data)
    USBD_LangIDDesc                          0x24000024   Data           4  usbd_desc.o(.data)
    USBD_HS_DeviceDesc                       0x24000028   Data          18  usbd_desc.o(.data)
    USBD_HS_BOSDesc                          0x2400003c   Data          12  usbd_desc.o(.data)
    USBD_StringSerial                        0x24000048   Data          26  usbd_desc.o(.data)
    USBD_Interface_fops_HS                   0x24000064   Data          20  usbd_cdc_if.o(.data)
    uwTickFreq                               0x24000078   Data           1  stm32h7xx_hal.o(.data)
    uwTickPrio                               0x2400007c   Data           4  stm32h7xx_hal.o(.data)
    uwTick                                   0x24000080   Data           4  stm32h7xx_hal.o(.data)
    SystemCoreClock                          0x24000084   Data           4  system_stm32h7xx.o(.data)
    SystemD2Clock                            0x24000088   Data           4  system_stm32h7xx.o(.data)
    USBD_CDC                                 0x240000e4   Data          56  usbd_cdc.o(.data)
    write_mutex                              0x2400011c   Data           4  cmd.o(.data)
    pxCurrentTCB                             0x24000120   Data           4  tasks.o(.data)
    rtc_ms                                   0x24000188   Data           2  global.o(.data)
    rtc_date                                 0x2400018a   Data           4  global.o(.data)
    START_TASK_Handler                       0x24000190   Data           4  global.o(.data)
    elog_assert_hook                         0x240001c0   Data           4  elog.o(.data)
    hrtc                                     0x240001f8   Data          36  rtc.o(.bss)
    huart1                                   0x2400021c   Data         148  usart.o(.bss)
    hdma_usart1_rx                           0x240002b0   Data         120  usart.o(.bss)
    htim17                                   0x24000328   Data          76  stm32h7xx_hal_timebase_tim.o(.bss)
    hUsbDeviceHS                             0x24000374   Data         732  usb_device.o(.bss)
    USBD_StrDesc                             0x24000650   Data         512  usbd_desc.o(.bss)
    UserRxBufferHS                           0x24000850   Data        2048  usbd_cdc_if.o(.bss)
    UserTxBufferHS                           0x24001050   Data        2048  usbd_cdc_if.o(.bss)
    hpcd_USB_OTG_HS                          0x24001a70   Data        1252  usbd_conf.o(.bss)
    rtc_time                                 0x2400a10c   Data          20  global.o(.bss)
    debug_uart                               0x2400a520   Data          96  serial.o(.bss)
    __initial_sp                             0x2400ae90   Data           0  startup_stm32h723xx.o(STACK)



==============================================================================

Memory Map of the image

  Image Entry point : 0x080002cd

  Load Region LR_IROM1 (Base: 0x08000000, Size: 0x0000bbec, Max: 0x00100000, ABSOLUTE, COMPRESSED[0x0000baf0])

    Execution Region ER_IROM1 (Exec base: 0x08000000, Load base: 0x08000000, Size: 0x0000b9f4, Max: 0x00100000, ABSOLUTE)

    Exec Addr    Load Addr    Size         Type   Attr      Idx    E Section Name        Object

    0x08000000   0x08000000   0x000002cc   Data   RO            3    RESET               startup_stm32h723xx.o
    0x080002cc   0x080002cc   0x00000000   Code   RO         8654  * .ARM.Collect$$$$00000000  mc_w.l(entry.o)
    0x080002cc   0x080002cc   0x00000004   Code   RO         8942    .ARM.Collect$$$$00000001  mc_w.l(entry2.o)
    0x080002d0   0x080002d0   0x00000004   Code   RO         8945    .ARM.Collect$$$$00000004  mc_w.l(entry5.o)
    0x080002d4   0x080002d4   0x00000000   Code   RO         8947    .ARM.Collect$$$$00000008  mc_w.l(entry7b.o)
    0x080002d4   0x080002d4   0x00000000   Code   RO         8949    .ARM.Collect$$$$0000000A  mc_w.l(entry8b.o)
    0x080002d4   0x080002d4   0x00000008   Code   RO         8950    .ARM.Collect$$$$0000000B  mc_w.l(entry9a.o)
    0x080002dc   0x080002dc   0x00000004   Code   RO         8957    .ARM.Collect$$$$0000000E  mc_w.l(entry12b.o)
    0x080002e0   0x080002e0   0x00000000   Code   RO         8952    .ARM.Collect$$$$0000000F  mc_w.l(entry10a.o)
    0x080002e0   0x080002e0   0x00000000   Code   RO         8954    .ARM.Collect$$$$00000011  mc_w.l(entry11a.o)
    0x080002e0   0x080002e0   0x00000004   Code   RO         8943    .ARM.Collect$$$$00002712  mc_w.l(entry2.o)
    0x080002e4   0x080002e4   0x000000be   Code   RO         8014    .emb_text           port.o
    0x080003a2   0x080003a2   0x00000002   PAD
    0x080003a4   0x080003a4   0x00000024   Code   RO            4    .text               startup_stm32h723xx.o
    0x080003c8   0x080003c8   0x00000062   Code   RO         8657    .text               mc_w.l(uldiv.o)
    0x0800042a   0x0800042a   0x00000024   Code   RO         8659    .text               mc_w.l(memcpya.o)
    0x0800044e   0x0800044e   0x00000024   Code   RO         8663    .text               mc_w.l(memseta.o)
    0x08000472   0x08000472   0x00000024   Code   RO         8665    .text               mc_w.l(strstr.o)
    0x08000496   0x08000496   0x00000018   Code   RO         8667    .text               mc_w.l(strncpy.o)
    0x080004ae   0x080004ae   0x0000000e   Code   RO         8669    .text               mc_w.l(strlen.o)
    0x080004bc   0x080004bc   0x00000028   Code   RO         8673    .text               mc_w.l(strncat.o)
    0x080004e4   0x080004e4   0x00000012   Code   RO         8675    .text               mc_w.l(strcpy.o)
    0x080004f6   0x080004f6   0x0000001e   Code   RO         8677    .text               mc_w.l(strncmp.o)
    0x08000514   0x08000514   0x0000002c   Code   RO         8961    .text               mc_w.l(uidiv.o)
    0x08000540   0x08000540   0x0000001e   Code   RO         8963    .text               mc_w.l(llshl.o)
    0x0800055e   0x0800055e   0x00000020   Code   RO         8965    .text               mc_w.l(llushr.o)
    0x0800057e   0x0800057e   0x00000000   Code   RO         8967    .text               mc_w.l(iusefp.o)
    0x0800057e   0x0800057e   0x0000014e   Code   RO         8968    .text               mf_w.l(dadd.o)
    0x080006cc   0x080006cc   0x000000e4   Code   RO         8970    .text               mf_w.l(dmul.o)
    0x080007b0   0x080007b0   0x000000de   Code   RO         8972    .text               mf_w.l(ddiv.o)
    0x0800088e   0x0800088e   0x00000030   Code   RO         8974    .text               mf_w.l(dfixul.o)
    0x080008be   0x080008be   0x00000002   PAD
    0x080008c0   0x080008c0   0x00000030   Code   RO         8976    .text               mf_w.l(cdrcmple.o)
    0x080008f0   0x080008f0   0x00000024   Code   RO         8978    .text               mc_w.l(init.o)
    0x08000914   0x08000914   0x00000024   Code   RO         8981    .text               mc_w.l(llsshr.o)
    0x08000938   0x08000938   0x000000ba   Code   RO         8984    .text               mf_w.l(depilogue.o)
    0x080009f2   0x080009f2   0x00000056   Code   RO         8994    .text               mc_w.l(__dczerorl2.o)
    0x08000a48   0x08000a48   0x00000002   Code   RO          636    i.BusFault_Handler  stm32h7xx_it.o
    0x08000a4a   0x08000a4a   0x00000004   Code   RO          934    i.CDC_Control_HS    usbd_cdc_if.o
    0x08000a4e   0x08000a4e   0x00000004   Code   RO          935    i.CDC_DeInit_HS     usbd_cdc_if.o
    0x08000a52   0x08000a52   0x00000002   PAD
    0x08000a54   0x08000a54   0x00000024   Code   RO          936    i.CDC_Init_HS       usbd_cdc_if.o
    0x08000a78   0x08000a78   0x00000018   Code   RO          937    i.CDC_Receive_HS    usbd_cdc_if.o
    0x08000a90   0x08000a90   0x00000004   Code   RO          938    i.CDC_TransmitCplt_HS  usbd_cdc_if.o
    0x08000a94   0x08000a94   0x0000000c   Code   RO          637    i.DMA1_Stream0_IRQHandler  stm32h7xx_it.o
    0x08000aa0   0x08000aa0   0x000000b4   Code   RO         2439    i.DMA_CalcBaseAndBitshift  stm32h7xx_hal_dma.o
    0x08000b54   0x08000b54   0x0000009c   Code   RO         2440    i.DMA_CalcDMAMUXChannelBaseAndMask  stm32h7xx_hal_dma.o
    0x08000bf0   0x08000bf0   0x00000074   Code   RO         2441    i.DMA_CalcDMAMUXRequestGenBaseAndMask  stm32h7xx_hal_dma.o
    0x08000c64   0x08000c64   0x00000054   Code   RO         2442    i.DMA_CheckFifoParam  stm32h7xx_hal_dma.o
    0x08000cb8   0x08000cb8   0x00000220   Code   RO         2443    i.DMA_SetConfig     stm32h7xx_hal_dma.o
    0x08000ed8   0x08000ed8   0x00000002   Code   RO          638    i.DebugMon_Handler  stm32h7xx_it.o
    0x08000eda   0x08000eda   0x00000004   Code   RO           13    i.Error_Handler     main.o
    0x08000ede   0x08000ede   0x00000002   PAD
    0x08000ee0   0x08000ee0   0x00000008   Code   RO         8173    i.FreeRTOS_CLIGetOutputBuffer  freertos_cli.o
    0x08000ee8   0x08000ee8   0x00000046   Code   RO         8174    i.FreeRTOS_CLIGetParameter  freertos_cli.o
    0x08000f2e   0x08000f2e   0x00000002   PAD
    0x08000f30   0x08000f30   0x000000d0   Code   RO         8175    i.FreeRTOS_CLIProcessCommand  freertos_cli.o
    0x08001000   0x08001000   0x00000050   Code   RO         8176    i.FreeRTOS_CLIRegisterCommand  freertos_cli.o
    0x08001050   0x08001050   0x00000360   Code   RO         2444    i.HAL_DMA_Abort     stm32h7xx_hal_dma.o
    0x080013b0   0x080013b0   0x00000284   Code   RO         2445    i.HAL_DMA_Abort_IT  stm32h7xx_hal_dma.o
    0x08001634   0x08001634   0x00000004   Code   RO         2447    i.HAL_DMA_GetError  stm32h7xx_hal_dma.o
    0x08001638   0x08001638   0x000006e8   Code   RO         2449    i.HAL_DMA_IRQHandler  stm32h7xx_hal_dma.o
    0x08001d20   0x08001d20   0x000003bc   Code   RO         2450    i.HAL_DMA_Init      stm32h7xx_hal_dma.o
    0x080020dc   0x080020dc   0x0000029c   Code   RO         2454    i.HAL_DMA_Start_IT  stm32h7xx_hal_dma.o
    0x08002378   0x08002378   0x00000024   Code   RO         3294    i.HAL_Delay         stm32h7xx_hal.o
    0x0800239c   0x0800239c   0x0000021c   Code   RO         2292    i.HAL_GPIO_Init     stm32h7xx_hal_gpio.o
    0x080025b8   0x080025b8   0x0000000c   Code   RO         3310    i.HAL_GetTick       stm32h7xx_hal.o
    0x080025c4   0x080025c4   0x00000010   Code   RO         3316    i.HAL_IncTick       stm32h7xx_hal.o
    0x080025d4   0x080025d4   0x0000005c   Code   RO         3317    i.HAL_Init          stm32h7xx_hal.o
    0x08002630   0x08002630   0x00000084   Code   RO          742    i.HAL_InitTick      stm32h7xx_hal_timebase_tim.o
    0x080026b4   0x080026b4   0x00000024   Code   RO          718    i.HAL_MspInit       stm32h7xx_hal_msp.o
    0x080026d8   0x080026d8   0x0000001a   Code   RO         3142    i.HAL_NVIC_EnableIRQ  stm32h7xx_hal_cortex.o
    0x080026f2   0x080026f2   0x00000002   PAD
    0x080026f4   0x080026f4   0x00000040   Code   RO         3148    i.HAL_NVIC_SetPriority  stm32h7xx_hal_cortex.o
    0x08002734   0x08002734   0x00000024   Code   RO         3149    i.HAL_NVIC_SetPriorityGrouping  stm32h7xx_hal_cortex.o
    0x08002758   0x08002758   0x00000024   Code   RO         3150    i.HAL_NVIC_SystemReset  stm32h7xx_hal_cortex.o
    0x0800277c   0x0800277c   0x00000028   Code   RO         1443    i.HAL_PCDEx_ActivateLPM  stm32h7xx_hal_pcd_ex.o
    0x080027a4   0x080027a4   0x00000002   Code   RO         1448    i.HAL_PCDEx_LPM_Callback  stm32h7xx_hal_pcd_ex.o
    0x080027a6   0x080027a6   0x00000008   Code   RO         1449    i.HAL_PCDEx_SetRxFiFo  stm32h7xx_hal_pcd_ex.o
    0x080027ae   0x080027ae   0x00000046   Code   RO         1450    i.HAL_PCDEx_SetTxFiFo  stm32h7xx_hal_pcd_ex.o
    0x080027f4   0x080027f4   0x00000008   Code   RO          999    i.HAL_PCD_ConnectCallback  usbd_conf.o
    0x080027fc   0x080027fc   0x00000012   Code   RO         1000    i.HAL_PCD_DataInStageCallback  usbd_conf.o
    0x0800280e   0x0800280e   0x00000014   Code   RO         1001    i.HAL_PCD_DataOutStageCallback  usbd_conf.o
    0x08002822   0x08002822   0x00000008   Code   RO         1002    i.HAL_PCD_DisconnectCallback  usbd_conf.o
    0x0800282a   0x0800282a   0x0000001e   Code   RO         1219    i.HAL_PCD_EP_Abort  stm32h7xx_hal_pcd.o
    0x08002848   0x08002848   0x0000004a   Code   RO         1220    i.HAL_PCD_EP_Close  stm32h7xx_hal_pcd.o
    0x08002892   0x08002892   0x0000005a   Code   RO         1221    i.HAL_PCD_EP_ClrStall  stm32h7xx_hal_pcd.o
    0x080028ec   0x080028ec   0x00000012   Code   RO         1223    i.HAL_PCD_EP_GetRxCount  stm32h7xx_hal_pcd.o
    0x080028fe   0x080028fe   0x0000005e   Code   RO         1224    i.HAL_PCD_EP_Open   stm32h7xx_hal_pcd.o
    0x0800295c   0x0800295c   0x00000034   Code   RO         1225    i.HAL_PCD_EP_Receive  stm32h7xx_hal_pcd.o
    0x08002990   0x08002990   0x00000072   Code   RO         1226    i.HAL_PCD_EP_SetStall  stm32h7xx_hal_pcd.o
    0x08002a02   0x08002a02   0x00000034   Code   RO         1227    i.HAL_PCD_EP_Transmit  stm32h7xx_hal_pcd.o
    0x08002a36   0x08002a36   0x00000002   PAD
    0x08002a38   0x08002a38   0x00000594   Code   RO         1229    i.HAL_PCD_IRQHandler  stm32h7xx_hal_pcd.o
    0x08002fcc   0x08002fcc   0x00000008   Code   RO         1003    i.HAL_PCD_ISOINIncompleteCallback  usbd_conf.o
    0x08002fd4   0x08002fd4   0x00000008   Code   RO         1004    i.HAL_PCD_ISOOUTIncompleteCallback  usbd_conf.o
    0x08002fdc   0x08002fdc   0x000000cc   Code   RO         1232    i.HAL_PCD_Init      stm32h7xx_hal_pcd.o
    0x080030a8   0x080030a8   0x00000064   Code   RO         1006    i.HAL_PCD_MspInit   usbd_conf.o
    0x0800310c   0x0800310c   0x0000002c   Code   RO         1007    i.HAL_PCD_ResetCallback  usbd_conf.o
    0x08003138   0x08003138   0x00000008   Code   RO         1008    i.HAL_PCD_ResumeCallback  usbd_conf.o
    0x08003140   0x08003140   0x00000008   Code   RO         1009    i.HAL_PCD_SOFCallback  usbd_conf.o
    0x08003148   0x08003148   0x00000026   Code   RO         1238    i.HAL_PCD_SetAddress  stm32h7xx_hal_pcd.o
    0x0800316e   0x0800316e   0x0000000e   Code   RO         1010    i.HAL_PCD_SetupStageCallback  usbd_conf.o
    0x0800317c   0x0800317c   0x00000042   Code   RO         1241    i.HAL_PCD_Start     stm32h7xx_hal_pcd.o
    0x080031be   0x080031be   0x00000002   PAD
    0x080031c0   0x080031c0   0x00000030   Code   RO         1011    i.HAL_PCD_SuspendCallback  usbd_conf.o
    0x080031f0   0x080031f0   0x00000054   Code   RO         2893    i.HAL_PWREx_ConfigSupply  stm32h7xx_hal_pwr_ex.o
    0x08003244   0x08003244   0x00000010   Code   RO         2910    i.HAL_PWREx_EnableUSBVoltageDetector  stm32h7xx_hal_pwr_ex.o
    0x08003254   0x08003254   0x00000024   Code   RO         1935    i.HAL_RCCEx_GetD3PCLK1Freq  stm32h7xx_hal_rcc_ex.o
    0x08003278   0x08003278   0x00000144   Code   RO         1937    i.HAL_RCCEx_GetPLL2ClockFreq  stm32h7xx_hal_rcc_ex.o
    0x080033bc   0x080033bc   0x00000144   Code   RO         1938    i.HAL_RCCEx_GetPLL3ClockFreq  stm32h7xx_hal_rcc_ex.o
    0x08003500   0x08003500   0x0000093a   Code   RO         1944    i.HAL_RCCEx_PeriphCLKConfig  stm32h7xx_hal_rcc_ex.o
    0x08003e3a   0x08003e3a   0x00000002   PAD
    0x08003e3c   0x08003e3c   0x0000025c   Code   RO         1820    i.HAL_RCC_ClockConfig  stm32h7xx_hal_rcc.o
    0x08004098   0x08004098   0x0000005c   Code   RO         1824    i.HAL_RCC_GetClockConfig  stm32h7xx_hal_rcc.o
    0x080040f4   0x080040f4   0x00000044   Code   RO         1825    i.HAL_RCC_GetHCLKFreq  stm32h7xx_hal_rcc.o
    0x08004138   0x08004138   0x00000024   Code   RO         1827    i.HAL_RCC_GetPCLK1Freq  stm32h7xx_hal_rcc.o
    0x0800415c   0x0800415c   0x00000024   Code   RO         1828    i.HAL_RCC_GetPCLK2Freq  stm32h7xx_hal_rcc.o
    0x08004180   0x08004180   0x00000138   Code   RO         1829    i.HAL_RCC_GetSysClockFreq  stm32h7xx_hal_rcc.o
    0x080042b8   0x080042b8   0x00000526   Code   RO         1832    i.HAL_RCC_OscConfig  stm32h7xx_hal_rcc.o
    0x080047de   0x080047de   0x00000002   PAD
    0x080047e0   0x080047e0   0x00000048   Code   RO         4238    i.HAL_RTC_GetDate   stm32h7xx_hal_rtc.o
    0x08004828   0x08004828   0x00000058   Code   RO         4240    i.HAL_RTC_GetTime   stm32h7xx_hal_rtc.o
    0x08004880   0x08004880   0x000000a0   Code   RO         4241    i.HAL_RTC_Init      stm32h7xx_hal_rtc.o
    0x08004920   0x08004920   0x00000044   Code   RO          553    i.HAL_RTC_MspInit   rtc.o
    0x08004964   0x08004964   0x000000a0   Code   RO         4247    i.HAL_RTC_SetDate   stm32h7xx_hal_rtc.o
    0x08004a04   0x08004a04   0x000000d0   Code   RO         4248    i.HAL_RTC_SetTime   stm32h7xx_hal_rtc.o
    0x08004ad4   0x08004ad4   0x00000038   Code   RO         4249    i.HAL_RTC_WaitForSynchro  stm32h7xx_hal_rtc.o
    0x08004b0c   0x08004b0c   0x00000002   Code   RO         5331    i.HAL_TIMEx_Break2Callback  stm32h7xx_hal_tim_ex.o
    0x08004b0e   0x08004b0e   0x00000002   Code   RO         5332    i.HAL_TIMEx_BreakCallback  stm32h7xx_hal_tim_ex.o
    0x08004b10   0x08004b10   0x00000002   Code   RO         5333    i.HAL_TIMEx_CommutCallback  stm32h7xx_hal_tim_ex.o
    0x08004b12   0x08004b12   0x00000062   Code   RO         4617    i.HAL_TIM_Base_Init  stm32h7xx_hal_tim.o
    0x08004b74   0x08004b74   0x00000002   Code   RO         4619    i.HAL_TIM_Base_MspInit  stm32h7xx_hal_tim.o
    0x08004b76   0x08004b76   0x00000002   PAD
    0x08004b78   0x08004b78   0x000000a0   Code   RO         4622    i.HAL_TIM_Base_Start_IT  stm32h7xx_hal_tim.o
    0x08004c18   0x08004c18   0x00000002   Code   RO         4651    i.HAL_TIM_IC_CaptureCallback  stm32h7xx_hal_tim.o
    0x08004c1a   0x08004c1a   0x00000148   Code   RO         4665    i.HAL_TIM_IRQHandler  stm32h7xx_hal_tim.o
    0x08004d62   0x08004d62   0x00000002   Code   RO         4668    i.HAL_TIM_OC_DelayElapsedCallback  stm32h7xx_hal_tim.o
    0x08004d64   0x08004d64   0x00000002   Code   RO         4695    i.HAL_TIM_PWM_PulseFinishedCallback  stm32h7xx_hal_tim.o
    0x08004d66   0x08004d66   0x00000002   PAD
    0x08004d68   0x08004d68   0x00000020   Code   RO           14    i.HAL_TIM_PeriodElapsedCallback  main.o
    0x08004d88   0x08004d88   0x00000002   Code   RO         4708    i.HAL_TIM_TriggerCallback  stm32h7xx_hal_tim.o
    0x08004d8a   0x08004d8a   0x00000040   Code   RO         6054    i.HAL_UARTEx_DisableFifoMode  stm32h7xx_hal_uart_ex.o
    0x08004dca   0x08004dca   0x00000002   Code   RO         5643    i.HAL_UARTEx_RxEventCallback  stm32h7xx_hal_uart.o
    0x08004dcc   0x08004dcc   0x00000002   Code   RO         6062    i.HAL_UARTEx_RxFifoFullCallback  stm32h7xx_hal_uart_ex.o
    0x08004dce   0x08004dce   0x0000004c   Code   RO         6063    i.HAL_UARTEx_SetRxFifoThreshold  stm32h7xx_hal_uart_ex.o
    0x08004e1a   0x08004e1a   0x0000004c   Code   RO         6064    i.HAL_UARTEx_SetTxFifoThreshold  stm32h7xx_hal_uart_ex.o
    0x08004e66   0x08004e66   0x00000002   Code   RO         6066    i.HAL_UARTEx_TxFifoEmptyCallback  stm32h7xx_hal_uart_ex.o
    0x08004e68   0x08004e68   0x00000002   Code   RO         6067    i.HAL_UARTEx_WakeupCallback  stm32h7xx_hal_uart_ex.o
    0x08004e6a   0x08004e6a   0x00000092   Code   RO         5655    i.HAL_UART_DMAStop  stm32h7xx_hal_uart.o
    0x08004efc   0x08004efc   0x00000002   Code   RO         5659    i.HAL_UART_ErrorCallback  stm32h7xx_hal_uart.o
    0x08004efe   0x08004efe   0x00000002   PAD
    0x08004f00   0x08004f00   0x00000388   Code   RO         5662    i.HAL_UART_IRQHandler  stm32h7xx_hal_uart.o
    0x08005288   0x08005288   0x0000006a   Code   RO         5663    i.HAL_UART_Init     stm32h7xx_hal_uart.o
    0x080052f2   0x080052f2   0x00000002   PAD
    0x080052f4   0x080052f4   0x000000cc   Code   RO          595    i.HAL_UART_MspInit  usart.o
    0x080053c0   0x080053c0   0x00000048   Code   RO         5667    i.HAL_UART_Receive_DMA  stm32h7xx_hal_uart.o
    0x08005408   0x08005408   0x00000002   Code   RO         5670    i.HAL_UART_RxCpltCallback  stm32h7xx_hal_uart.o
    0x0800540a   0x0800540a   0x00000002   Code   RO         5671    i.HAL_UART_RxHalfCpltCallback  stm32h7xx_hal_uart.o
    0x0800540c   0x0800540c   0x000000b0   Code   RO         5672    i.HAL_UART_Transmit  stm32h7xx_hal_uart.o
    0x080054bc   0x080054bc   0x00000002   Code   RO         5675    i.HAL_UART_TxCpltCallback  stm32h7xx_hal_uart.o
    0x080054be   0x080054be   0x00000002   Code   RO          639    i.HardFault_Handler  stm32h7xx_it.o
    0x080054c0   0x080054c0   0x00000038   Code   RO          842    i.IntToUnicode      usbd_desc.o
    0x080054f8   0x080054f8   0x0000002c   Code   RO          525    i.MX_DMA_Init       dma.o
    0x08005524   0x08005524   0x00000028   Code   RO          443    i.MX_FREERTOS_Init  freertos.o
    0x0800554c   0x0800554c   0x00000068   Code   RO          297    i.MX_GPIO_Init      gpio.o
    0x080055b4   0x080055b4   0x00000084   Code   RO          554    i.MX_RTC_Init       rtc.o
    0x08005638   0x08005638   0x00000068   Code   RO          596    i.MX_USART1_UART_Init  usart.o
    0x080056a0   0x080056a0   0x00000054   Code   RO          781    i.MX_USB_DEVICE_Init  usb_device.o
    0x080056f4   0x080056f4   0x00000002   Code   RO          640    i.MemManage_Handler  stm32h7xx_it.o
    0x080056f6   0x080056f6   0x00000002   Code   RO          641    i.NMI_Handler       stm32h7xx_it.o
    0x080056f8   0x080056f8   0x0000000c   Code   RO          642    i.OTG_HS_IRQHandler  stm32h7xx_it.o
    0x08005704   0x08005704   0x000000cc   Code   RO         1244    i.PCD_EP_OutXfrComplete_int  stm32h7xx_hal_pcd.o
    0x080057d0   0x080057d0   0x000000a2   Code   RO         1245    i.PCD_WriteEmptyTxFifo  stm32h7xx_hal_pcd.o
    0x08005872   0x08005872   0x00000002   PAD
    0x08005874   0x08005874   0x00000120   Code   RO         1947    i.RCCEx_PLL2_Config  stm32h7xx_hal_rcc_ex.o
    0x08005994   0x08005994   0x00000120   Code   RO         1948    i.RCCEx_PLL3_Config  stm32h7xx_hal_rcc_ex.o
    0x08005ab4   0x08005ab4   0x00000012   Code   RO         4250    i.RTC_Bcd2ToByte    stm32h7xx_hal_rtc.o
    0x08005ac6   0x08005ac6   0x00000018   Code   RO         4251    i.RTC_ByteToBcd2    stm32h7xx_hal_rtc.o
    0x08005ade   0x08005ade   0x00000002   PAD
    0x08005ae0   0x08005ae0   0x00000046   Code   RO         4252    i.RTC_EnterInitMode  stm32h7xx_hal_rtc.o
    0x08005b26   0x08005b26   0x00000002   PAD
    0x08005b28   0x08005b28   0x00000054   Code   RO         4253    i.RTC_ExitInitMode  stm32h7xx_hal_rtc.o
    0x08005b7c   0x08005b7c   0x0000000a   Code   RO         6372    i.SWAPBYTE          usbd_ctlreq.o
    0x08005b86   0x08005b86   0x0000000c   Code   RO          444    i.StartDefaultTask  freertos.o
    0x08005b92   0x08005b92   0x00000002   PAD
    0x08005b94   0x08005b94   0x0000002c   Code   RO         8015    i.SysTick_Handler   port.o
    0x08005bc0   0x08005bc0   0x0000009c   Code   RO           15    i.SystemClock_Config  main.o
    0x08005c5c   0x08005c5c   0x000000c0   Code   RO         6173    i.SystemInit        system_stm32h7xx.o
    0x08005d1c   0x08005d1c   0x0000000c   Code   RO          643    i.TIM17_IRQHandler  stm32h7xx_it.o
    0x08005d28   0x08005d28   0x000000e4   Code   RO         4710    i.TIM_Base_SetConfig  stm32h7xx_hal_tim.o
    0x08005e0c   0x08005e0c   0x00000044   Code   RO         6068    i.UARTEx_SetNbDataToProcess  stm32h7xx_hal_uart_ex.o
    0x08005e50   0x08005e50   0x000000c8   Code   RO         5677    i.UART_AdvFeatureConfig  stm32h7xx_hal_uart.o
    0x08005f18   0x08005f18   0x000000aa   Code   RO         5678    i.UART_CheckIdleState  stm32h7xx_hal_uart.o
    0x08005fc2   0x08005fc2   0x00000014   Code   RO         5679    i.UART_DMAAbortOnError  stm32h7xx_hal_uart.o
    0x08005fd6   0x08005fd6   0x0000004e   Code   RO         5680    i.UART_DMAError     stm32h7xx_hal_uart.o
    0x08006024   0x08006024   0x00000082   Code   RO         5681    i.UART_DMAReceiveCplt  stm32h7xx_hal_uart.o
    0x080060a6   0x080060a6   0x00000020   Code   RO         5683    i.UART_DMARxHalfCplt  stm32h7xx_hal_uart.o
    0x080060c6   0x080060c6   0x00000002   PAD
    0x080060c8   0x080060c8   0x00000054   Code   RO         5689    i.UART_EndRxTransfer  stm32h7xx_hal_uart.o
    0x0800611c   0x0800611c   0x0000002e   Code   RO         5690    i.UART_EndTxTransfer  stm32h7xx_hal_uart.o
    0x0800614a   0x0800614a   0x00000002   PAD
    0x0800614c   0x0800614c   0x000003dc   Code   RO         5695    i.UART_SetConfig    stm32h7xx_hal_uart.o
    0x08006528   0x08006528   0x000000a8   Code   RO         5696    i.UART_Start_Receive_DMA  stm32h7xx_hal_uart.o
    0x080065d0   0x080065d0   0x00000094   Code   RO         5702    i.UART_WaitOnFlagUntilTimeout  stm32h7xx_hal_uart.o
    0x08006664   0x08006664   0x00000014   Code   RO          644    i.USART1_IRQHandler  stm32h7xx_it.o
    0x08006678   0x08006678   0x00000076   Code   RO         6518    i.USBD_CDC_DataIn   usbd_cdc.o
    0x080066ee   0x080066ee   0x0000003c   Code   RO         6519    i.USBD_CDC_DataOut  usbd_cdc.o
    0x0800672a   0x0800672a   0x00000002   PAD
    0x0800672c   0x0800672c   0x00000090   Code   RO         6520    i.USBD_CDC_DeInit   usbd_cdc.o
    0x080067bc   0x080067bc   0x00000036   Code   RO         6521    i.USBD_CDC_EP0_RxReady  usbd_cdc.o
    0x080067f2   0x080067f2   0x00000002   PAD
    0x080067f4   0x080067f4   0x0000000c   Code   RO         6522    i.USBD_CDC_GetDeviceQualifierDescriptor  usbd_cdc.o
    0x08006800   0x08006800   0x00000040   Code   RO         6523    i.USBD_CDC_GetFSCfgDesc  usbd_cdc.o
    0x08006840   0x08006840   0x00000040   Code   RO         6524    i.USBD_CDC_GetHSCfgDesc  usbd_cdc.o
    0x08006880   0x08006880   0x00000040   Code   RO         6525    i.USBD_CDC_GetOtherSpeedCfgDesc  usbd_cdc.o
    0x080068c0   0x080068c0   0x0000011c   Code   RO         6526    i.USBD_CDC_Init     usbd_cdc.o
    0x080069dc   0x080069dc   0x00000038   Code   RO         6527    i.USBD_CDC_ReceivePacket  usbd_cdc.o
    0x08006a14   0x08006a14   0x00000016   Code   RO         6528    i.USBD_CDC_RegisterInterface  usbd_cdc.o
    0x08006a2a   0x08006a2a   0x0000001a   Code   RO         6529    i.USBD_CDC_SetRxBuffer  usbd_cdc.o
    0x08006a44   0x08006a44   0x0000001e   Code   RO         6530    i.USBD_CDC_SetTxBuffer  usbd_cdc.o
    0x08006a62   0x08006a62   0x000000ce   Code   RO         6531    i.USBD_CDC_Setup    usbd_cdc.o
    0x08006b30   0x08006b30   0x00000014   Code   RO         6209    i.USBD_ClrClassConfig  usbd_core.o
    0x08006b44   0x08006b44   0x00000004   Code   RO         6210    i.USBD_CoreFindEP   usbd_core.o
    0x08006b48   0x08006b48   0x00000004   Code   RO         6211    i.USBD_CoreFindIF   usbd_core.o
    0x08006b4c   0x08006b4c   0x00000010   Code   RO         6454    i.USBD_CtlContinueRx  usbd_ioreq.o
    0x08006b5c   0x08006b5c   0x00000010   Code   RO         6455    i.USBD_CtlContinueSendData  usbd_ioreq.o
    0x08006b6c   0x08006b6c   0x00000016   Code   RO         6373    i.USBD_CtlError     usbd_ctlreq.o
    0x08006b82   0x08006b82   0x0000001e   Code   RO         6456    i.USBD_CtlPrepareRx  usbd_ioreq.o
    0x08006ba0   0x08006ba0   0x00000016   Code   RO         6457    i.USBD_CtlReceiveStatus  usbd_ioreq.o
    0x08006bb6   0x08006bb6   0x0000001a   Code   RO         6458    i.USBD_CtlSendData  usbd_ioreq.o
    0x08006bd0   0x08006bd0   0x00000016   Code   RO         6459    i.USBD_CtlSendStatus  usbd_ioreq.o
    0x08006be6   0x08006be6   0x000000fa   Code   RO         6374    i.USBD_GetDescriptor  usbd_ctlreq.o
    0x08006ce0   0x08006ce0   0x0000003a   Code   RO         6213    i.USBD_GetEpDesc    usbd_core.o
    0x08006d1a   0x08006d1a   0x00000014   Code   RO         6375    i.USBD_GetLen       usbd_ctlreq.o
    0x08006d2e   0x08006d2e   0x0000000e   Code   RO         6214    i.USBD_GetNextDesc  usbd_core.o
    0x08006d3c   0x08006d3c   0x0000004e   Code   RO         6376    i.USBD_GetString    usbd_ctlreq.o
    0x08006d8a   0x08006d8a   0x00000018   Code   RO         1012    i.USBD_Get_USB_Status  usbd_conf.o
    0x08006da2   0x08006da2   0x00000002   PAD
    0x08006da4   0x08006da4   0x00000020   Code   RO          843    i.USBD_HS_ConfigStrDescriptor  usbd_desc.o
    0x08006dc4   0x08006dc4   0x0000000c   Code   RO          844    i.USBD_HS_DeviceDescriptor  usbd_desc.o
    0x08006dd0   0x08006dd0   0x00000024   Code   RO          845    i.USBD_HS_InterfaceStrDescriptor  usbd_desc.o
    0x08006df4   0x08006df4   0x0000000c   Code   RO          846    i.USBD_HS_LangIDStrDescriptor  usbd_desc.o
    0x08006e00   0x08006e00   0x00000028   Code   RO          847    i.USBD_HS_ManufacturerStrDescriptor  usbd_desc.o
    0x08006e28   0x08006e28   0x0000002c   Code   RO          848    i.USBD_HS_ProductStrDescriptor  usbd_desc.o
    0x08006e54   0x08006e54   0x00000028   Code   RO          849    i.USBD_HS_SerialStrDescriptor  usbd_desc.o
    0x08006e7c   0x08006e7c   0x00000026   Code   RO         6215    i.USBD_Init         usbd_core.o
    0x08006ea2   0x08006ea2   0x00000012   Code   RO         1013    i.USBD_LL_ClearStallEP  usbd_conf.o
    0x08006eb4   0x08006eb4   0x00000012   Code   RO         1014    i.USBD_LL_CloseEP   usbd_conf.o
    0x08006ec6   0x08006ec6   0x000000b8   Code   RO         6216    i.USBD_LL_DataInStage  usbd_core.o
    0x08006f7e   0x08006f7e   0x00000090   Code   RO         6217    i.USBD_LL_DataOutStage  usbd_core.o
    0x0800700e   0x0800700e   0x00000004   Code   RO         6218    i.USBD_LL_DevConnected  usbd_core.o
    0x08007012   0x08007012   0x00000020   Code   RO         6219    i.USBD_LL_DevDisconnected  usbd_core.o
    0x08007032   0x08007032   0x00000008   Code   RO         1018    i.USBD_LL_GetRxDataSize  usbd_conf.o
    0x0800703a   0x0800703a   0x00000002   PAD
    0x0800703c   0x0800703c   0x00000068   Code   RO         1019    i.USBD_LL_Init      usbd_conf.o
    0x080070a4   0x080070a4   0x0000001e   Code   RO         1020    i.USBD_LL_IsStallEP  usbd_conf.o
    0x080070c2   0x080070c2   0x00000028   Code   RO         6220    i.USBD_LL_IsoINIncomplete  usbd_core.o
    0x080070ea   0x080070ea   0x00000028   Code   RO         6221    i.USBD_LL_IsoOUTIncomplete  usbd_core.o
    0x08007112   0x08007112   0x00000018   Code   RO         1021    i.USBD_LL_OpenEP    usbd_conf.o
    0x0800712a   0x0800712a   0x00000012   Code   RO         1022    i.USBD_LL_PrepareReceive  usbd_conf.o
    0x0800713c   0x0800713c   0x0000005e   Code   RO         6222    i.USBD_LL_Reset     usbd_core.o
    0x0800719a   0x0800719a   0x00000014   Code   RO         6223    i.USBD_LL_Resume    usbd_core.o
    0x080071ae   0x080071ae   0x0000001a   Code   RO         6224    i.USBD_LL_SOF       usbd_core.o
    0x080071c8   0x080071c8   0x00000006   Code   RO         6225    i.USBD_LL_SetSpeed  usbd_core.o
    0x080071ce   0x080071ce   0x00000012   Code   RO         1023    i.USBD_LL_SetUSBAddress  usbd_conf.o
    0x080071e0   0x080071e0   0x00000060   Code   RO         6226    i.USBD_LL_SetupStage  usbd_core.o
    0x08007240   0x08007240   0x00000012   Code   RO         1024    i.USBD_LL_StallEP   usbd_conf.o
    0x08007252   0x08007252   0x00000012   Code   RO         1025    i.USBD_LL_Start     usbd_conf.o
    0x08007264   0x08007264   0x0000001a   Code   RO         6227    i.USBD_LL_Suspend   usbd_core.o
    0x0800727e   0x0800727e   0x00000012   Code   RO         1027    i.USBD_LL_Transmit  usbd_conf.o
    0x08007290   0x08007290   0x0000002a   Code   RO         6377    i.USBD_ParseSetupRequest  usbd_ctlreq.o
    0x080072ba   0x080072ba   0x0000003a   Code   RO         6228    i.USBD_RegisterClass  usbd_core.o
    0x080072f4   0x080072f4   0x00000014   Code   RO         6230    i.USBD_SetClassConfig  usbd_core.o
    0x08007308   0x08007308   0x000000bc   Code   RO         6378    i.USBD_SetConfig    usbd_ctlreq.o
    0x080073c4   0x080073c4   0x00000004   Code   RO         6231    i.USBD_Start        usbd_core.o
    0x080073c8   0x080073c8   0x0000012e   Code   RO         6379    i.USBD_StdDevReq    usbd_ctlreq.o
    0x080074f6   0x080074f6   0x00000164   Code   RO         6380    i.USBD_StdEPReq     usbd_ctlreq.o
    0x0800765a   0x0800765a   0x00000074   Code   RO         6381    i.USBD_StdItfReq    usbd_ctlreq.o
    0x080076ce   0x080076ce   0x00000002   Code   RO         1028    i.USBD_static_free  usbd_conf.o
    0x080076d0   0x080076d0   0x00000008   Code   RO         1029    i.USBD_static_malloc  usbd_conf.o
    0x080076d8   0x080076d8   0x00000080   Code   RO         1515    i.USB_ActivateEndpoint  stm32h7xx_ll_usb.o
    0x08007758   0x08007758   0x0000001c   Code   RO         1517    i.USB_ActivateSetup  stm32h7xx_ll_usb.o
    0x08007774   0x08007774   0x00000098   Code   RO         1519    i.USB_CoreInit      stm32h7xx_ll_usb.o
    0x0800780c   0x0800780c   0x0000003c   Code   RO         1520    i.USB_CoreReset     stm32h7xx_ll_usb.o
    0x08007848   0x08007848   0x000000cc   Code   RO         1523    i.USB_DeactivateEndpoint  stm32h7xx_ll_usb.o
    0x08007914   0x08007914   0x0000001c   Code   RO         1524    i.USB_DevConnect    stm32h7xx_ll_usb.o
    0x08007930   0x08007930   0x0000001c   Code   RO         1525    i.USB_DevDisconnect  stm32h7xx_ll_usb.o
    0x0800794c   0x0800794c   0x0000016c   Code   RO         1526    i.USB_DevInit       stm32h7xx_ll_usb.o
    0x08007ab8   0x08007ab8   0x0000000c   Code   RO         1527    i.USB_DisableGlobalInt  stm32h7xx_ll_usb.o
    0x08007ac4   0x08007ac4   0x00000058   Code   RO         1530    i.USB_EP0_OutStart  stm32h7xx_ll_usb.o
    0x08007b1c   0x08007b1c   0x00000058   Code   RO         1531    i.USB_EPClearStall  stm32h7xx_ll_usb.o
    0x08007b74   0x08007b74   0x00000058   Code   RO         1532    i.USB_EPSetStall    stm32h7xx_ll_usb.o
    0x08007bcc   0x08007bcc   0x00000238   Code   RO         1533    i.USB_EPStartXfer   stm32h7xx_ll_usb.o
    0x08007e04   0x08007e04   0x0000009e   Code   RO         1534    i.USB_EPStopXfer    stm32h7xx_ll_usb.o
    0x08007ea2   0x08007ea2   0x0000000c   Code   RO         1535    i.USB_EnableGlobalInt  stm32h7xx_ll_usb.o
    0x08007eae   0x08007eae   0x00000038   Code   RO         1536    i.USB_FlushRxFifo   stm32h7xx_ll_usb.o
    0x08007ee6   0x08007ee6   0x0000003c   Code   RO         1537    i.USB_FlushTxFifo   stm32h7xx_ll_usb.o
    0x08007f22   0x08007f22   0x0000001a   Code   RO         1539    i.USB_GetDevSpeed   stm32h7xx_ll_usb.o
    0x08007f3c   0x08007f3c   0x00000008   Code   RO         1541    i.USB_GetMode       stm32h7xx_ll_usb.o
    0x08007f44   0x08007f44   0x0000000e   Code   RO         1549    i.USB_ReadDevAllInEpInterrupt  stm32h7xx_ll_usb.o
    0x08007f52   0x08007f52   0x0000000e   Code   RO         1550    i.USB_ReadDevAllOutEpInterrupt  stm32h7xx_ll_usb.o
    0x08007f60   0x08007f60   0x00000024   Code   RO         1551    i.USB_ReadDevInEPInterrupt  stm32h7xx_ll_usb.o
    0x08007f84   0x08007f84   0x00000010   Code   RO         1552    i.USB_ReadDevOutEPInterrupt  stm32h7xx_ll_usb.o
    0x08007f94   0x08007f94   0x00000008   Code   RO         1553    i.USB_ReadInterrupts  stm32h7xx_ll_usb.o
    0x08007f9c   0x08007f9c   0x00000040   Code   RO         1554    i.USB_ReadPacket    stm32h7xx_ll_usb.o
    0x08007fdc   0x08007fdc   0x0000005e   Code   RO         1556    i.USB_SetCurrentMode  stm32h7xx_ll_usb.o
    0x0800803a   0x0800803a   0x00000022   Code   RO         1557    i.USB_SetDevAddress  stm32h7xx_ll_usb.o
    0x0800805c   0x0800805c   0x000000e8   Code   RO         1559    i.USB_SetTurnaroundTime  stm32h7xx_ll_usb.o
    0x08008144   0x08008144   0x00000028   Code   RO         1562    i.USB_WritePacket   stm32h7xx_ll_usb.o
    0x0800816c   0x0800816c   0x00000002   Code   RO          645    i.UsageFault_Handler  stm32h7xx_it.o
    0x0800816e   0x0800816e   0x00000002   PAD
    0x08008170   0x08008170   0x00000034   Code   RO         8915    i.__0snprintf       mc_w.l(printfa.o)
    0x080081a4   0x080081a4   0x00000028   Code   RO         8916    i.__0sprintf        mc_w.l(printfa.o)
    0x080081cc   0x080081cc   0x00000034   Code   RO         8919    i.__0vsnprintf      mc_w.l(printfa.o)
    0x08008200   0x08008200   0x00000022   Code   RO         3155    i.__NVIC_SetPriority  stm32h7xx_hal_cortex.o
    0x08008222   0x08008222   0x0000000e   Code   RO         8988    i.__scatterload_copy  mc_w.l(handlers.o)
    0x08008230   0x08008230   0x00000002   Code   RO         8989    i.__scatterload_null  mc_w.l(handlers.o)
    0x08008232   0x08008232   0x0000000e   Code   RO         8990    i.__scatterload_zeroinit  mc_w.l(handlers.o)
    0x08008240   0x08008240   0x00000184   Code   RO         8921    i._fp_digits        mc_w.l(printfa.o)
    0x080083c4   0x080083c4   0x000006b4   Code   RO         8922    i._printf_core      mc_w.l(printfa.o)
    0x08008a78   0x08008a78   0x00000024   Code   RO         8923    i._printf_post_padding  mc_w.l(printfa.o)
    0x08008a9c   0x08008a9c   0x0000002e   Code   RO         8924    i._printf_pre_padding  mc_w.l(printfa.o)
    0x08008aca   0x08008aca   0x00000016   Code   RO         8925    i._snputc           mc_w.l(printfa.o)
    0x08008ae0   0x08008ae0   0x0000000a   Code   RO         8926    i._sputc            mc_w.l(printfa.o)
    0x08008aea   0x08008aea   0x00000002   PAD
    0x08008aec   0x08008aec   0x0000002c   Code   RO         6628    i.cmd_init          cmd.o
    0x08008b18   0x08008b18   0x0000001a   Code   RO         8149    i.debug_init        system.o
    0x08008b32   0x08008b32   0x00000002   PAD
    0x08008b34   0x08008b34   0x00000074   Code   RO         7211    i.eTaskGetState     tasks.o
    0x08008ba8   0x08008ba8   0x000000f4   Code   RO         8376    i.elog_get_filter_tag_lvl  elog.o
    0x08008c9c   0x08008c9c   0x0000006c   Code   RO         8380    i.elog_init         elog.o
    0x08008d08   0x08008d08   0x000003a0   Code   RO         8381    i.elog_output       elog.o
    0x080090a8   0x080090a8   0x00000020   Code   RO         8382    i.elog_output_lock  elog.o
    0x080090c8   0x080090c8   0x0000002c   Code   RO         8383    i.elog_output_lock_enabled  elog.o
    0x080090f4   0x080090f4   0x00000020   Code   RO         8384    i.elog_output_unlock  elog.o
    0x08009114   0x08009114   0x00000008   Code   RO         8546    i.elog_port_get_p_info  elog_port.o
    0x0800911c   0x0800911c   0x00000020   Code   RO         8547    i.elog_port_get_t_info  elog_port.o
    0x0800913c   0x0800913c   0x00000058   Code   RO         8548    i.elog_port_get_time  elog_port.o
    0x08009194   0x08009194   0x00000018   Code   RO         8549    i.elog_port_init    elog_port.o
    0x080091ac   0x080091ac   0x00000010   Code   RO         8550    i.elog_port_output  elog_port.o
    0x080091bc   0x080091bc   0x00000018   Code   RO         8551    i.elog_port_output_lock  elog_port.o
    0x080091d4   0x080091d4   0x00000018   Code   RO         8552    i.elog_port_output_unlock  elog_port.o
    0x080091ec   0x080091ec   0x000000b4   Code   RO         8388    i.elog_set_filter_lvl  elog.o
    0x080092a0   0x080092a0   0x000000bc   Code   RO         8391    i.elog_set_fmt      elog.o
    0x0800935c   0x0800935c   0x0000000c   Code   RO         8393    i.elog_set_text_color_enabled  elog.o
    0x08009368   0x08009368   0x0000008c   Code   RO         8394    i.elog_start        elog.o
    0x080093f4   0x080093f4   0x000000f4   Code   RO         8631    i.elog_strcpy       elog_utils.o
    0x080094e8   0x080094e8   0x000000c0   Code   RO         8396    i.get_fmt_enabled   elog.o
    0x080095a8   0x080095a8   0x00000012   Code   RO         8397    i.get_fmt_used_and_enabled_ptr  elog.o
    0x080095ba   0x080095ba   0x00000012   Code   RO         8398    i.get_fmt_used_and_enabled_u32  elog.o
    0x080095cc   0x080095cc   0x00000042   Code   RO         8553    i.log_init          elog_port.o
    0x0800960e   0x0800960e   0x0000002a   Code   RO           16    i.main              main.o
    0x08009638   0x08009638   0x0000000e   Code   RO         7580    i.makeFreeRtosPriority  cmsis_os.o
    0x08009646   0x08009646   0x0000000e   Code   RO         7582    i.osDelay           cmsis_os.o
    0x08009654   0x08009654   0x0000000a   Code   RO         7585    i.osKernelStart     cmsis_os.o
    0x0800965e   0x0800965e   0x0000002e   Code   RO         7619    i.osThreadCreate    cmsis_os.o
    0x0800968c   0x0800968c   0x00000020   Code   RO         7212    i.pcTaskGetName     tasks.o
    0x080096ac   0x080096ac   0x00000070   Code   RO         7213    i.prvAddCurrentTaskToDelayedList  tasks.o
    0x0800971c   0x0800971c   0x000000d0   Code   RO         7214    i.prvAddNewTaskToReadyList  tasks.o
    0x080097ec   0x080097ec   0x00000026   Code   RO         6880    i.prvCopyDataFromQueue  queue.o
    0x08009812   0x08009812   0x0000006c   Code   RO         6881    i.prvCopyDataToQueue  queue.o
    0x0800987e   0x0800987e   0x00000014   Code   RO         7215    i.prvDeleteTCB      tasks.o
    0x08009892   0x08009892   0x00000002   PAD
    0x08009894   0x08009894   0x00000050   Code   RO         7947    i.prvHeapInit       heap_4.o
    0x080098e4   0x080098e4   0x0000002c   Code   RO         8177    i.prvHelpCommand    freertos_cli.o
    0x08009910   0x08009910   0x00000060   Code   RO         7216    i.prvIdleTask       tasks.o
    0x08009970   0x08009970   0x000000b0   Code   RO         7217    i.prvInitialiseNewTask  tasks.o
    0x08009a20   0x08009a20   0x0000004c   Code   RO         7948    i.prvInsertBlockIntoFreeList  heap_4.o
    0x08009a6c   0x08009a6c   0x0000001c   Code   RO         6882    i.prvIsQueueEmpty   queue.o
    0x08009a88   0x08009a88   0x0000005a   Code   RO         7218    i.prvListTasksWithinSingleList  tasks.o
    0x08009ae2   0x08009ae2   0x00000002   PAD
    0x08009ae4   0x08009ae4   0x00000098   Code   RO         8220    i.prvParameterEchoCommand  sample-cli-commands.o
    0x08009b7c   0x08009b7c   0x00000020   Code   RO         7219    i.prvResetNextTaskUnblockTime  tasks.o
    0x08009b9c   0x08009b9c   0x00000014   Code   RO         7220    i.prvTaskCheckFreeStackSpace  tasks.o
    0x08009bb0   0x08009bb0   0x00000028   Code   RO         8016    i.prvTaskExitError  port.o
    0x08009bd8   0x08009bd8   0x0000005c   Code   RO         8221    i.prvTaskStatsCommand  sample-cli-commands.o
    0x08009c34   0x08009c34   0x000000b4   Code   RO         8222    i.prvThreeParameterEchoCommand  sample-cli-commands.o
    0x08009ce8   0x08009ce8   0x00000110   Code   RO         8340    i.prvUARTCommandConsoleTask  uartcommandconsole.o
    0x08009df8   0x08009df8   0x0000006a   Code   RO         6883    i.prvUnlockQueue    queue.o
    0x08009e62   0x08009e62   0x00000002   PAD
    0x08009e64   0x08009e64   0x000000dc   Code   RO         7949    i.pvPortMalloc      heap_4.o
    0x08009f40   0x08009f40   0x00000018   Code   RO         7222    i.pvTaskIncrementMutexHeldCount  tasks.o
    0x08009f58   0x08009f58   0x00000030   Code   RO         8017    i.pxPortInitialiseStack  port.o
    0x08009f88   0x08009f88   0x000000b8   Code   RO         8094    i.start_task        global.o
    0x0800a040   0x0800a040   0x0000002c   Code   RO         8095    i.start_task_init   global.o
    0x0800a06c   0x0800a06c   0x000000ac   Code   RO         6629    i.system_reset      cmd.o
    0x0800a118   0x0800a118   0x00000036   Code   RO         6691    i.uart_dma_init     myusart.o
    0x0800a14e   0x0800a14e   0x00000002   PAD
    0x0800a150   0x0800a150   0x000000c0   Code   RO         6692    i.uart_idle_callback  myusart.o
    0x0800a210   0x0800a210   0x00000038   Code   RO         6693    i.uart_transmit     myusart.o
    0x0800a248   0x0800a248   0x00000026   Code   RO         6840    i.uxListRemove      list.o
    0x0800a26e   0x0800a26e   0x00000002   PAD
    0x0800a270   0x0800a270   0x000000ac   Code   RO         7227    i.uxTaskGetSystemState  tasks.o
    0x0800a31c   0x0800a31c   0x00000016   Code   RO         6841    i.vListInitialise   list.o
    0x0800a332   0x0800a332   0x00000006   Code   RO         6842    i.vListInitialiseItem  list.o
    0x0800a338   0x0800a338   0x00000030   Code   RO         6843    i.vListInsert       list.o
    0x0800a368   0x0800a368   0x00000018   Code   RO         6844    i.vListInsertEnd    list.o
    0x0800a380   0x0800a380   0x00000040   Code   RO         8019    i.vPortEnterCritical  port.o
    0x0800a3c0   0x0800a3c0   0x00000028   Code   RO         8020    i.vPortExitCritical  port.o
    0x0800a3e8   0x0800a3e8   0x00000064   Code   RO         7950    i.vPortFree         heap_4.o
    0x0800a44c   0x0800a44c   0x00000024   Code   RO         8021    i.vPortSetupTimerInterrupt  port.o
    0x0800a470   0x0800a470   0x00000054   Code   RO         8022    i.vPortValidateInterruptPriority  port.o
    0x0800a4c4   0x0800a4c4   0x00000020   Code   RO         8223    i.vRegisterSampleCLICommands  sample-cli-commands.o
    0x0800a4e4   0x0800a4e4   0x0000001c   Code   RO         8265    i.vSerialPutString  serial.o
    0x0800a500   0x0800a500   0x0000004c   Code   RO         7232    i.vTaskDelay        tasks.o
    0x0800a54c   0x0800a54c   0x00000074   Code   RO         7235    i.vTaskGetInfo      tasks.o
    0x0800a5c0   0x0800a5c0   0x00000010   Code   RO         7236    i.vTaskInternalSetTimeOutState  tasks.o
    0x0800a5d0   0x0800a5d0   0x000000c8   Code   RO         7237    i.vTaskList         tasks.o
    0x0800a698   0x0800a698   0x0000000c   Code   RO         7238    i.vTaskMissedYield  tasks.o
    0x0800a6a4   0x0800a6a4   0x00000030   Code   RO         7240    i.vTaskPlaceOnEventList  tasks.o
    0x0800a6d4   0x0800a6d4   0x000000a8   Code   RO         7242    i.vTaskPriorityDisinheritAfterTimeout  tasks.o
    0x0800a77c   0x0800a77c   0x00000068   Code   RO         7248    i.vTaskStartScheduler  tasks.o
    0x0800a7e4   0x0800a7e4   0x00000010   Code   RO         7250    i.vTaskSuspendAll   tasks.o
    0x0800a7f4   0x0800a7f4   0x0000005c   Code   RO         7251    i.vTaskSwitchContext  tasks.o
    0x0800a850   0x0800a850   0x00000044   Code   RO         8342    i.vUARTCommandConsoleStart  uartcommandconsole.o
    0x0800a894   0x0800a894   0x00000050   Code   RO         8266    i.vUARTInterruptHandler  serial.o
    0x0800a8e4   0x0800a8e4   0x000000f4   Code   RO         8023    i.xPortStartScheduler  port.o
    0x0800a9d8   0x0800a9d8   0x00000024   Code   RO         6893    i.xQueueCreateMutex  queue.o
    0x0800a9fc   0x0800a9fc   0x0000004c   Code   RO         6894    i.xQueueGenericCreate  queue.o
    0x0800aa48   0x0800aa48   0x00000094   Code   RO         6895    i.xQueueGenericReset  queue.o
    0x0800aadc   0x0800aadc   0x00000160   Code   RO         6896    i.xQueueGenericSend  queue.o
    0x0800ac3c   0x0800ac3c   0x000000be   Code   RO         6897    i.xQueueGenericSendFromISR  queue.o
    0x0800acfa   0x0800acfa   0x00000002   PAD
    0x0800acfc   0x0800acfc   0x0000013c   Code   RO         6903    i.xQueueReceive     queue.o
    0x0800ae38   0x0800ae38   0x0000017c   Code   RO         6905    i.xQueueSemaphoreTake  queue.o
    0x0800afb4   0x0800afb4   0x00000018   Code   RO         8267    i.xSerialGetChar    serial.o
    0x0800afcc   0x0800afcc   0x00000048   Code   RO         8268    i.xSerialPortInitMinimal  serial.o
    0x0800b014   0x0800b014   0x00000048   Code   RO         8269    i.xSerialPutChar    serial.o
    0x0800b05c   0x0800b05c   0x00000078   Code   RO         7253    i.xTaskCheckForTimeOut  tasks.o
    0x0800b0d4   0x0800b0d4   0x00000056   Code   RO         7254    i.xTaskCreate       tasks.o
    0x0800b12a   0x0800b12a   0x00000002   PAD
    0x0800b12c   0x0800b12c   0x0000000c   Code   RO         7257    i.xTaskGetCurrentTaskHandle  tasks.o
    0x0800b138   0x0800b138   0x0000001c   Code   RO         7258    i.xTaskGetSchedulerState  tasks.o
    0x0800b154   0x0800b154   0x0000000c   Code   RO         7259    i.xTaskGetTickCount  tasks.o
    0x0800b160   0x0800b160   0x000000cc   Code   RO         7261    i.xTaskIncrementTick  tasks.o
    0x0800b22c   0x0800b22c   0x000000a0   Code   RO         7264    i.xTaskPriorityDisinherit  tasks.o
    0x0800b2cc   0x0800b2cc   0x00000090   Code   RO         7265    i.xTaskPriorityInherit  tasks.o
    0x0800b35c   0x0800b35c   0x00000074   Code   RO         7266    i.xTaskRemoveFromEventList  tasks.o
    0x0800b3d0   0x0800b3d0   0x000000c4   Code   RO         7267    i.xTaskResumeAll    tasks.o
    0x0800b494   0x0800b494   0x00000014   Data   RO          445    .constdata          freertos.o
    0x0800b4a8   0x0800b4a8   0x00000008   Data   RO         2456    .constdata          stm32h7xx_hal_dma.o
    0x0800b4b0   0x0800b4b0   0x00000018   Data   RO         5703    .constdata          stm32h7xx_hal_uart.o
    0x0800b4c8   0x0800b4c8   0x00000010   Data   RO         6069    .constdata          stm32h7xx_hal_uart_ex.o
    0x0800b4d8   0x0800b4d8   0x00000010   Data   RO         6174    .constdata          system_stm32h7xx.o
    0x0800b4e8   0x0800b4e8   0x0000001d   Data   RO         6631    .constdata          cmd.o
    0x0800b505   0x0800b505   0x0000000b   Data   RO         8097    .constdata          global.o
    0x0800b510   0x0800b510   0x00000010   Data   RO         8179    .constdata          freertos_cli.o
    0x0800b520   0x0800b520   0x00000030   Data   RO         8224    .constdata          sample-cli-commands.o
    0x0800b550   0x0800b550   0x0000000c   Data   RO         8344    .constdata          uartcommandconsole.o
    0x0800b55c   0x0800b55c   0x000000e2   Data   RO         8400    .constdata          elog.o
    0x0800b63e   0x0800b63e   0x00000023   Data   RO         8632    .constdata          elog_utils.o
    0x0800b661   0x0800b661   0x00000003   PAD
    0x0800b664   0x0800b664   0x0000000c   Data   RO          446    .conststring        freertos.o
    0x0800b670   0x0800b670   0x0000001d   Data   RO         6632    .conststring        cmd.o
    0x0800b68d   0x0800b68d   0x00000003   PAD
    0x0800b690   0x0800b690   0x00000035   Data   RO         8180    .conststring        freertos_cli.o
    0x0800b6c5   0x0800b6c5   0x00000003   PAD
    0x0800b6c8   0x0800b6c8   0x000000a8   Data   RO         8181    .conststring        freertos_cli.o
    0x0800b770   0x0800b770   0x00000189   Data   RO         8225    .conststring        sample-cli-commands.o
    0x0800b8f9   0x0800b8f9   0x00000003   PAD
    0x0800b8fc   0x0800b8fc   0x0000008d   Data   RO         8345    .conststring        uartcommandconsole.o
    0x0800b989   0x0800b989   0x00000003   PAD
    0x0800b98c   0x0800b98c   0x00000047   Data   RO         8401    .conststring        elog.o
    0x0800b9d3   0x0800b9d3   0x00000001   PAD
    0x0800b9d4   0x0800b9d4   0x00000020   Data   RO         8986    Region$$Table       anon$$obj.o


    Execution Region RW_IRAM1 (Exec base: 0x20000000, Load base: 0x0800b9f4, Size: 0x00000000, Max: 0x00020000, ABSOLUTE)

    **** No section assigned to this execution region ****


    Execution Region RW_IRAM2 (Exec base: 0x24000000, Load base: 0x0800b9f4, Size: 0x0000ae90, Max: 0x00050000, ABSOLUTE, COMPRESSED[0x000000fc])

    Exec Addr    Load Addr    Size         Type   Attr      Idx    E Section Name        Object

    0x24000000   COMPRESSED   0x00000004   Data   RW          447    .data               freertos.o
    0x24000004   COMPRESSED   0x00000020   Data   RW          852    .data               usbd_desc.o
    0x24000024   COMPRESSED   0x0000003e   Data   RW          853    .data               usbd_desc.o
    0x24000062   COMPRESSED   0x00000002   PAD
    0x24000064   COMPRESSED   0x00000014   Data   RW          942    .data               usbd_cdc_if.o
    0x24000078   COMPRESSED   0x0000000c   Data   RW         3341    .data               stm32h7xx_hal.o
    0x24000084   COMPRESSED   0x00000008   Data   RW         6175    .data               system_stm32h7xx.o
    0x2400008c   COMPRESSED   0x00000001   Data   RW         6382    .data               usbd_ctlreq.o
    0x2400008d   COMPRESSED   0x00000003   PAD
    0x24000090   COMPRESSED   0x00000053   Data   RW         6533    .data               usbd_cdc.o
    0x240000e3   COMPRESSED   0x00000001   PAD
    0x240000e4   COMPRESSED   0x00000038   Data   RW         6534    .data               usbd_cdc.o
    0x2400011c   COMPRESSED   0x00000004   Data   RW         6633    .data               cmd.o
    0x24000120   COMPRESSED   0x0000003c   Data   RW         7270    .data               tasks.o
    0x2400015c   COMPRESSED   0x00000020   Data   RW         7956    .data               heap_4.o
    0x2400017c   COMPRESSED   0x0000000c   Data   RW         8024    .data               port.o
    0x24000188   COMPRESSED   0x0000000c   Data   RW         8099    .data               global.o
    0x24000194   COMPRESSED   0x00000014   Data   RW         8182    .data               freertos_cli.o
    0x240001a8   COMPRESSED   0x00000008   Data   RW         8226    .data               sample-cli-commands.o
    0x240001b0   COMPRESSED   0x00000008   Data   RW         8271    .data               serial.o
    0x240001b8   COMPRESSED   0x00000008   Data   RW         8346    .data               uartcommandconsole.o
    0x240001c0   COMPRESSED   0x00000034   Data   RW         8402    .data               elog.o
    0x240001f4   COMPRESSED   0x00000004   Data   RW         8556    .data               elog_port.o
    0x240001f8        -       0x00000024   Zero   RW          555    .bss                rtc.o
    0x2400021c        -       0x0000010c   Zero   RW          597    .bss                usart.o
    0x24000328        -       0x0000004c   Zero   RW          745    .bss                stm32h7xx_hal_timebase_tim.o
    0x24000374        -       0x000002dc   Zero   RW          782    .bss                usb_device.o
    0x24000650        -       0x00000200   Zero   RW          851    .bss                usbd_desc.o
    0x24000850        -       0x00001000   Zero   RW          941    .bss                usbd_cdc_if.o
    0x24001850        -       0x00000704   Zero   RW         1030    .bss                usbd_conf.o
    0x24001f54        -       0x000000c8   Zero   RW         6630    .bss                cmd.o
    0x2400201c        -       0x000000f0   Zero   RW         7269    .bss                tasks.o
    0x2400210c        -       0x00008000   Zero   RW         7955    .bss                heap_4.o
    0x2400a10c        -       0x00000014   Zero   RW         8096    .bss                global.o
    0x2400a120        -       0x00000400   Zero   RW         8178    .bss                freertos_cli.o
    0x2400a520        -       0x00000060   Zero   RW         8270    .bss                serial.o
    0x2400a580        -       0x00000064   Zero   RW         8343    .bss                uartcommandconsole.o
    0x2400a5e4        -       0x0000049c   Zero   RW         8399    .bss                elog.o
    0x2400aa80        -       0x00000010   Zero   RW         8555    .bss                elog_port.o
    0x2400aa90        -       0x00000400   Zero   RW            1    STACK               startup_stm32h723xx.o


==============================================================================

Image component sizes


      Code (inc. data)   RO Data    RW Data    ZI Data      Debug   Object Name

       216         80         58          4        200       5929   cmd.o
        84          0          0          0          0      12977   cmsis_os.o
        44          4          0          0          0        886   dma.o
      2136        742        297         52       1180      18029   elog.o
       282         70          0          4         16       5487   elog_port.o
       244         96         35          0          0       2689   elog_utils.o
         0          0          0          0          0      10656   event_groups.o
        52         10         32          4          0      22442   freertos.o
       410         28        237         20       1024       6292   freertos_cli.o
       228         96         11         12         20       4956   global.o
       104         10          0          0          0    1188068   gpio.o
       476         24          0         32      32768       7491   heap_4.o
       138          0          0          0          0       3638   list.o
       234         16          0          0          0    1108896   main.o
       302          8          0          0          0       3073   myusart.o
       790         84          0         12          0      11909   port.o
      1778         20          0          0          0      17348   queue.o
       200         18          0          0         36       1827   rtc.o
       456        106        441          8          0       5241   sample-cli-commands.o
       276         46          0          8         96       5075   serial.o
        36          8        716          0       1024        828   startup_stm32h723xx.o
       156         32          0         12          0      22942   stm32h7xx_hal.o
       196         22          0          0          0      39401   stm32h7xx_hal_cortex.o
      5984        242          8          0          0      12557   stm32h7xx_hal_dma.o
       540         44          0          0          0       1640   stm32h7xx_hal_gpio.o
        36          4          0          0          0        938   stm32h7xx_hal_msp.o
      2626         16          0          0          0      13732   stm32h7xx_hal_pcd.o
       120          6          0          0          0       3271   stm32h7xx_hal_pcd_ex.o
       100         10          0          0          0       1350   stm32h7xx_hal_pwr_ex.o
      2466        110          0          0          0       7797   stm32h7xx_hal_rcc.o
      3622        112          0          0          0       7769   stm32h7xx_hal_rcc_ex.o
       940         38          0          0          0       8393   stm32h7xx_hal_rtc.o
       824         82          0          0          0       7644   stm32h7xx_hal_tim.o
         6          0          0          0          0       2332   stm32h7xx_hal_tim_ex.o
       132         22          0          0         76       1564   stm32h7xx_hal_timebase_tim.o
      3478        166         24          0          0      37547   stm32h7xx_hal_uart.o
       290          6         16          0          0       5482   stm32h7xx_hal_uart_ex.o
        68         22          0          0          0       4654   stm32h7xx_it.o
      2708        118          0          0          0      23220   stm32h7xx_ll_usb.o
         0          0          0          0          0        384   stream_buffer.o
        26          0          0          0          0        501   system.o
       192         34         16          8          0       1474   system_stm32h7xx.o
      3024        238          0         60        240      33769   tasks.o
       340         28        153          8        100       2131   uartcommandconsole.o
       308         32          0          0        268       2017   usart.o
        84         18          0          0        732       8491   usb_device.o
      1204         36          0        139          0      13695   usbd_cdc.o
        72         16          0         20       4096       3458   usbd_cdc_if.o
       618         24          0          0       1796      16728   usbd_conf.o
       932          0          0          0          0      15451   usbd_core.o
      1384         22          0          1          0      15572   usbd_ctlreq.o
       272        100          0         94        512       6357   usbd_desc.o
       132          0          0          0          0       4624   usbd_ioreq.o

    ----------------------------------------------------------------------
     41430       3066       2092        504      44184    2770622   Object Totals
         0          0         32          0          0          0   (incl. Generated)
        64          0         16          6          0          0   (incl. Padding)

    ----------------------------------------------------------------------

      Code (inc. data)   RO Data    RW Data    ZI Data      Debug   Library Member Name

        86          0          0          0          0          0   __dczerorl2.o
         0          0          0          0          0          0   entry.o
         0          0          0          0          0          0   entry10a.o
         0          0          0          0          0          0   entry11a.o
         4          0          0          0          0          0   entry12b.o
         8          4          0          0          0          0   entry2.o
         4          0          0          0          0          0   entry5.o
         0          0          0          0          0          0   entry7b.o
         0          0          0          0          0          0   entry8b.o
         8          4          0          0          0          0   entry9a.o
        30          0          0          0          0          0   handlers.o
        36          8          0          0          0         68   init.o
         0          0          0          0          0          0   iusefp.o
        30          0          0          0          0         68   llshl.o
        36          0          0          0          0         68   llsshr.o
        32          0          0          0          0         68   llushr.o
        36          0          0          0          0         68   memcpya.o
        36          0          0          0          0        108   memseta.o
      2362         96          0          0          0        768   printfa.o
        18          0          0          0          0         68   strcpy.o
        14          0          0          0          0         68   strlen.o
        40          0          0          0          0         76   strncat.o
        30          0          0          0          0         80   strncmp.o
        24          0          0          0          0         76   strncpy.o
        36          0          0          0          0         80   strstr.o
        44          0          0          0          0         80   uidiv.o
        98          0          0          0          0         92   uldiv.o
        48          0          0          0          0         68   cdrcmple.o
       334          0          0          0          0        148   dadd.o
       222          0          0          0          0        100   ddiv.o
       186          0          0          0          0        176   depilogue.o
        48          0          0          0          0         68   dfixul.o
       228          0          0          0          0         96   dmul.o

    ----------------------------------------------------------------------
      4082        112          0          0          0       2492   Library Totals
         4          0          0          0          0          0   (incl. Padding)

    ----------------------------------------------------------------------

      Code (inc. data)   RO Data    RW Data    ZI Data      Debug   Library Name

      3012        112          0          0          0       1836   mc_w.l
      1066          0          0          0          0        656   mf_w.l

    ----------------------------------------------------------------------
      4082        112          0          0          0       2492   Library Totals

    ----------------------------------------------------------------------

==============================================================================


      Code (inc. data)   RO Data    RW Data    ZI Data      Debug   

     45512       3178       2092        504      44184    2736946   Grand Totals
     45512       3178       2092        252      44184    2736946   ELF Image Totals (compressed)
     45512       3178       2092        252          0          0   ROM Totals

==============================================================================

    Total RO  Size (Code + RO Data)                47604 (  46.49kB)
    Total RW  Size (RW Data + ZI Data)             44688 (  43.64kB)
    Total ROM Size (Code + RO Data + RW Data)      47856 (  46.73kB)

==============================================================================

