<html>
<body>
<pre>
<h1>µVision Build Log</h1>
<h2>Tool Versions:</h2>
IDE-Version: ¦ÌVision V5.39.0.0
Copyright (C) 2023 ARM Ltd and ARM Germany GmbH. All rights reserved.
License Information: 1111 4806094, HP Inc., LIC=MGXG8-3YG74-8YTVV-PVQHZ-7CGLL-BFJCC
 
Tool Versions:
Toolchain:       MDK-ARM Professional  Version: 5.39.0.0
Toolchain Path:  D:\keil5\ARM\ARMCC\Bin
C Compiler:      Armcc.exe V5.06 update 7 (build 960)
Assembler:       Armasm.exe V5.06 update 7 (build 960)
Linker/Locator:  ArmLink.exe V5.06 update 7 (build 960)
Library Manager: ArmAr.exe V5.06 update 7 (build 960)
Hex Converter:   FromElf.exe V5.06 update 7 (build 960)
CPU DLL:         SARMCM3.DLL V5.39.0.0
Dialog DLL:      DCM.DLL V1.17.5.0
Target DLL:      STLink\ST-LINKIII-KEIL_SWO.dll V3.2.0.0
Dialog DLL:      TCM.DLL V1.56.4.0
 
<h2>Project:</h2>
D:\warehouse\CmdDebug\CmdDebug\MDK-ARM\CmdDebug.uvprojx
Project File Date:  10/17/2024

<h2>Output:</h2>
*** Using Compiler 'V5.06 update 7 (build 960)', folder: 'D:\keil5\ARM\ARMCC\Bin'
Build target 'CmdDebug'
compiling system.c...
compiling usart_task.c...
..\UserCode\Usart\usart_task.c(59): warning:  #177-D: function "usart_rx_task"  was declared but never referenced
  static void usart_rx_task(void *pvparameters)
..\UserCode\Usart\usart_task.c(72): warning:  #177-D: function "usart_tx_task"  was declared but never referenced
  static void usart_tx_task(void *pvparameters)
..\UserCode\Usart\usart_task.c: 2 warnings, 0 errors
compiling cmd_task.c...
compiling stm32h7xx_it.c...
compiling cmd.c...
compiling myusart.c...
linking...
Program Size: Code=40624 RO-data=844 RW-data=416 ZI-data=42264  
FromELF: creating hex file...
"CmdDebug\CmdDebug.axf" - 0 Error(s), 2 Warning(s).

<h2>Software Packages used:</h2>

Package Vendor: ARM
                http://www.keil.com/pack/ARM.CMSIS.5.9.0.pack
                ARM::CMSIS@5.9.0
                CMSIS (Common Microcontroller Software Interface Standard)
   * Component: CORE Version: 5.6.0

Package Vendor: Keil
                https://www.keil.com/pack/Keil.STM32H7xx_DFP.3.1.1.pack
                Keil::STM32H7xx_DFP@3.1.1
                STMicroelectronics STM32H7 Series Device Support and Examples

<h2>Collection of Component include folders:</h2>
  ./RTE/_CmdDebug
  D:/keil5/MDK_Pack/ARM/CMSIS/5.9.0/CMSIS/Core/Include
  D:/keil5/MDK_Pack/Keil/STM32H7xx_DFP/3.1.1/Drivers/CMSIS/Device/ST/STM32H7xx/Include

<h2>Collection of Component Files used:</h2>

   * Component: ARM::CMSIS:CORE@5.6.0
      Include file:  CMSIS/Core/Include/tz_context.h
Build Time Elapsed:  00:00:07
</pre>
</body>
</html>
